******************************************************************************
                  TI ARM Linker PC v20.2.0                     
******************************************************************************
>> Linked Mon May  4 13:27:37 2020

OUTPUT FILE NAME:   <finally_works_go_timing.out>
ENTRY POINT SYMBOL: "_c_int00_noargs"  address: 00003dcd


MEMORY CONFIGURATION

         name            origin    length      used     unused   attr    fill
----------------------  --------  ---------  --------  --------  ----  --------
  MAIN                  00000000   00040000  00004420  0003bbe0  R  X
  INFO                  00200000   00004000  00000000  00004000  R  X
  SRAM_CODE             01000000   00010000  00000384  0000fc7c  RW X
  SRAM_DATA             20000000   00010000  00000384  0000fc7c  RW  


SEGMENT ALLOCATION MAP

run origin  load origin   length   init length attrs members
----------  ----------- ---------- ----------- ----- -------
00000000    00000000    00004428   00004428    r-x
  00000000    00000000    000000e4   000000e4    r-- .intvecs
  000000e4    000000e4    00004038   00004038    r-x .text
  00004120    00004120    00000274   00000274    r-- .const
  00004398    00004398    00000090   00000090    r-- .cinit
20000000    20000000    00000184   00000000    rw-
  20000000    20000000    00000124   00000000    rw- .data
  20000124    20000124    00000060   00000000    rw- .bss
2000fe00    2000fe00    00000200   00000000    rw-
  2000fe00    2000fe00    00000200   00000000    rw- .stack


SECTION ALLOCATION MAP

 output                                  attributes/
section   page    origin      length       input sections
--------  ----  ----------  ----------   ----------------
.intvecs   0    00000000    000000e4     
                  00000000    000000e4     startup_msp432p401r_ccs.obj (.intvecs:retain)

.text      0    000000e4    00004038     
                  000000e4    00000a4e     rtsv7M4_T_le_v4SPD16_eabi.lib : _printfi.c.obj (.text:__TI_printfi)
                  00000b32    00000002     startup_msp432p401r_ccs.obj (.text:Default_Handler)
                  00000b34    000006f4     i2c_master_rw_repeated_start-master_code.obj (.text:T32_INT1_IRQHandler)
                  00001228    00000460     rtsv7M4_T_le_v4SPD16_eabi.lib : strtod.c.obj (.text:strtod)
                  00001688    00000370     i2c_master_rw_repeated_start-master_code.obj (.text:main)
                  000019f8    00000270     rtsv7M4_T_le_v4SPD16_eabi.lib : _printfi.c.obj (.text:_pconv_a)
                  00001c68    000001f0     i2c_master_rw_repeated_start-master_code.obj (.text:EUSCIA0_IRQHandler)
                  00001e58    000001d0     rtsv7M4_T_le_v4SPD16_eabi.lib : _printfi.c.obj (.text:_pconv_g)
                  00002028    000001b6                                   : fd_add_t2.asm.obj (.text)
                  000021de    00000002                                   : div0.asm.obj (.text)
                  000021e0    00000168     i2c_master_rw_repeated_start-master_code.obj (.text:EUSCIB0_IRQHandler)
                  00002348    00000168     i2c_master_rw_repeated_start-master_code.obj (.text:EUSCIB1_IRQHandler)
                  000024b0    00000168     printf.obj (.text:printfuart)
                  00002618    00000158     rtsv7M4_T_le_v4SPD16_eabi.lib : e_sqrt.c.obj (.text:sqrt)
                  00002770    00000150     calculations.obj (.text:getFlowRate)
                  000028c0    0000013c     rtsv7M4_T_le_v4SPD16_eabi.lib : _printfi.c.obj (.text:_pconv_e)
                  000029fc    00000136                                   : fd_div_t2.asm.obj (.text)
                  00002b32    00000002     --HOLE-- [fill = 0]
                  00002b34    00000124                                   : _printfi.c.obj (.text:fcvt)
                  00002c58    0000011c     msp432p4xx_driverlib.lib : uart.o (.text:UART_initModule)
                  00002d74    00000110     rtsv7M4_T_le_v4SPD16_eabi.lib : s_scalbn.c.obj (.text:scalbn)
                  00002e84    00000104     msp432p4xx_driverlib.lib : cs.o (.text:_CSComputeCLKFrequency)
                  00002f88    000000fc     rtsv7M4_T_le_v4SPD16_eabi.lib : fd_mul_t2.asm.obj (.text)
                  00003084    000000f8     msp432p4xx_driverlib.lib : cs.o (.text:CS_getDCOFrequency)
                  0000317c    000000f0     calculations.obj (.text:getVolume)
                  0000326c    000000bc     system_msp432p401r.obj (.text:SystemInit)
                  00003328    000000b1     rtsv7M4_T_le_v4SPD16_eabi.lib : _printfi.c.obj (.text:_ltostr)
                  000033d9    00000001     --HOLE-- [fill = 0]
                  000033da    0000009c                                   : memcpy_t2.asm.obj (.text)
                  00003476    00000096                                   : ull_div_t2.asm.obj (.text)
                  0000350c    00000094     msp432p4xx_driverlib.lib : sysctl_a.o (.text:SysCtl_A_getTLVInfo)
                  000035a0    00000086     rtsv7M4_T_le_v4SPD16_eabi.lib : fd_cmp_t2.asm.obj (.text:__aeabi_cdcmple)
                  00003626    00000086                                   : fd_cmp_t2.asm.obj (.text:__aeabi_cdrcmple)
                  000036ac    0000007c     msp432p4xx_driverlib.lib : cs.o (.text:_CSGetDOCFrequency)
                  00003728    0000007c     printf.obj (.text:xtoa)
                  000037a4    0000007a     rtsv7M4_T_le_v4SPD16_eabi.lib : memset_t2.asm.obj (.text)
                  0000381e    00000072     calculations.obj (.text:filter)
                  00003890    0000006e     rtsv7M4_T_le_v4SPD16_eabi.lib : _printfi.c.obj (.text:_mcpy)
                  000038fe    0000006e                                   : fd_tos_t2.asm.obj (.text)
                  0000396c    00000068                                   : copy_decompress_lzss.c.obj (.text:decompress:lzss:__TI_decompress_lzss)
                  000039d4    00000064     msp432p4xx_driverlib.lib : uart.o (.text:UART_getEnabledInterruptStatus)
                  00003a38    00000064     rtsv7M4_T_le_v4SPD16_eabi.lib : s_frexp.c.obj (.text:frexp)
                  00003a9c    00000062     msp432p4xx_driverlib.lib : cs.o (.text:_CSGetDividerValue)
                  00003afe    00000056     rtsv7M4_T_le_v4SPD16_eabi.lib : _printfi.c.obj (.text:_pconv_f)
                  00003b54    00000054                                   : _ltoa.c.obj (.text:__TI_ltoa)
                  00003ba8    00000052                                   : _printfi.c.obj (.text:_ecpy)
                  00003bfa    00000002     --HOLE-- [fill = 0]
                  00003bfc    0000004c                                   : atoi.c.obj (.text:atoi)
                  00003c48    00000048                                   : fd_toi_t2.asm.obj (.text)
                  00003c90    00000044                                   : autoinit.c.obj (.text:__TI_auto_init_nobinit_nopinit:__TI_auto_init_nobinit_nopinit)
                  00003cd4    00000040     msp432p4xx_driverlib.lib : gpio.o (.text:GPIO_setAsOutputPin)
                  00003d14    00000040     rtsv7M4_T_le_v4SPD16_eabi.lib : strtok.c.obj (.text:strtok)
                  00003d54    0000003e                                   : _printfi.c.obj (.text:_fcpy)
                  00003d92    00000038                                   : fs_tod_t2.asm.obj (.text)
                  00003dca    00000002     --HOLE-- [fill = 0]
                  00003dcc    00000034                                   : boot_cortex_m.c.obj (.text:_c_int00_noargs:_c_int00_noargs)
                  00003e00    00000030     msp432p4xx_driverlib.lib : cs.o (.text:CS_clearInterruptFlag)
                  00003e30    00000030     i2c_master_rw_repeated_start-master_code.obj (.text:vspfunc)
                  00003e60    0000002e     rtsv7M4_T_le_v4SPD16_eabi.lib : i_tofd_t2.asm.obj (.text)
                  00003e8e    0000002a                                   : strspn.c.obj (.text:strspn)
                  00003eb8    00000028     msp432p4xx_driverlib.lib : cs.o (.text:CS_getACLK)
                  00003ee0    00000028                              : cs.o (.text:CS_getMCLK)
                  00003f08    00000028                              : cs.o (.text:CS_getSMCLK)
                  00003f30    00000028                              : gpio.o (.text:GPIO_toggleOutputOnPin)
                  00003f58    00000028     rtsv7M4_T_le_v4SPD16_eabi.lib : vsprintf.c.obj (.text:vsprintf)
                  00003f80    00000024     printf.obj (.text:puts)
                  00003fa4    00000024     rtsv7M4_T_le_v4SPD16_eabi.lib : strcspn.c.obj (.text:strcspn)
                  00003fc8    00000020     printf.obj (.text:sendByte)
                  00003fe8    0000001c     rtsv7M4_T_le_v4SPD16_eabi.lib : copy_zero_init.c.obj (.text:decompress:ZI:__TI_zero_init_nomemset:__TI_zero_init_nomemset)
                  00004004    0000001c                                   : memccpy.c.obj (.text:memccpy)
                  00004020    0000001c     printf.obj (.text:puth)
                  0000403c    0000001a     rtsv7M4_T_le_v4SPD16_eabi.lib : s_copysign.c.obj (.text:copysign)
                  00004056    00000018     msp432p4xx_driverlib.lib : uart.o (.text:UART_getInterruptStatus)
                  0000406e    00000018     rtsv7M4_T_le_v4SPD16_eabi.lib : vsprintf.c.obj (.text:_outs)
                  00004086    00000016                                   : strchr.c.obj (.text:strchr)
                  0000409c    00000014                                   : strlen.c.obj (.text:strlen)
                  000040b0    00000012                                   : atof.c.obj (.text:atof)
                  000040c2    00000012     printf.obj (.text:putc)
                  000040d4    00000012     rtsv7M4_T_le_v4SPD16_eabi.lib : wcslen.c.obj (.text:wcslen)
                  000040e6    0000000e                                   : copy_decompress_none.c.obj (.text:decompress:none:__TI_decompress_none)
                  000040f4    0000000c     startup_msp432p401r_ccs.obj (.text:Reset_Handler)
                  00004100    0000000a     rtsv7M4_T_le_v4SPD16_eabi.lib : vsprintf.c.obj (.text:_outc)
                  0000410a    00000002     --HOLE-- [fill = 0]
                  0000410c    00000008                                   : errno.c.obj (.text:__aeabi_errno_addr)
                  00004114    00000004                                   : pre_init.c.obj (.text:_system_pre_init)
                  00004118    00000004                                   : exit.c.obj (.text:abort:abort)

.const     0    00004120    00000274     
                  00004120    00000101     rtsv7M4_T_le_v4SPD16_eabi.lib : ctype.c.obj (.const:.string:_ctypes_)
                  00004221    00000007     --HOLE-- [fill = 0]
                  00004228    000000c8                                   : strtod.c.obj (.const:$O1$$)
                  000042f0    00000030     msp432p4xx_driverlib.lib : gpio.o (.const:GPIO_PORT_TO_BASE)
                  00004320    00000028     printf.obj (.const:dv)
                  00004348    00000028     i2c_master_rw_repeated_start-master_code.obj (.const:uartConfig)
                  00004370    00000014     i2c_master_rw_repeated_start-master_code.obj (.const:i2cConfig)
                  00004384    00000010     printf.obj (.const:.string:hex$1)

.cinit     0    00004398    00000090     
                  00004398    00000067     (.cinit..data.load) [load image, compression = lzss]
                  000043ff    00000001     --HOLE-- [fill = 0]
                  00004400    0000000c     (__TI_handler_table)
                  0000440c    00000004     --HOLE-- [fill = 0]
                  00004410    00000008     (.cinit..bss.load) [load image, compression = zero_init]
                  00004418    00000010     (__TI_cinit_table)

.init_array 
*          0    00000000    00000000     UNINITIALIZED

.binit     0    00000000    00000000     

.data      0    20000000    00000124     UNINITIALIZED
                  20000000    000000ed     i2c_master_rw_repeated_start-master_code.obj (.data)
                  200000ed    00000003     --HOLE--
                  200000f0    00000018     i2c_master_rw_repeated_start-master_code.obj (.data:pwmConfig)
                  20000108    0000000c     i2c_master_rw_repeated_start-master_code.obj (.data:B)
                  20000114    00000008     i2c_master_rw_repeated_start-master_code.obj (.data:A)
                  2000011c    00000004     rtsv7M4_T_le_v4SPD16_eabi.lib : errno.c.obj (.data)
                  20000120    00000004                                   : strtok.c.obj (.data)

.bss       0    20000124    00000060     UNINITIALIZED
                  20000124    00000034     (.common:init_const)
                  20000158    00000009     i2c_master_rw_repeated_start-master_code.obj (.bss)
                  20000161    00000008     i2c_master_rw_repeated_start-master_code.obj (.bss:RXData0)
                  20000169    00000008     i2c_master_rw_repeated_start-master_code.obj (.bss:RXData1)
                  20000171    00000003     --HOLE--
                  20000174    00000008     msp432p4xx_driverlib.lib : cs.o (.bss)
                  2000017c    00000008     i2c_master_rw_repeated_start-master_code.obj (.bss:s)

.stack     0    2000fe00    00000200     UNINITIALIZED
                  2000fe00    00000004     rtsv7M4_T_le_v4SPD16_eabi.lib : boot_cortex_m.c.obj (.stack)
                  2000fe04    000001fc     --HOLE--

__llvm_prf_cnts 
*          0    20000000    00000000     UNINITIALIZED

MODULE SUMMARY

       Module                                         code    ro data   rw data
       ------                                         ----    -------   -------
    .\
       i2c_master_rw_repeated_start-master_code.obj   3924    60        732    
       calculations.obj                               690     0         0      
       printf.obj                                     598     56        0      
       system_msp432p401r.obj                         188     0         0      
    +--+----------------------------------------------+-------+---------+---------+
       Total:                                         5400    116       732    
                                                                               
    .\ccs\
       startup_msp432p401r_ccs.obj                    14      228       0      
    +--+----------------------------------------------+-------+---------+---------+
       Total:                                         14      228       0      
                                                                               
    C:/ti/simplelink_msp432p4_sdk_3_40_01_02/source/ti/devices/msp432p4xx/driverlib/ccs/msp432p4xx_driverlib.lib
       cs.o                                           898     0         16     
       uart.o                                         408     0         0      
       gpio.o                                         104     48        0      
       sysctl_a.o                                     148     0         0      
    +--+----------------------------------------------+-------+---------+---------+
       Total:                                         1558    48        16     
                                                                               
    C:\ti\ccs1000\ccs\tools\compiler\ti-cgt-arm_20.2.0.LTS\lib\rtsv7M4_T_le_v4SPD16_eabi.lib
       _printfi.c.obj                                 4851    0         0      
       strtod.c.obj                                   1120    200       0      
       fd_add_t2.asm.obj                              438     0         0      
       e_sqrt.c.obj                                   344     0         0      
       fd_div_t2.asm.obj                              310     0         0      
       s_scalbn.c.obj                                 272     0         0      
       fd_cmp_t2.asm.obj                              268     0         0      
       ctype.c.obj                                    0       257       0      
       fd_mul_t2.asm.obj                              252     0         0      
       memcpy_t2.asm.obj                              156     0         0      
       ull_div_t2.asm.obj                             150     0         0      
       memset_t2.asm.obj                              122     0         0      
       fd_tos_t2.asm.obj                              110     0         0      
       copy_decompress_lzss.c.obj                     104     0         0      
       s_frexp.c.obj                                  100     0         0      
       _ltoa.c.obj                                    84      0         0      
       atoi.c.obj                                     76      0         0      
       vsprintf.c.obj                                 74      0         0      
       fd_toi_t2.asm.obj                              72      0         0      
       strtok.c.obj                                   64      0         8      
       autoinit.c.obj                                 68      0         0      
       fs_tod_t2.asm.obj                              56      0         0      
       boot_cortex_m.c.obj                            52      0         0      
       i_tofd_t2.asm.obj                              46      0         0      
       strspn.c.obj                                   42      0         0      
       strcspn.c.obj                                  36      0         0      
       copy_zero_init.c.obj                           28      0         0      
       memccpy.c.obj                                  28      0         0      
       s_copysign.c.obj                               26      0         0      
       strchr.c.obj                                   22      0         0      
       strlen.c.obj                                   20      0         0      
       atof.c.obj                                     18      0         0      
       wcslen.c.obj                                   18      0         0      
       errno.c.obj                                    8       0         8      
       copy_decompress_none.c.obj                     14      0         0      
       exit.c.obj                                     4       0         0      
       pre_init.c.obj                                 4       0         0      
       div0.asm.obj                                   2       0         0      
    +--+----------------------------------------------+-------+---------+---------+
       Total:                                         9459    457       16     
                                                                               
       Stack:                                         0       0         1024   
       Linker Generated:                              0       139       0      
    +--+----------------------------------------------+-------+---------+---------+
       Grand Total:                                   16431   988       1788   


LINKER GENERATED COPY TABLES

__TI_cinit_table @ 00004418 records: 2, size/record: 8, table size: 16
	.data: load addr=00004398, load size=00000067 bytes, run addr=20000000, run size=00000124 bytes, compression=lzss
	.bss: load addr=00004410, load size=00000008 bytes, run addr=20000124, run size=00000060 bytes, compression=zero_init


LINKER GENERATED HANDLER TABLE

__TI_handler_table @ 00004400 records: 3, size/record: 4, table size: 12
	index: 0, handler: __TI_decompress_lzss
	index: 1, handler: __TI_decompress_none
	index: 2, handler: __TI_zero_init


GLOBAL SYMBOLS: SORTED ALPHABETICALLY BY Name 

address   name                          
-------   ----                          
20000114  A                             
00000b33  ADC14_IRQHandler              
00000b33  AES256_IRQHandler             
20000108  B                             
00000b33  BusFault_Handler              
00004119  C$$EXIT                       
00000b33  COMP_E0_IRQHandler            
00000b33  COMP_E1_IRQHandler            
00000b33  CS_IRQHandler                 
00003e01  CS_clearInterruptFlag         
00003eb9  CS_getACLK                    
00003085  CS_getDCOFrequency            
00003ee1  CS_getMCLK                    
00003f09  CS_getSMCLK                   
00000b33  DMA_ERR_IRQHandler            
00000b33  DMA_INT0_IRQHandler           
00000b33  DMA_INT1_IRQHandler           
00000b33  DMA_INT2_IRQHandler           
00000b33  DMA_INT3_IRQHandler           
00000b33  DebugMon_Handler              
00000b33  Default_Handler               
00001c69  EUSCIA0_IRQHandler            
00001c69  EUSCIA0_IRQHandler            
00000b33  EUSCIA1_IRQHandler            
00000b33  EUSCIA2_IRQHandler            
00000b33  EUSCIA3_IRQHandler            
000021e1  EUSCIB0_IRQHandler            
000021e1  EUSCIB0_IRQHandler            
00002349  EUSCIB1_IRQHandler            
00002349  EUSCIB1_IRQHandler            
00000b33  EUSCIB2_IRQHandler            
00000b33  EUSCIB3_IRQHandler            
00000b33  FLCTL_IRQHandler              
00000b33  FPU_IRQHandler                
00003cd5  GPIO_setAsOutputPin           
00003f31  GPIO_toggleOutputOnPin        
00000b33  HardFault_Handler             
00000b33  MemManage_Handler             
00000b33  NMI_Handler                   
200000c8  N_CO2_ex                      
200000b8  N_CO2_in                      
200000d0  N_H2O_ex                      
200000c0  N_H2O_in                      
200000c4  N_N2_ex                       
200000b4  N_N2_in                       
200000cc  N_O2_ex                       
200000bc  N_O2_in                       
00000b33  PCM_IRQHandler                
00000b33  PORT1_IRQHandler              
00000b33  PORT2_IRQHandler              
00000b33  PORT3_IRQHandler              
00000b33  PORT4_IRQHandler              
00000b33  PORT5_IRQHandler              
00000b33  PORT6_IRQHandler              
00000b33  PSS_IRQHandler                
00000b33  PendSV_Handler                
00000b33  RTC_C_IRQHandler              
000040f5  Reset_Handler                 
00000b33  SVC_Handler                   
0000350d  SysCtl_A_getTLVInfo           
00000b33  SysTick_Handler               
0000326d  SystemInit                    
00000b35  T32_INT1_IRQHandler           
00000b35  T32_INT1_IRQHandler           
00000b33  T32_INT2_IRQHandler           
00000b33  T32_INTC_IRQHandler           
00000b33  TA0_0_IRQHandler              
00000b33  TA0_N_IRQHandler              
00000b33  TA1_0_IRQHandler              
00000b33  TA1_N_IRQHandler              
00000b33  TA2_0_IRQHandler              
00000b33  TA2_N_IRQHandler              
00000b33  TA3_0_IRQHandler              
00000b33  TA3_N_IRQHandler              
200000d8  T_air_ex                      
200000d4  T_air_in                      
000039d5  UART_getEnabledInterruptStatus
00004057  UART_getInterruptStatus       
00002c59  UART_initModule               
00000b33  UsageFault_Handler            
4000480c  WDTCTL_SYM                    
00000b33  WDT_A_IRQHandler              
20010000  __STACK_END                   
00000200  __STACK_SIZE                  
00004418  __TI_CINIT_Base               
00004428  __TI_CINIT_Limit              
00004400  __TI_Handler_Table_Base       
0000440c  __TI_Handler_Table_Limit      
00003c91  __TI_auto_init_nobinit_nopinit
0000396d  __TI_decompress_lzss          
000040e7  __TI_decompress_none          
00003b55  __TI_ltoa                     
ffffffff  __TI_pprof_out_hndl           
000000e5  __TI_printfi                  
ffffffff  __TI_prof_data_size           
ffffffff  __TI_prof_data_start          
00000000  __TI_static_base__            
00003fe9  __TI_zero_init_nomemset       
000035a1  __aeabi_cdcmpeq               
000035a1  __aeabi_cdcmple               
00003627  __aeabi_cdrcmple              
000038ff  __aeabi_d2f                   
00003c49  __aeabi_d2iz                  
00002033  __aeabi_dadd                  
000029fd  __aeabi_ddiv                  
00002f89  __aeabi_dmul                  
00002029  __aeabi_dsub                  
0000410d  __aeabi_errno_addr            
00003d93  __aeabi_f2d                   
00003e61  __aeabi_i2d                   
000021df  __aeabi_idiv0                 
000021df  __aeabi_ldiv0                 
000037a5  __aeabi_memclr                
000037a5  __aeabi_memclr4               
000037a5  __aeabi_memclr8               
000033db  __aeabi_memcpy                
000033db  __aeabi_memcpy4               
000033db  __aeabi_memcpy8               
000037a7  __aeabi_memset                
000037a7  __aeabi_memset4               
000037a7  __aeabi_memset8               
00003477  __aeabi_uldivmod              
ffffffff  __binit__                     
ffffffff  __c_args__                    
UNDEFED   __mpu_init                    
2000fe00  __stack                       
20000000  __start___llvm_prf_cnts       
20000000  __stop___llvm_prf_cnts        
00003dcd  _c_int00_noargs               
00004120  _ctypes_                      
UNDEFED   _system_post_cinit            
00004115  _system_pre_init              
00004119  abort                         
000040b1  atof                          
00003bfd  atoi                          
ffffffff  binit                         
0000403d  copysign                      
0000403d  copysignl                     
20000064  dataCount                     
200000e8  dir_c                         
2000011c  errno                         
20000005  exportFlowFlag                
0000381f  filter                        
200000b0  frequency                     
00003a39  frexp                         
00003a39  frexpl                        
00002771  getFlowRate                   
0000317d  getVolume                     
200000e0  i                             
00004370  i2cConfig                     
20000000  init                          
20000074  init_CO2                      
20000078  init_H2O                      
20000088  init_HighVolume               
20000084  init_LowVolume                
2000007c  init_N2                       
20000070  init_O2                       
2000008c  init_PercentDiff              
20000080  init_T_air_ex                 
20000124  init_const                    
2000006c  init_counter                  
00000000  interruptVectors              
00002d75  ldexp                         
00002d75  ldexpl                        
00001689  main                          
00004005  memccpy                       
000033db  memcpy                        
000037ad  memset                        
20000091  newExp                        
2000009c  offset                        
20000098  p_maxEx                       
20000094  p_maxIn                       
20000020  p_pastEx                      
20000028  p_pastEx_f                    
2000001c  p_pastIn                      
20000024  p_pastIn_f                    
20000030  p_pastpastEx                  
20000038  p_pastpastEx_f                
2000002c  p_pastpastIn                  
20000034  p_pastpastIn_f                
20000090  pastState                     
000024b1  printfuart                    
000040c3  putc                          
00003f81  puts                          
200000f0  pwmConfig                     
20000060  q_v_ex                        
2000005c  q_v_in                        
20000068  readdata                      
00002d75  scalbn                        
00002d75  scalbnl                       
00003fc9  sendByte                      
00002619  sqrt                          
00002619  sqrtl                         
20000001  start_alarm                   
200000ec  state                         
00004087  strchr                        
00003fa5  strcspn                       
0000409d  strlen                        
00003e8f  strspn                        
00001229  strtod                        
00003d15  strtok                        
00001229  strtold                       
00004348  uartConfig                    
200000a4  volFlowrateExhale             
200000a0  volFlowrateInhale             
200000ac  volumeExhale                  
200000a8  volumeInhale                  
00003e31  vspfunc                       
00003f59  vsprintf                      
000040d5  wcslen                        


GLOBAL SYMBOLS: SORTED BY Symbol Address 

address   name                          
-------   ----                          
00000000  __TI_static_base__            
00000000  interruptVectors              
000000e5  __TI_printfi                  
00000200  __STACK_SIZE                  
00000b33  ADC14_IRQHandler              
00000b33  AES256_IRQHandler             
00000b33  BusFault_Handler              
00000b33  COMP_E0_IRQHandler            
00000b33  COMP_E1_IRQHandler            
00000b33  CS_IRQHandler                 
00000b33  DMA_ERR_IRQHandler            
00000b33  DMA_INT0_IRQHandler           
00000b33  DMA_INT1_IRQHandler           
00000b33  DMA_INT2_IRQHandler           
00000b33  DMA_INT3_IRQHandler           
00000b33  DebugMon_Handler              
00000b33  Default_Handler               
00000b33  EUSCIA1_IRQHandler            
00000b33  EUSCIA2_IRQHandler            
00000b33  EUSCIA3_IRQHandler            
00000b33  EUSCIB2_IRQHandler            
00000b33  EUSCIB3_IRQHandler            
00000b33  FLCTL_IRQHandler              
00000b33  FPU_IRQHandler                
00000b33  HardFault_Handler             
00000b33  MemManage_Handler             
00000b33  NMI_Handler                   
00000b33  PCM_IRQHandler                
00000b33  PORT1_IRQHandler              
00000b33  PORT2_IRQHandler              
00000b33  PORT3_IRQHandler              
00000b33  PORT4_IRQHandler              
00000b33  PORT5_IRQHandler              
00000b33  PORT6_IRQHandler              
00000b33  PSS_IRQHandler                
00000b33  PendSV_Handler                
00000b33  RTC_C_IRQHandler              
00000b33  SVC_Handler                   
00000b33  SysTick_Handler               
00000b33  T32_INT2_IRQHandler           
00000b33  T32_INTC_IRQHandler           
00000b33  TA0_0_IRQHandler              
00000b33  TA0_N_IRQHandler              
00000b33  TA1_0_IRQHandler              
00000b33  TA1_N_IRQHandler              
00000b33  TA2_0_IRQHandler              
00000b33  TA2_N_IRQHandler              
00000b33  TA3_0_IRQHandler              
00000b33  TA3_N_IRQHandler              
00000b33  UsageFault_Handler            
00000b33  WDT_A_IRQHandler              
00000b35  T32_INT1_IRQHandler           
00000b35  T32_INT1_IRQHandler           
00001229  strtod                        
00001229  strtold                       
00001689  main                          
00001c69  EUSCIA0_IRQHandler            
00001c69  EUSCIA0_IRQHandler            
00002029  __aeabi_dsub                  
00002033  __aeabi_dadd                  
000021df  __aeabi_idiv0                 
000021df  __aeabi_ldiv0                 
000021e1  EUSCIB0_IRQHandler            
000021e1  EUSCIB0_IRQHandler            
00002349  EUSCIB1_IRQHandler            
00002349  EUSCIB1_IRQHandler            
000024b1  printfuart                    
00002619  sqrt                          
00002619  sqrtl                         
00002771  getFlowRate                   
000029fd  __aeabi_ddiv                  
00002c59  UART_initModule               
00002d75  ldexp                         
00002d75  ldexpl                        
00002d75  scalbn                        
00002d75  scalbnl                       
00002f89  __aeabi_dmul                  
00003085  CS_getDCOFrequency            
0000317d  getVolume                     
0000326d  SystemInit                    
000033db  __aeabi_memcpy                
000033db  __aeabi_memcpy4               
000033db  __aeabi_memcpy8               
000033db  memcpy                        
00003477  __aeabi_uldivmod              
0000350d  SysCtl_A_getTLVInfo           
000035a1  __aeabi_cdcmpeq               
000035a1  __aeabi_cdcmple               
00003627  __aeabi_cdrcmple              
000037a5  __aeabi_memclr                
000037a5  __aeabi_memclr4               
000037a5  __aeabi_memclr8               
000037a7  __aeabi_memset                
000037a7  __aeabi_memset4               
000037a7  __aeabi_memset8               
000037ad  memset                        
0000381f  filter                        
000038ff  __aeabi_d2f                   
0000396d  __TI_decompress_lzss          
000039d5  UART_getEnabledInterruptStatus
00003a39  frexp                         
00003a39  frexpl                        
00003b55  __TI_ltoa                     
00003bfd  atoi                          
00003c49  __aeabi_d2iz                  
00003c91  __TI_auto_init_nobinit_nopinit
00003cd5  GPIO_setAsOutputPin           
00003d15  strtok                        
00003d93  __aeabi_f2d                   
00003dcd  _c_int00_noargs               
00003e01  CS_clearInterruptFlag         
00003e31  vspfunc                       
00003e61  __aeabi_i2d                   
00003e8f  strspn                        
00003eb9  CS_getACLK                    
00003ee1  CS_getMCLK                    
00003f09  CS_getSMCLK                   
00003f31  GPIO_toggleOutputOnPin        
00003f59  vsprintf                      
00003f81  puts                          
00003fa5  strcspn                       
00003fc9  sendByte                      
00003fe9  __TI_zero_init_nomemset       
00004005  memccpy                       
0000403d  copysign                      
0000403d  copysignl                     
00004057  UART_getInterruptStatus       
00004087  strchr                        
0000409d  strlen                        
000040b1  atof                          
000040c3  putc                          
000040d5  wcslen                        
000040e7  __TI_decompress_none          
000040f5  Reset_Handler                 
0000410d  __aeabi_errno_addr            
00004115  _system_pre_init              
00004119  C$$EXIT                       
00004119  abort                         
00004120  _ctypes_                      
00004348  uartConfig                    
00004370  i2cConfig                     
00004400  __TI_Handler_Table_Base       
0000440c  __TI_Handler_Table_Limit      
00004418  __TI_CINIT_Base               
00004428  __TI_CINIT_Limit              
20000000  __start___llvm_prf_cnts       
20000000  __stop___llvm_prf_cnts        
20000000  init                          
20000001  start_alarm                   
20000005  exportFlowFlag                
2000001c  p_pastIn                      
20000020  p_pastEx                      
20000024  p_pastIn_f                    
20000028  p_pastEx_f                    
2000002c  p_pastpastIn                  
20000030  p_pastpastEx                  
20000034  p_pastpastIn_f                
20000038  p_pastpastEx_f                
2000005c  q_v_in                        
20000060  q_v_ex                        
20000064  dataCount                     
20000068  readdata                      
2000006c  init_counter                  
20000070  init_O2                       
20000074  init_CO2                      
20000078  init_H2O                      
2000007c  init_N2                       
20000080  init_T_air_ex                 
20000084  init_LowVolume                
20000088  init_HighVolume               
2000008c  init_PercentDiff              
20000090  pastState                     
20000091  newExp                        
20000094  p_maxIn                       
20000098  p_maxEx                       
2000009c  offset                        
200000a0  volFlowrateInhale             
200000a4  volFlowrateExhale             
200000a8  volumeInhale                  
200000ac  volumeExhale                  
200000b0  frequency                     
200000b4  N_N2_in                       
200000b8  N_CO2_in                      
200000bc  N_O2_in                       
200000c0  N_H2O_in                      
200000c4  N_N2_ex                       
200000c8  N_CO2_ex                      
200000cc  N_O2_ex                       
200000d0  N_H2O_ex                      
200000d4  T_air_in                      
200000d8  T_air_ex                      
200000e0  i                             
200000e8  dir_c                         
200000ec  state                         
200000f0  pwmConfig                     
20000108  B                             
20000114  A                             
2000011c  errno                         
20000124  init_const                    
2000fe00  __stack                       
20010000  __STACK_END                   
4000480c  WDTCTL_SYM                    
ffffffff  __TI_pprof_out_hndl           
ffffffff  __TI_prof_data_size           
ffffffff  __TI_prof_data_start          
ffffffff  __binit__                     
ffffffff  __c_args__                    
ffffffff  binit                         
UNDEFED   __mpu_init                    
UNDEFED   _system_post_cinit            

[210 symbols]
