******************************************************************************
                  TI ARM Linker PC v20.2.0                     
******************************************************************************
>> Linked Thu May  7 14:19:03 2020

OUTPUT FILE NAME:   <finally_works_go_2timer_interrupts.out>
ENTRY POINT SYMBOL: "_c_int00_noargs"  address: 00004005


MEMORY CONFIGURATION

         name            origin    length      used     unused   attr    fill
----------------------  --------  ---------  --------  --------  ----  --------
  MAIN                  00000000   00040000  000046a8  0003b958  R  X
  INFO                  00200000   00004000  00000000  00004000  R  X
  SRAM_CODE             01000000   00010000  0000038c  0000fc74  RW X
  SRAM_DATA             20000000   00010000  0000038c  0000fc74  RW  


SEGMENT ALLOCATION MAP

run origin  load origin   length   init length attrs members
----------  ----------- ---------- ----------- ----- -------
00000000    00000000    000046b0   000046b0    r-x
  00000000    00000000    000000e4   000000e4    r-- .intvecs
  000000e4    000000e4    00004270   00004270    r-x .text
  00004358    00004358    000002c4   000002c4    r-- .const
  00004620    00004620    00000090   00000090    r-- .cinit
20000000    20000000    0000018c   00000000    rw-
  20000000    20000000    0000012c   00000000    rw- .data
  2000012c    2000012c    00000060   00000000    rw- .bss
2000fe00    2000fe00    00000200   00000000    rw-
  2000fe00    2000fe00    00000200   00000000    rw- .stack


SECTION ALLOCATION MAP

 output                                  attributes/
section   page    origin      length       input sections
--------  ----  ----------  ----------   ----------------
.intvecs   0    00000000    000000e4     
                  00000000    000000e4     startup_msp432p401r_ccs.obj (.intvecs:retain)

.text      0    000000e4    00004270     
                  000000e4    00000a4e     rtsv7M4_T_le_v4SPD16_eabi.lib : _printfi.c.obj (.text:__TI_printfi)
                  00000b32    00000002     startup_msp432p401r_ccs.obj (.text:Default_Handler)
                  00000b34    000006c8     i2c_master_rw_repeated_start-master_code.obj (.text:T32_INT1_IRQHandler)
                  000011fc    00000460     rtsv7M4_T_le_v4SPD16_eabi.lib : strtod.c.obj (.text:strtod)
                  0000165c    000002d4     i2c_master_rw_repeated_start-master_code.obj (.text:T32_INT2_IRQHandler)
                  00001930    000002a4     i2c_master_rw_repeated_start-master_code.obj (.text:main)
                  00001bd4    00000270     rtsv7M4_T_le_v4SPD16_eabi.lib : _printfi.c.obj (.text:_pconv_a)
                  00001e44    000001f0     i2c_master_rw_repeated_start-master_code.obj (.text:EUSCIA0_IRQHandler)
                  00002034    000001d0     rtsv7M4_T_le_v4SPD16_eabi.lib : _printfi.c.obj (.text:_pconv_g)
                  00002204    000001b6                                   : fd_add_t2.asm.obj (.text)
                  000023ba    00000002                                   : div0.asm.obj (.text)
                  000023bc    00000198     i2c_master_rw_repeated_start-master_code.obj (.text:EUSCIB0_IRQHandler)
                  00002554    00000198     i2c_master_rw_repeated_start-master_code.obj (.text:EUSCIB1_IRQHandler)
                  000026ec    00000168     printf.obj (.text:printfuart)
                  00002854    00000164     calculations.obj (.text:getFlowRate)
                  000029b8    00000158     rtsv7M4_T_le_v4SPD16_eabi.lib : e_sqrt.c.obj (.text:sqrt)
                  00002b10    0000013c                                   : _printfi.c.obj (.text:_pconv_e)
                  00002c4c    00000136                                   : fd_div_t2.asm.obj (.text)
                  00002d82    00000002     --HOLE-- [fill = 0]
                  00002d84    00000124                                   : _printfi.c.obj (.text:fcvt)
                  00002ea8    0000011c     msp432p4xx_driverlib.lib : uart.o (.text:UART_initModule)
                  00002fc4    00000110     rtsv7M4_T_le_v4SPD16_eabi.lib : s_scalbn.c.obj (.text:scalbn)
                  000030d4    00000104     msp432p4xx_driverlib.lib : cs.o (.text:_CSComputeCLKFrequency)
                  000031d8    000000fc     rtsv7M4_T_le_v4SPD16_eabi.lib : fd_mul_t2.asm.obj (.text)
                  000032d4    000000f8     msp432p4xx_driverlib.lib : cs.o (.text:CS_getDCOFrequency)
                  000033cc    000000bc     system_msp432p401r.obj (.text:SystemInit)
                  00003488    000000b1     rtsv7M4_T_le_v4SPD16_eabi.lib : _printfi.c.obj (.text:_ltostr)
                  00003539    00000001     --HOLE-- [fill = 0]
                  0000353a    0000009c                                   : memcpy_t2.asm.obj (.text)
                  000035d6    00000096                                   : ull_div_t2.asm.obj (.text)
                  0000366c    00000094     msp432p4xx_driverlib.lib : sysctl_a.o (.text:SysCtl_A_getTLVInfo)
                  00003700    00000086     rtsv7M4_T_le_v4SPD16_eabi.lib : fd_cmp_t2.asm.obj (.text:__aeabi_cdcmple)
                  00003786    00000086                                   : fd_cmp_t2.asm.obj (.text:__aeabi_cdrcmple)
                  0000380c    00000084     calculations.obj (.text:getVolume)
                  00003890    0000007c     msp432p4xx_driverlib.lib : cs.o (.text:_CSGetDOCFrequency)
                  0000390c    0000007c     printf.obj (.text:xtoa)
                  00003988    0000007a     rtsv7M4_T_le_v4SPD16_eabi.lib : memset_t2.asm.obj (.text)
                  00003a02    00000072     calculations.obj (.text:filter)
                  00003a74    0000006e     rtsv7M4_T_le_v4SPD16_eabi.lib : _printfi.c.obj (.text:_mcpy)
                  00003ae2    0000006e                                   : fd_tos_t2.asm.obj (.text)
                  00003b50    00000068                                   : copy_decompress_lzss.c.obj (.text:decompress:lzss:__TI_decompress_lzss)
                  00003bb8    00000064     msp432p4xx_driverlib.lib : uart.o (.text:UART_getEnabledInterruptStatus)
                  00003c1c    00000064     rtsv7M4_T_le_v4SPD16_eabi.lib : s_frexp.c.obj (.text:frexp)
                  00003c80    00000062     msp432p4xx_driverlib.lib : cs.o (.text:_CSGetDividerValue)
                  00003ce2    00000056     rtsv7M4_T_le_v4SPD16_eabi.lib : _printfi.c.obj (.text:_pconv_f)
                  00003d38    00000054     msp432p4xx_driverlib.lib : interrupt.o (.text:Interrupt_setPriority)
                  00003d8c    00000054     rtsv7M4_T_le_v4SPD16_eabi.lib : _ltoa.c.obj (.text:__TI_ltoa)
                  00003de0    00000052                                   : _printfi.c.obj (.text:_ecpy)
                  00003e32    00000002     --HOLE-- [fill = 0]
                  00003e34    0000004c                                   : atoi.c.obj (.text:atoi)
                  00003e80    00000048                                   : fd_toi_t2.asm.obj (.text)
                  00003ec8    00000044                                   : autoinit.c.obj (.text:__TI_auto_init_nobinit_nopinit:__TI_auto_init_nobinit_nopinit)
                  00003f0c    00000040     msp432p4xx_driverlib.lib : gpio.o (.text:GPIO_setAsOutputPin)
                  00003f4c    00000040     rtsv7M4_T_le_v4SPD16_eabi.lib : strtok.c.obj (.text:strtok)
                  00003f8c    0000003e                                   : _printfi.c.obj (.text:_fcpy)
                  00003fca    00000038                                   : fs_tod_t2.asm.obj (.text)
                  00004002    00000002     --HOLE-- [fill = 0]
                  00004004    00000034                                   : boot_cortex_m.c.obj (.text:_c_int00_noargs:_c_int00_noargs)
                  00004038    00000030     msp432p4xx_driverlib.lib : cs.o (.text:CS_clearInterruptFlag)
                  00004068    00000030     i2c_master_rw_repeated_start-master_code.obj (.text:vspfunc)
                  00004098    0000002e     rtsv7M4_T_le_v4SPD16_eabi.lib : i_tofd_t2.asm.obj (.text)
                  000040c6    0000002a                                   : strspn.c.obj (.text:strspn)
                  000040f0    00000028     msp432p4xx_driverlib.lib : cs.o (.text:CS_getACLK)
                  00004118    00000028                              : cs.o (.text:CS_getMCLK)
                  00004140    00000028                              : cs.o (.text:CS_getSMCLK)
                  00004168    00000028                              : gpio.o (.text:GPIO_toggleOutputOnPin)
                  00004190    00000028     rtsv7M4_T_le_v4SPD16_eabi.lib : vsprintf.c.obj (.text:vsprintf)
                  000041b8    00000024     printf.obj (.text:puts)
                  000041dc    00000024     rtsv7M4_T_le_v4SPD16_eabi.lib : strcspn.c.obj (.text:strcspn)
                  00004200    00000020     printf.obj (.text:sendByte)
                  00004220    0000001c     rtsv7M4_T_le_v4SPD16_eabi.lib : copy_zero_init.c.obj (.text:decompress:ZI:__TI_zero_init_nomemset:__TI_zero_init_nomemset)
                  0000423c    0000001c                                   : memccpy.c.obj (.text:memccpy)
                  00004258    0000001c     printf.obj (.text:puth)
                  00004274    0000001a     rtsv7M4_T_le_v4SPD16_eabi.lib : s_copysign.c.obj (.text:copysign)
                  0000428e    00000018     msp432p4xx_driverlib.lib : uart.o (.text:UART_getInterruptStatus)
                  000042a6    00000018     rtsv7M4_T_le_v4SPD16_eabi.lib : vsprintf.c.obj (.text:_outs)
                  000042be    00000016                                   : strchr.c.obj (.text:strchr)
                  000042d4    00000014                                   : strlen.c.obj (.text:strlen)
                  000042e8    00000012                                   : atof.c.obj (.text:atof)
                  000042fa    00000012     printf.obj (.text:putc)
                  0000430c    00000012     rtsv7M4_T_le_v4SPD16_eabi.lib : wcslen.c.obj (.text:wcslen)
                  0000431e    0000000e                                   : copy_decompress_none.c.obj (.text:decompress:none:__TI_decompress_none)
                  0000432c    0000000c     startup_msp432p401r_ccs.obj (.text:Reset_Handler)
                  00004338    0000000a     rtsv7M4_T_le_v4SPD16_eabi.lib : vsprintf.c.obj (.text:_outc)
                  00004342    00000002     --HOLE-- [fill = 0]
                  00004344    00000008                                   : errno.c.obj (.text:__aeabi_errno_addr)
                  0000434c    00000004                                   : pre_init.c.obj (.text:_system_pre_init)
                  00004350    00000004                                   : exit.c.obj (.text:abort:abort)

.const     0    00004358    000002c4     
                  00004358    00000101     rtsv7M4_T_le_v4SPD16_eabi.lib : ctype.c.obj (.const:.string:_ctypes_)
                  00004459    00000007     --HOLE-- [fill = 0]
                  00004460    000000c8                                   : strtod.c.obj (.const:$O1$$)
                  00004528    00000050     msp432p4xx_driverlib.lib : interrupt.o (.const:g_pulRegs)
                  00004578    00000030                              : gpio.o (.const:GPIO_PORT_TO_BASE)
                  000045a8    00000028     printf.obj (.const:dv)
                  000045d0    00000028     i2c_master_rw_repeated_start-master_code.obj (.const:uartConfig)
                  000045f8    00000014     i2c_master_rw_repeated_start-master_code.obj (.const:i2cConfig)
                  0000460c    00000010     printf.obj (.const:.string:hex$1)

.cinit     0    00004620    00000090     
                  00004620    00000068     (.cinit..data.load) [load image, compression = lzss]
                  00004688    0000000c     (__TI_handler_table)
                  00004694    00000004     --HOLE-- [fill = 0]
                  00004698    00000008     (.cinit..bss.load) [load image, compression = zero_init]
                  000046a0    00000010     (__TI_cinit_table)

.init_array 
*          0    00000000    00000000     UNINITIALIZED

.binit     0    00000000    00000000     

.data      0    20000000    0000012c     UNINITIALIZED
                  20000000    000000f5     i2c_master_rw_repeated_start-master_code.obj (.data)
                  200000f5    00000003     --HOLE--
                  200000f8    00000018     i2c_master_rw_repeated_start-master_code.obj (.data:pwmConfig)
                  20000110    0000000c     i2c_master_rw_repeated_start-master_code.obj (.data:B)
                  2000011c    00000008     i2c_master_rw_repeated_start-master_code.obj (.data:A)
                  20000124    00000004     rtsv7M4_T_le_v4SPD16_eabi.lib : errno.c.obj (.data)
                  20000128    00000004                                   : strtok.c.obj (.data)

.bss       0    2000012c    00000060     UNINITIALIZED
                  2000012c    00000034     (.common:init_const)
                  20000160    00000009     i2c_master_rw_repeated_start-master_code.obj (.bss)
                  20000169    00000008     i2c_master_rw_repeated_start-master_code.obj (.bss:RXData0)
                  20000171    00000008     i2c_master_rw_repeated_start-master_code.obj (.bss:RXData1)
                  20000179    00000003     --HOLE--
                  2000017c    00000008     msp432p4xx_driverlib.lib : cs.o (.bss)
                  20000184    00000008     i2c_master_rw_repeated_start-master_code.obj (.bss:s)

.stack     0    2000fe00    00000200     UNINITIALIZED
                  2000fe00    00000004     rtsv7M4_T_le_v4SPD16_eabi.lib : boot_cortex_m.c.obj (.stack)
                  2000fe04    000001fc     --HOLE--

__llvm_prf_cnts 
*          0    20000000    00000000     UNINITIALIZED

MODULE SUMMARY

       Module                                         code    ro data   rw data
       ------                                         ----    -------   -------
    .\
       i2c_master_rw_repeated_start-master_code.obj   4496    60        748    
       printf.obj                                     598     56        0      
       calculations.obj                               602     0         0      
       system_msp432p401r.obj                         188     0         0      
    +--+----------------------------------------------+-------+---------+---------+
       Total:                                         5884    116       748    
                                                                               
    .\ccs\
       startup_msp432p401r_ccs.obj                    14      228       0      
    +--+----------------------------------------------+-------+---------+---------+
       Total:                                         14      228       0      
                                                                               
    C:/ti/simplelink_msp432p4_sdk_3_40_01_02/source/ti/devices/msp432p4xx/driverlib/ccs/msp432p4xx_driverlib.lib
       cs.o                                           898     0         16     
       uart.o                                         408     0         0      
       interrupt.o                                    84      80        0      
       gpio.o                                         104     48        0      
       sysctl_a.o                                     148     0         0      
    +--+----------------------------------------------+-------+---------+---------+
       Total:                                         1642    128       16     
                                                                               
    C:\ti\ccs1000\ccs\tools\compiler\ti-cgt-arm_20.2.0.LTS\lib\rtsv7M4_T_le_v4SPD16_eabi.lib
       _printfi.c.obj                                 4851    0         0      
       strtod.c.obj                                   1120    200       0      
       fd_add_t2.asm.obj                              438     0         0      
       e_sqrt.c.obj                                   344     0         0      
       fd_div_t2.asm.obj                              310     0         0      
       s_scalbn.c.obj                                 272     0         0      
       fd_cmp_t2.asm.obj                              268     0         0      
       ctype.c.obj                                    0       257       0      
       fd_mul_t2.asm.obj                              252     0         0      
       memcpy_t2.asm.obj                              156     0         0      
       ull_div_t2.asm.obj                             150     0         0      
       memset_t2.asm.obj                              122     0         0      
       fd_tos_t2.asm.obj                              110     0         0      
       copy_decompress_lzss.c.obj                     104     0         0      
       s_frexp.c.obj                                  100     0         0      
       _ltoa.c.obj                                    84      0         0      
       atoi.c.obj                                     76      0         0      
       vsprintf.c.obj                                 74      0         0      
       fd_toi_t2.asm.obj                              72      0         0      
       strtok.c.obj                                   64      0         8      
       autoinit.c.obj                                 68      0         0      
       fs_tod_t2.asm.obj                              56      0         0      
       boot_cortex_m.c.obj                            52      0         0      
       i_tofd_t2.asm.obj                              46      0         0      
       strspn.c.obj                                   42      0         0      
       strcspn.c.obj                                  36      0         0      
       copy_zero_init.c.obj                           28      0         0      
       memccpy.c.obj                                  28      0         0      
       s_copysign.c.obj                               26      0         0      
       strchr.c.obj                                   22      0         0      
       strlen.c.obj                                   20      0         0      
       atof.c.obj                                     18      0         0      
       wcslen.c.obj                                   18      0         0      
       errno.c.obj                                    8       0         8      
       copy_decompress_none.c.obj                     14      0         0      
       exit.c.obj                                     4       0         0      
       pre_init.c.obj                                 4       0         0      
       div0.asm.obj                                   2       0         0      
    +--+----------------------------------------------+-------+---------+---------+
       Total:                                         9459    457       16     
                                                                               
       Stack:                                         0       0         1024   
       Linker Generated:                              0       140       0      
    +--+----------------------------------------------+-------+---------+---------+
       Grand Total:                                   16999   1069      1804   


LINKER GENERATED COPY TABLES

__TI_cinit_table @ 000046a0 records: 2, size/record: 8, table size: 16
	.data: load addr=00004620, load size=00000068 bytes, run addr=20000000, run size=0000012c bytes, compression=lzss
	.bss: load addr=00004698, load size=00000008 bytes, run addr=2000012c, run size=00000060 bytes, compression=zero_init


LINKER GENERATED HANDLER TABLE

__TI_handler_table @ 00004688 records: 3, size/record: 4, table size: 12
	index: 0, handler: __TI_decompress_lzss
	index: 1, handler: __TI_decompress_none
	index: 2, handler: __TI_zero_init


GLOBAL SYMBOLS: SORTED ALPHABETICALLY BY Name 

address   name                          
-------   ----                          
2000011c  A                             
00000b33  ADC14_IRQHandler              
00000b33  AES256_IRQHandler             
20000110  B                             
00000b33  BusFault_Handler              
00004351  C$$EXIT                       
00000b33  COMP_E0_IRQHandler            
00000b33  COMP_E1_IRQHandler            
00000b33  CS_IRQHandler                 
00004039  CS_clearInterruptFlag         
000040f1  CS_getACLK                    
000032d5  CS_getDCOFrequency            
00004119  CS_getMCLK                    
00004141  CS_getSMCLK                   
00000b33  DMA_ERR_IRQHandler            
00000b33  DMA_INT0_IRQHandler           
00000b33  DMA_INT1_IRQHandler           
00000b33  DMA_INT2_IRQHandler           
00000b33  DMA_INT3_IRQHandler           
00000b33  DebugMon_Handler              
00000b33  Default_Handler               
00001e45  EUSCIA0_IRQHandler            
00001e45  EUSCIA0_IRQHandler            
00000b33  EUSCIA1_IRQHandler            
00000b33  EUSCIA2_IRQHandler            
00000b33  EUSCIA3_IRQHandler            
000023bd  EUSCIB0_IRQHandler            
000023bd  EUSCIB0_IRQHandler            
00002555  EUSCIB1_IRQHandler            
00002555  EUSCIB1_IRQHandler            
00000b33  EUSCIB2_IRQHandler            
00000b33  EUSCIB3_IRQHandler            
00000b33  FLCTL_IRQHandler              
00000b33  FPU_IRQHandler                
00003f0d  GPIO_setAsOutputPin           
00004169  GPIO_toggleOutputOnPin        
00000b33  HardFault_Handler             
00003d39  Interrupt_setPriority         
00000b33  MemManage_Handler             
00000b33  NMI_Handler                   
200000c8  N_CO2_ex                      
200000b8  N_CO2_in                      
200000d0  N_H2O_ex                      
200000c0  N_H2O_in                      
200000c4  N_N2_ex                       
200000b4  N_N2_in                       
200000cc  N_O2_ex                       
200000bc  N_O2_in                       
00000b33  PCM_IRQHandler                
00000b33  PORT1_IRQHandler              
00000b33  PORT2_IRQHandler              
00000b33  PORT3_IRQHandler              
00000b33  PORT4_IRQHandler              
00000b33  PORT5_IRQHandler              
00000b33  PORT6_IRQHandler              
00000b33  PSS_IRQHandler                
00000b33  PendSV_Handler                
00000b33  RTC_C_IRQHandler              
0000432d  Reset_Handler                 
00000b33  SVC_Handler                   
0000366d  SysCtl_A_getTLVInfo           
00000b33  SysTick_Handler               
000033cd  SystemInit                    
00000b35  T32_INT1_IRQHandler           
00000b35  T32_INT1_IRQHandler           
0000165d  T32_INT2_IRQHandler           
0000165d  T32_INT2_IRQHandler           
00000b33  T32_INTC_IRQHandler           
00000b33  TA0_0_IRQHandler              
00000b33  TA0_N_IRQHandler              
00000b33  TA1_0_IRQHandler              
00000b33  TA1_N_IRQHandler              
00000b33  TA2_0_IRQHandler              
00000b33  TA2_N_IRQHandler              
00000b33  TA3_0_IRQHandler              
00000b33  TA3_N_IRQHandler              
200000d8  T_air_ex                      
200000d4  T_air_in                      
00003bb9  UART_getEnabledInterruptStatus
0000428f  UART_getInterruptStatus       
00002ea9  UART_initModule               
00000b33  UsageFault_Handler            
4000480c  WDTCTL_SYM                    
00000b33  WDT_A_IRQHandler              
20010000  __STACK_END                   
00000200  __STACK_SIZE                  
000046a0  __TI_CINIT_Base               
000046b0  __TI_CINIT_Limit              
00004688  __TI_Handler_Table_Base       
00004694  __TI_Handler_Table_Limit      
00003ec9  __TI_auto_init_nobinit_nopinit
00003b51  __TI_decompress_lzss          
0000431f  __TI_decompress_none          
00003d8d  __TI_ltoa                     
ffffffff  __TI_pprof_out_hndl           
000000e5  __TI_printfi                  
ffffffff  __TI_prof_data_size           
ffffffff  __TI_prof_data_start          
00000000  __TI_static_base__            
00004221  __TI_zero_init_nomemset       
00003701  __aeabi_cdcmpeq               
00003701  __aeabi_cdcmple               
00003787  __aeabi_cdrcmple              
00003ae3  __aeabi_d2f                   
00003e81  __aeabi_d2iz                  
0000220f  __aeabi_dadd                  
00002c4d  __aeabi_ddiv                  
000031d9  __aeabi_dmul                  
00002205  __aeabi_dsub                  
00004345  __aeabi_errno_addr            
00003fcb  __aeabi_f2d                   
00004099  __aeabi_i2d                   
000023bb  __aeabi_idiv0                 
000023bb  __aeabi_ldiv0                 
00003989  __aeabi_memclr                
00003989  __aeabi_memclr4               
00003989  __aeabi_memclr8               
0000353b  __aeabi_memcpy                
0000353b  __aeabi_memcpy4               
0000353b  __aeabi_memcpy8               
0000398b  __aeabi_memset                
0000398b  __aeabi_memset4               
0000398b  __aeabi_memset8               
000035d7  __aeabi_uldivmod              
ffffffff  __binit__                     
ffffffff  __c_args__                    
UNDEFED   __mpu_init                    
2000fe00  __stack                       
20000000  __start___llvm_prf_cnts       
20000000  __stop___llvm_prf_cnts        
00004005  _c_int00_noargs               
00004358  _ctypes_                      
UNDEFED   _system_post_cinit            
0000434d  _system_pre_init              
00004351  abort                         
000042e9  atof                          
00003e35  atoi                          
ffffffff  binit                         
00004275  copysign                      
00004275  copysignl                     
20000064  dataCount                     
200000f0  dir_c                         
20000124  errno                         
20000005  exportFlowFlag                
00003a03  filter                        
200000b0  frequency                     
00003c1d  frexp                         
00003c1d  frexpl                        
00002855  getFlowRate                   
0000380d  getVolume                     
200000e0  i                             
000045f8  i2cConfig                     
20000000  init                          
20000074  init_CO2                      
20000078  init_H2O                      
20000088  init_HighVolume               
20000084  init_LowVolume                
2000007c  init_N2                       
20000070  init_O2                       
2000008c  init_PercentDiff              
20000080  init_T_air_ex                 
2000012c  init_const                    
2000006c  init_counter                  
00000000  interruptVectors              
200000e8  j                             
00002fc5  ldexp                         
00002fc5  ldexpl                        
00001931  main                          
0000423d  memccpy                       
0000353b  memcpy                        
00003991  memset                        
20000091  newExp                        
2000009c  offset                        
20000098  p_maxEx                       
20000094  p_maxIn                       
20000020  p_pastEx                      
20000028  p_pastEx_f                    
2000001c  p_pastIn                      
20000024  p_pastIn_f                    
20000030  p_pastpastEx                  
20000038  p_pastpastEx_f                
2000002c  p_pastpastIn                  
20000034  p_pastpastIn_f                
20000090  pastState                     
000026ed  printfuart                    
000042fb  putc                          
000041b9  puts                          
200000f8  pwmConfig                     
20000060  q_v_ex                        
2000005c  q_v_in                        
20000068  readdata                      
00002fc5  scalbn                        
00002fc5  scalbnl                       
00004201  sendByte                      
000029b9  sqrt                          
000029b9  sqrtl                         
20000001  start_alarm                   
200000f4  state                         
000042bf  strchr                        
000041dd  strcspn                       
000042d5  strlen                        
000040c7  strspn                        
000011fd  strtod                        
00003f4d  strtok                        
000011fd  strtold                       
000045d0  uartConfig                    
200000a4  volFlowrateExhale             
200000a0  volFlowrateInhale             
200000ac  volumeExhale                  
200000a8  volumeInhale                  
00004069  vspfunc                       
00004191  vsprintf                      
0000430d  wcslen                        


GLOBAL SYMBOLS: SORTED BY Symbol Address 

address   name                          
-------   ----                          
00000000  __TI_static_base__            
00000000  interruptVectors              
000000e5  __TI_printfi                  
00000200  __STACK_SIZE                  
00000b33  ADC14_IRQHandler              
00000b33  AES256_IRQHandler             
00000b33  BusFault_Handler              
00000b33  COMP_E0_IRQHandler            
00000b33  COMP_E1_IRQHandler            
00000b33  CS_IRQHandler                 
00000b33  DMA_ERR_IRQHandler            
00000b33  DMA_INT0_IRQHandler           
00000b33  DMA_INT1_IRQHandler           
00000b33  DMA_INT2_IRQHandler           
00000b33  DMA_INT3_IRQHandler           
00000b33  DebugMon_Handler              
00000b33  Default_Handler               
00000b33  EUSCIA1_IRQHandler            
00000b33  EUSCIA2_IRQHandler            
00000b33  EUSCIA3_IRQHandler            
00000b33  EUSCIB2_IRQHandler            
00000b33  EUSCIB3_IRQHandler            
00000b33  FLCTL_IRQHandler              
00000b33  FPU_IRQHandler                
00000b33  HardFault_Handler             
00000b33  MemManage_Handler             
00000b33  NMI_Handler                   
00000b33  PCM_IRQHandler                
00000b33  PORT1_IRQHandler              
00000b33  PORT2_IRQHandler              
00000b33  PORT3_IRQHandler              
00000b33  PORT4_IRQHandler              
00000b33  PORT5_IRQHandler              
00000b33  PORT6_IRQHandler              
00000b33  PSS_IRQHandler                
00000b33  PendSV_Handler                
00000b33  RTC_C_IRQHandler              
00000b33  SVC_Handler                   
00000b33  SysTick_Handler               
00000b33  T32_INTC_IRQHandler           
00000b33  TA0_0_IRQHandler              
00000b33  TA0_N_IRQHandler              
00000b33  TA1_0_IRQHandler              
00000b33  TA1_N_IRQHandler              
00000b33  TA2_0_IRQHandler              
00000b33  TA2_N_IRQHandler              
00000b33  TA3_0_IRQHandler              
00000b33  TA3_N_IRQHandler              
00000b33  UsageFault_Handler            
00000b33  WDT_A_IRQHandler              
00000b35  T32_INT1_IRQHandler           
00000b35  T32_INT1_IRQHandler           
000011fd  strtod                        
000011fd  strtold                       
0000165d  T32_INT2_IRQHandler           
0000165d  T32_INT2_IRQHandler           
00001931  main                          
00001e45  EUSCIA0_IRQHandler            
00001e45  EUSCIA0_IRQHandler            
00002205  __aeabi_dsub                  
0000220f  __aeabi_dadd                  
000023bb  __aeabi_idiv0                 
000023bb  __aeabi_ldiv0                 
000023bd  EUSCIB0_IRQHandler            
000023bd  EUSCIB0_IRQHandler            
00002555  EUSCIB1_IRQHandler            
00002555  EUSCIB1_IRQHandler            
000026ed  printfuart                    
00002855  getFlowRate                   
000029b9  sqrt                          
000029b9  sqrtl                         
00002c4d  __aeabi_ddiv                  
00002ea9  UART_initModule               
00002fc5  ldexp                         
00002fc5  ldexpl                        
00002fc5  scalbn                        
00002fc5  scalbnl                       
000031d9  __aeabi_dmul                  
000032d5  CS_getDCOFrequency            
000033cd  SystemInit                    
0000353b  __aeabi_memcpy                
0000353b  __aeabi_memcpy4               
0000353b  __aeabi_memcpy8               
0000353b  memcpy                        
000035d7  __aeabi_uldivmod              
0000366d  SysCtl_A_getTLVInfo           
00003701  __aeabi_cdcmpeq               
00003701  __aeabi_cdcmple               
00003787  __aeabi_cdrcmple              
0000380d  getVolume                     
00003989  __aeabi_memclr                
00003989  __aeabi_memclr4               
00003989  __aeabi_memclr8               
0000398b  __aeabi_memset                
0000398b  __aeabi_memset4               
0000398b  __aeabi_memset8               
00003991  memset                        
00003a03  filter                        
00003ae3  __aeabi_d2f                   
00003b51  __TI_decompress_lzss          
00003bb9  UART_getEnabledInterruptStatus
00003c1d  frexp                         
00003c1d  frexpl                        
00003d39  Interrupt_setPriority         
00003d8d  __TI_ltoa                     
00003e35  atoi                          
00003e81  __aeabi_d2iz                  
00003ec9  __TI_auto_init_nobinit_nopinit
00003f0d  GPIO_setAsOutputPin           
00003f4d  strtok                        
00003fcb  __aeabi_f2d                   
00004005  _c_int00_noargs               
00004039  CS_clearInterruptFlag         
00004069  vspfunc                       
00004099  __aeabi_i2d                   
000040c7  strspn                        
000040f1  CS_getACLK                    
00004119  CS_getMCLK                    
00004141  CS_getSMCLK                   
00004169  GPIO_toggleOutputOnPin        
00004191  vsprintf                      
000041b9  puts                          
000041dd  strcspn                       
00004201  sendByte                      
00004221  __TI_zero_init_nomemset       
0000423d  memccpy                       
00004275  copysign                      
00004275  copysignl                     
0000428f  UART_getInterruptStatus       
000042bf  strchr                        
000042d5  strlen                        
000042e9  atof                          
000042fb  putc                          
0000430d  wcslen                        
0000431f  __TI_decompress_none          
0000432d  Reset_Handler                 
00004345  __aeabi_errno_addr            
0000434d  _system_pre_init              
00004351  C$$EXIT                       
00004351  abort                         
00004358  _ctypes_                      
000045d0  uartConfig                    
000045f8  i2cConfig                     
00004688  __TI_Handler_Table_Base       
00004694  __TI_Handler_Table_Limit      
000046a0  __TI_CINIT_Base               
000046b0  __TI_CINIT_Limit              
20000000  __start___llvm_prf_cnts       
20000000  __stop___llvm_prf_cnts        
20000000  init                          
20000001  start_alarm                   
20000005  exportFlowFlag                
2000001c  p_pastIn                      
20000020  p_pastEx                      
20000024  p_pastIn_f                    
20000028  p_pastEx_f                    
2000002c  p_pastpastIn                  
20000030  p_pastpastEx                  
20000034  p_pastpastIn_f                
20000038  p_pastpastEx_f                
2000005c  q_v_in                        
20000060  q_v_ex                        
20000064  dataCount                     
20000068  readdata                      
2000006c  init_counter                  
20000070  init_O2                       
20000074  init_CO2                      
20000078  init_H2O                      
2000007c  init_N2                       
20000080  init_T_air_ex                 
20000084  init_LowVolume                
20000088  init_HighVolume               
2000008c  init_PercentDiff              
20000090  pastState                     
20000091  newExp                        
20000094  p_maxIn                       
20000098  p_maxEx                       
2000009c  offset                        
200000a0  volFlowrateInhale             
200000a4  volFlowrateExhale             
200000a8  volumeInhale                  
200000ac  volumeExhale                  
200000b0  frequency                     
200000b4  N_N2_in                       
200000b8  N_CO2_in                      
200000bc  N_O2_in                       
200000c0  N_H2O_in                      
200000c4  N_N2_ex                       
200000c8  N_CO2_ex                      
200000cc  N_O2_ex                       
200000d0  N_H2O_ex                      
200000d4  T_air_in                      
200000d8  T_air_ex                      
200000e0  i                             
200000e8  j                             
200000f0  dir_c                         
200000f4  state                         
200000f8  pwmConfig                     
20000110  B                             
2000011c  A                             
20000124  errno                         
2000012c  init_const                    
2000fe00  __stack                       
20010000  __STACK_END                   
4000480c  WDTCTL_SYM                    
ffffffff  __TI_pprof_out_hndl           
ffffffff  __TI_prof_data_size           
ffffffff  __TI_prof_data_start          
ffffffff  __binit__                     
ffffffff  __c_args__                    
ffffffff  binit                         
UNDEFED   __mpu_init                    
UNDEFED   _system_post_cinit            

[213 symbols]
