******************************************************************************
                  TI ARM Linker PC v20.2.0                     
******************************************************************************
>> Linked Fri May 15 14:24:58 2020

OUTPUT FILE NAME:   <finally_works_go_new_logic.out>
ENTRY POINT SYMBOL: "_c_int00_noargs"  address: 00003e81


MEMORY CONFIGURATION

         name            origin    length      used     unused   attr    fill
----------------------  --------  ---------  --------  --------  ----  --------
  MAIN                  00000000   00040000  0000451c  0003bae4  R  X
  INFO                  00200000   00004000  00000000  00004000  R  X
  SRAM_CODE             01000000   00010000  0000038c  0000fc74  RW X
  SRAM_DATA             20000000   00010000  0000038c  0000fc74  RW  


SEGMENT ALLOCATION MAP

run origin  load origin   length   init length attrs members
----------  ----------- ---------- ----------- ----- -------
00000000    00000000    00004520   00004520    r-x
  00000000    00000000    000000e4   000000e4    r-- .intvecs
  000000e4    000000e4    000040ec   000040ec    r-x .text
  000041d0    000041d0    000002c4   000002c4    r-- .const
  00004498    00004498    00000088   00000088    r-- .cinit
20000000    20000000    0000018c   00000000    rw-
  20000000    20000000    0000012c   00000000    rw- .data
  2000012c    2000012c    00000060   00000000    rw- .bss
2000fe00    2000fe00    00000200   00000000    rw-
  2000fe00    2000fe00    00000200   00000000    rw- .stack


SECTION ALLOCATION MAP

 output                                  attributes/
section   page    origin      length       input sections
--------  ----  ----------  ----------   ----------------
.intvecs   0    00000000    000000e4     
                  00000000    000000e4     startup_msp432p401r_ccs.obj (.intvecs:retain)

.text      0    000000e4    000040ec     
                  000000e4    00000a4e     rtsv7M4_T_le_v4SPD16_eabi.lib : _printfi.c.obj (.text:__TI_printfi)
                  00000b32    00000002     startup_msp432p401r_ccs.obj (.text:Default_Handler)
                  00000b34    000006b8     i2c_master_rw_repeated_start-master_code.obj (.text:T32_INT1_IRQHandler)
                  000011ec    00000460     rtsv7M4_T_le_v4SPD16_eabi.lib : strtod.c.obj (.text:strtod)
                  0000164c    000002a4     i2c_master_rw_repeated_start-master_code.obj (.text:main)
                  000018f0    00000270     rtsv7M4_T_le_v4SPD16_eabi.lib : _printfi.c.obj (.text:_pconv_a)
                  00001b60    000001f0     i2c_master_rw_repeated_start-master_code.obj (.text:EUSCIA0_IRQHandler)
                  00001d50    000001d0     rtsv7M4_T_le_v4SPD16_eabi.lib : _printfi.c.obj (.text:_pconv_g)
                  00001f20    000001b6                                   : fd_add_t2.asm.obj (.text)
                  000020d6    00000002                                   : div0.asm.obj (.text)
                  000020d8    00000198     i2c_master_rw_repeated_start-master_code.obj (.text:EUSCIB0_IRQHandler)
                  00002270    00000198     i2c_master_rw_repeated_start-master_code.obj (.text:EUSCIB1_IRQHandler)
                  00002408    00000168     printf.obj (.text:printfuart)
                  00002570    00000164     calculations.obj (.text:getFlowRate)
                  000026d4    00000160     i2c_master_rw_repeated_start-master_code.obj (.text:T32_INT2_IRQHandler)
                  00002834    00000158     rtsv7M4_T_le_v4SPD16_eabi.lib : e_sqrt.c.obj (.text:sqrt)
                  0000298c    0000013c                                   : _printfi.c.obj (.text:_pconv_e)
                  00002ac8    00000136                                   : fd_div_t2.asm.obj (.text)
                  00002bfe    00000002     --HOLE-- [fill = 0]
                  00002c00    00000124                                   : _printfi.c.obj (.text:fcvt)
                  00002d24    0000011c     msp432p4xx_driverlib.lib : uart.o (.text:UART_initModule)
                  00002e40    00000110     rtsv7M4_T_le_v4SPD16_eabi.lib : s_scalbn.c.obj (.text:scalbn)
                  00002f50    00000104     msp432p4xx_driverlib.lib : cs.o (.text:_CSComputeCLKFrequency)
                  00003054    000000fc     rtsv7M4_T_le_v4SPD16_eabi.lib : fd_mul_t2.asm.obj (.text)
                  00003150    000000f8     msp432p4xx_driverlib.lib : cs.o (.text:CS_getDCOFrequency)
                  00003248    000000bc     system_msp432p401r.obj (.text:SystemInit)
                  00003304    000000b1     rtsv7M4_T_le_v4SPD16_eabi.lib : _printfi.c.obj (.text:_ltostr)
                  000033b5    00000001     --HOLE-- [fill = 0]
                  000033b6    0000009c                                   : memcpy_t2.asm.obj (.text)
                  00003452    00000096                                   : ull_div_t2.asm.obj (.text)
                  000034e8    00000094     msp432p4xx_driverlib.lib : sysctl_a.o (.text:SysCtl_A_getTLVInfo)
                  0000357c    00000086     rtsv7M4_T_le_v4SPD16_eabi.lib : fd_cmp_t2.asm.obj (.text:__aeabi_cdcmple)
                  00003602    00000086                                   : fd_cmp_t2.asm.obj (.text:__aeabi_cdrcmple)
                  00003688    00000084     calculations.obj (.text:getVolume)
                  0000370c    0000007c     msp432p4xx_driverlib.lib : cs.o (.text:_CSGetDOCFrequency)
                  00003788    0000007c     printf.obj (.text:xtoa)
                  00003804    0000007a     rtsv7M4_T_le_v4SPD16_eabi.lib : memset_t2.asm.obj (.text)
                  0000387e    00000072     calculations.obj (.text:filter)
                  000038f0    0000006e     rtsv7M4_T_le_v4SPD16_eabi.lib : _printfi.c.obj (.text:_mcpy)
                  0000395e    0000006e                                   : fd_tos_t2.asm.obj (.text)
                  000039cc    00000068                                   : copy_decompress_lzss.c.obj (.text:decompress:lzss:__TI_decompress_lzss)
                  00003a34    00000064     msp432p4xx_driverlib.lib : uart.o (.text:UART_getEnabledInterruptStatus)
                  00003a98    00000064     rtsv7M4_T_le_v4SPD16_eabi.lib : s_frexp.c.obj (.text:frexp)
                  00003afc    00000062     msp432p4xx_driverlib.lib : cs.o (.text:_CSGetDividerValue)
                  00003b5e    00000056     rtsv7M4_T_le_v4SPD16_eabi.lib : _printfi.c.obj (.text:_pconv_f)
                  00003bb4    00000054     msp432p4xx_driverlib.lib : interrupt.o (.text:Interrupt_setPriority)
                  00003c08    00000054     rtsv7M4_T_le_v4SPD16_eabi.lib : _ltoa.c.obj (.text:__TI_ltoa)
                  00003c5c    00000052                                   : _printfi.c.obj (.text:_ecpy)
                  00003cae    00000002     --HOLE-- [fill = 0]
                  00003cb0    0000004c                                   : atoi.c.obj (.text:atoi)
                  00003cfc    00000048                                   : fd_toi_t2.asm.obj (.text)
                  00003d44    00000044                                   : autoinit.c.obj (.text:__TI_auto_init_nobinit_nopinit:__TI_auto_init_nobinit_nopinit)
                  00003d88    00000040     msp432p4xx_driverlib.lib : gpio.o (.text:GPIO_setAsOutputPin)
                  00003dc8    00000040     rtsv7M4_T_le_v4SPD16_eabi.lib : strtok.c.obj (.text:strtok)
                  00003e08    0000003e                                   : _printfi.c.obj (.text:_fcpy)
                  00003e46    00000038                                   : fs_tod_t2.asm.obj (.text)
                  00003e7e    00000002     --HOLE-- [fill = 0]
                  00003e80    00000034                                   : boot_cortex_m.c.obj (.text:_c_int00_noargs:_c_int00_noargs)
                  00003eb4    00000030     msp432p4xx_driverlib.lib : cs.o (.text:CS_clearInterruptFlag)
                  00003ee4    00000030     i2c_master_rw_repeated_start-master_code.obj (.text:vspfunc)
                  00003f14    0000002e     rtsv7M4_T_le_v4SPD16_eabi.lib : i_tofd_t2.asm.obj (.text)
                  00003f42    0000002a                                   : strspn.c.obj (.text:strspn)
                  00003f6c    00000028     msp432p4xx_driverlib.lib : cs.o (.text:CS_getACLK)
                  00003f94    00000028                              : cs.o (.text:CS_getMCLK)
                  00003fbc    00000028                              : cs.o (.text:CS_getSMCLK)
                  00003fe4    00000028                              : gpio.o (.text:GPIO_toggleOutputOnPin)
                  0000400c    00000028     rtsv7M4_T_le_v4SPD16_eabi.lib : vsprintf.c.obj (.text:vsprintf)
                  00004034    00000024     printf.obj (.text:puts)
                  00004058    00000024     rtsv7M4_T_le_v4SPD16_eabi.lib : strcspn.c.obj (.text:strcspn)
                  0000407c    00000020     printf.obj (.text:sendByte)
                  0000409c    0000001c     rtsv7M4_T_le_v4SPD16_eabi.lib : copy_zero_init.c.obj (.text:decompress:ZI:__TI_zero_init_nomemset:__TI_zero_init_nomemset)
                  000040b8    0000001c                                   : memccpy.c.obj (.text:memccpy)
                  000040d4    0000001c     printf.obj (.text:puth)
                  000040f0    0000001a     rtsv7M4_T_le_v4SPD16_eabi.lib : s_copysign.c.obj (.text:copysign)
                  0000410a    00000018     msp432p4xx_driverlib.lib : uart.o (.text:UART_getInterruptStatus)
                  00004122    00000018     rtsv7M4_T_le_v4SPD16_eabi.lib : vsprintf.c.obj (.text:_outs)
                  0000413a    00000016                                   : strchr.c.obj (.text:strchr)
                  00004150    00000014                                   : strlen.c.obj (.text:strlen)
                  00004164    00000012                                   : atof.c.obj (.text:atof)
                  00004176    00000012     printf.obj (.text:putc)
                  00004188    00000012     rtsv7M4_T_le_v4SPD16_eabi.lib : wcslen.c.obj (.text:wcslen)
                  0000419a    0000000e                                   : copy_decompress_none.c.obj (.text:decompress:none:__TI_decompress_none)
                  000041a8    0000000c     startup_msp432p401r_ccs.obj (.text:Reset_Handler)
                  000041b4    0000000a     rtsv7M4_T_le_v4SPD16_eabi.lib : vsprintf.c.obj (.text:_outc)
                  000041be    00000002     --HOLE-- [fill = 0]
                  000041c0    00000008                                   : errno.c.obj (.text:__aeabi_errno_addr)
                  000041c8    00000004                                   : pre_init.c.obj (.text:_system_pre_init)
                  000041cc    00000004                                   : exit.c.obj (.text:abort:abort)

.const     0    000041d0    000002c4     
                  000041d0    00000101     rtsv7M4_T_le_v4SPD16_eabi.lib : ctype.c.obj (.const:.string:_ctypes_)
                  000042d1    00000007     --HOLE-- [fill = 0]
                  000042d8    000000c8                                   : strtod.c.obj (.const:$O1$$)
                  000043a0    00000050     msp432p4xx_driverlib.lib : interrupt.o (.const:g_pulRegs)
                  000043f0    00000030                              : gpio.o (.const:GPIO_PORT_TO_BASE)
                  00004420    00000028     printf.obj (.const:dv)
                  00004448    00000028     i2c_master_rw_repeated_start-master_code.obj (.const:uartConfig)
                  00004470    00000014     i2c_master_rw_repeated_start-master_code.obj (.const:i2cConfig)
                  00004484    00000010     printf.obj (.const:.string:hex$1)

.cinit     0    00004498    00000088     
                  00004498    00000064     (.cinit..data.load) [load image, compression = lzss]
                  000044fc    0000000c     (__TI_handler_table)
                  00004508    00000008     (.cinit..bss.load) [load image, compression = zero_init]
                  00004510    00000010     (__TI_cinit_table)

.init_array 
*          0    00000000    00000000     UNINITIALIZED

.binit     0    00000000    00000000     

.data      0    20000000    0000012c     UNINITIALIZED
                  20000000    000000f5     i2c_master_rw_repeated_start-master_code.obj (.data)
                  200000f5    00000003     --HOLE--
                  200000f8    00000018     i2c_master_rw_repeated_start-master_code.obj (.data:pwmConfig)
                  20000110    0000000c     i2c_master_rw_repeated_start-master_code.obj (.data:B)
                  2000011c    00000008     i2c_master_rw_repeated_start-master_code.obj (.data:A)
                  20000124    00000004     rtsv7M4_T_le_v4SPD16_eabi.lib : errno.c.obj (.data)
                  20000128    00000004                                   : strtok.c.obj (.data)

.bss       0    2000012c    00000060     UNINITIALIZED
                  2000012c    00000034     (.common:init_const)
                  20000160    00000009     i2c_master_rw_repeated_start-master_code.obj (.bss)
                  20000169    00000008     i2c_master_rw_repeated_start-master_code.obj (.bss:RXData0)
                  20000171    00000008     i2c_master_rw_repeated_start-master_code.obj (.bss:RXData1)
                  20000179    00000003     --HOLE--
                  2000017c    00000008     msp432p4xx_driverlib.lib : cs.o (.bss)
                  20000184    00000008     i2c_master_rw_repeated_start-master_code.obj (.bss:s)

.stack     0    2000fe00    00000200     UNINITIALIZED
                  2000fe00    00000004     rtsv7M4_T_le_v4SPD16_eabi.lib : boot_cortex_m.c.obj (.stack)
                  2000fe04    000001fc     --HOLE--

__llvm_prf_cnts 
*          0    20000000    00000000     UNINITIALIZED

MODULE SUMMARY

       Module                                         code    ro data   rw data
       ------                                         ----    -------   -------
    .\
       i2c_master_rw_repeated_start-master_code.obj   4108    60        748    
       printf.obj                                     598     56        0      
       calculations.obj                               602     0         0      
       system_msp432p401r.obj                         188     0         0      
    +--+----------------------------------------------+-------+---------+---------+
       Total:                                         5496    116       748    
                                                                               
    .\ccs\
       startup_msp432p401r_ccs.obj                    14      228       0      
    +--+----------------------------------------------+-------+---------+---------+
       Total:                                         14      228       0      
                                                                               
    C:/ti/simplelink_msp432p4_sdk_3_40_01_02/source/ti/devices/msp432p4xx/driverlib/ccs/msp432p4xx_driverlib.lib
       cs.o                                           898     0         16     
       uart.o                                         408     0         0      
       interrupt.o                                    84      80        0      
       gpio.o                                         104     48        0      
       sysctl_a.o                                     148     0         0      
    +--+----------------------------------------------+-------+---------+---------+
       Total:                                         1642    128       16     
                                                                               
    C:\ti\ccs1000\ccs\tools\compiler\ti-cgt-arm_20.2.0.LTS\lib\rtsv7M4_T_le_v4SPD16_eabi.lib
       _printfi.c.obj                                 4851    0         0      
       strtod.c.obj                                   1120    200       0      
       fd_add_t2.asm.obj                              438     0         0      
       e_sqrt.c.obj                                   344     0         0      
       fd_div_t2.asm.obj                              310     0         0      
       s_scalbn.c.obj                                 272     0         0      
       fd_cmp_t2.asm.obj                              268     0         0      
       ctype.c.obj                                    0       257       0      
       fd_mul_t2.asm.obj                              252     0         0      
       memcpy_t2.asm.obj                              156     0         0      
       ull_div_t2.asm.obj                             150     0         0      
       memset_t2.asm.obj                              122     0         0      
       fd_tos_t2.asm.obj                              110     0         0      
       copy_decompress_lzss.c.obj                     104     0         0      
       s_frexp.c.obj                                  100     0         0      
       _ltoa.c.obj                                    84      0         0      
       atoi.c.obj                                     76      0         0      
       vsprintf.c.obj                                 74      0         0      
       fd_toi_t2.asm.obj                              72      0         0      
       strtok.c.obj                                   64      0         8      
       autoinit.c.obj                                 68      0         0      
       fs_tod_t2.asm.obj                              56      0         0      
       boot_cortex_m.c.obj                            52      0         0      
       i_tofd_t2.asm.obj                              46      0         0      
       strspn.c.obj                                   42      0         0      
       strcspn.c.obj                                  36      0         0      
       copy_zero_init.c.obj                           28      0         0      
       memccpy.c.obj                                  28      0         0      
       s_copysign.c.obj                               26      0         0      
       strchr.c.obj                                   22      0         0      
       strlen.c.obj                                   20      0         0      
       atof.c.obj                                     18      0         0      
       wcslen.c.obj                                   18      0         0      
       errno.c.obj                                    8       0         8      
       copy_decompress_none.c.obj                     14      0         0      
       exit.c.obj                                     4       0         0      
       pre_init.c.obj                                 4       0         0      
       div0.asm.obj                                   2       0         0      
    +--+----------------------------------------------+-------+---------+---------+
       Total:                                         9459    457       16     
                                                                               
       Stack:                                         0       0         1024   
       Linker Generated:                              0       136       0      
    +--+----------------------------------------------+-------+---------+---------+
       Grand Total:                                   16611   1065      1804   


LINKER GENERATED COPY TABLES

__TI_cinit_table @ 00004510 records: 2, size/record: 8, table size: 16
	.data: load addr=00004498, load size=00000064 bytes, run addr=20000000, run size=0000012c bytes, compression=lzss
	.bss: load addr=00004508, load size=00000008 bytes, run addr=2000012c, run size=00000060 bytes, compression=zero_init


LINKER GENERATED HANDLER TABLE

__TI_handler_table @ 000044fc records: 3, size/record: 4, table size: 12
	index: 0, handler: __TI_decompress_lzss
	index: 1, handler: __TI_decompress_none
	index: 2, handler: __TI_zero_init


GLOBAL SYMBOLS: SORTED ALPHABETICALLY BY Name 

address   name                          
-------   ----                          
2000011c  A                             
00000b33  ADC14_IRQHandler              
00000b33  AES256_IRQHandler             
20000110  B                             
00000b33  BusFault_Handler              
000041cd  C$$EXIT                       
00000b33  COMP_E0_IRQHandler            
00000b33  COMP_E1_IRQHandler            
00000b33  CS_IRQHandler                 
00003eb5  CS_clearInterruptFlag         
00003f6d  CS_getACLK                    
00003151  CS_getDCOFrequency            
00003f95  CS_getMCLK                    
00003fbd  CS_getSMCLK                   
00000b33  DMA_ERR_IRQHandler            
00000b33  DMA_INT0_IRQHandler           
00000b33  DMA_INT1_IRQHandler           
00000b33  DMA_INT2_IRQHandler           
00000b33  DMA_INT3_IRQHandler           
00000b33  DebugMon_Handler              
00000b33  Default_Handler               
00001b61  EUSCIA0_IRQHandler            
00001b61  EUSCIA0_IRQHandler            
00000b33  EUSCIA1_IRQHandler            
00000b33  EUSCIA2_IRQHandler            
00000b33  EUSCIA3_IRQHandler            
000020d9  EUSCIB0_IRQHandler            
000020d9  EUSCIB0_IRQHandler            
00002271  EUSCIB1_IRQHandler            
00002271  EUSCIB1_IRQHandler            
00000b33  EUSCIB2_IRQHandler            
00000b33  EUSCIB3_IRQHandler            
00000b33  FLCTL_IRQHandler              
00000b33  FPU_IRQHandler                
00003d89  GPIO_setAsOutputPin           
00003fe5  GPIO_toggleOutputOnPin        
00000b33  HardFault_Handler             
00003bb5  Interrupt_setPriority         
00000b33  MemManage_Handler             
00000b33  NMI_Handler                   
200000cc  N_CO2_ex                      
200000bc  N_CO2_in                      
200000d4  N_H2O_ex                      
200000c4  N_H2O_in                      
200000c8  N_N2_ex                       
200000b8  N_N2_in                       
200000d0  N_O2_ex                       
200000c0  N_O2_in                       
00000b33  PCM_IRQHandler                
00000b33  PORT1_IRQHandler              
00000b33  PORT2_IRQHandler              
00000b33  PORT3_IRQHandler              
00000b33  PORT4_IRQHandler              
00000b33  PORT5_IRQHandler              
00000b33  PORT6_IRQHandler              
00000b33  PSS_IRQHandler                
00000b33  PendSV_Handler                
00000b33  RTC_C_IRQHandler              
000041a9  Reset_Handler                 
00000b33  SVC_Handler                   
000034e9  SysCtl_A_getTLVInfo           
00000b33  SysTick_Handler               
00003249  SystemInit                    
00000b35  T32_INT1_IRQHandler           
00000b35  T32_INT1_IRQHandler           
000026d5  T32_INT2_IRQHandler           
000026d5  T32_INT2_IRQHandler           
00000b33  T32_INTC_IRQHandler           
00000b33  TA0_0_IRQHandler              
00000b33  TA0_N_IRQHandler              
00000b33  TA1_0_IRQHandler              
00000b33  TA1_N_IRQHandler              
00000b33  TA2_0_IRQHandler              
00000b33  TA2_N_IRQHandler              
00000b33  TA3_0_IRQHandler              
00000b33  TA3_N_IRQHandler              
200000dc  T_air_ex                      
200000d8  T_air_in                      
00003a35  UART_getEnabledInterruptStatus
0000410b  UART_getInterruptStatus       
00002d25  UART_initModule               
00000b33  UsageFault_Handler            
4000480c  WDTCTL_SYM                    
00000b33  WDT_A_IRQHandler              
20010000  __STACK_END                   
00000200  __STACK_SIZE                  
00004510  __TI_CINIT_Base               
00004520  __TI_CINIT_Limit              
000044fc  __TI_Handler_Table_Base       
00004508  __TI_Handler_Table_Limit      
00003d45  __TI_auto_init_nobinit_nopinit
000039cd  __TI_decompress_lzss          
0000419b  __TI_decompress_none          
00003c09  __TI_ltoa                     
ffffffff  __TI_pprof_out_hndl           
000000e5  __TI_printfi                  
ffffffff  __TI_prof_data_size           
ffffffff  __TI_prof_data_start          
00000000  __TI_static_base__            
0000409d  __TI_zero_init_nomemset       
0000357d  __aeabi_cdcmpeq               
0000357d  __aeabi_cdcmple               
00003603  __aeabi_cdrcmple              
0000395f  __aeabi_d2f                   
00003cfd  __aeabi_d2iz                  
00001f2b  __aeabi_dadd                  
00002ac9  __aeabi_ddiv                  
00003055  __aeabi_dmul                  
00001f21  __aeabi_dsub                  
000041c1  __aeabi_errno_addr            
00003e47  __aeabi_f2d                   
00003f15  __aeabi_i2d                   
000020d7  __aeabi_idiv0                 
000020d7  __aeabi_ldiv0                 
00003805  __aeabi_memclr                
00003805  __aeabi_memclr4               
00003805  __aeabi_memclr8               
000033b7  __aeabi_memcpy                
000033b7  __aeabi_memcpy4               
000033b7  __aeabi_memcpy8               
00003807  __aeabi_memset                
00003807  __aeabi_memset4               
00003807  __aeabi_memset8               
00003453  __aeabi_uldivmod              
ffffffff  __binit__                     
ffffffff  __c_args__                    
UNDEFED   __mpu_init                    
2000fe00  __stack                       
20000000  __start___llvm_prf_cnts       
20000000  __stop___llvm_prf_cnts        
00003e81  _c_int00_noargs               
000041d0  _ctypes_                      
UNDEFED   _system_post_cinit            
000041c9  _system_pre_init              
000041cd  abort                         
00004165  atof                          
00003cb1  atoi                          
ffffffff  binit                         
000040f1  copysign                      
000040f1  copysignl                     
2000006c  dataCount                     
200000f0  dir_c                         
20000124  errno                         
2000000c  exhale_flag                   
2000000d  exhale_flag_past              
20000009  exportFlowFlag                
0000387f  filter                        
200000b4  frequency                     
00003a99  frexp                         
00003a99  frexpl                        
00002571  getFlowRate                   
00003689  getVolume                     
200000e0  i                             
00004470  i2cConfig                     
2000000a  inhale_flag                   
2000000b  inhale_flag_past              
20000004  init                          
2000007c  init_CO2                      
20000080  init_H2O                      
20000090  init_HighVolume               
2000008c  init_LowVolume                
20000084  init_N2                       
20000078  init_O2                       
20000094  init_PercentDiff              
20000088  init_T_air_ex                 
2000012c  init_const                    
20000074  init_counter                  
00000000  interruptVectors              
200000e8  j                             
00002e41  ldexp                         
00002e41  ldexpl                        
0000164d  main                          
000040b9  memccpy                       
000033b7  memcpy                        
0000380d  memset                        
20000099  newExp                        
20000000  offset                        
200000a0  p_maxEx                       
2000009c  p_maxIn                       
20000028  p_pastEx                      
20000030  p_pastEx_f                    
20000024  p_pastIn                      
2000002c  p_pastIn_f                    
20000038  p_pastpastEx                  
20000040  p_pastpastEx_f                
20000034  p_pastpastIn                  
2000003c  p_pastpastIn_f                
20000098  pastState                     
00002409  printfuart                    
00004177  putc                          
00004035  puts                          
200000f8  pwmConfig                     
20000068  q_v_ex                        
20000064  q_v_in                        
20000070  readdata                      
00002e41  scalbn                        
00002e41  scalbnl                       
0000407d  sendByte                      
00002835  sqrt                          
00002835  sqrtl                         
20000005  start_alarm                   
200000f4  state                         
0000413b  strchr                        
00004059  strcspn                       
00004151  strlen                        
00003f43  strspn                        
000011ed  strtod                        
00003dc9  strtok                        
000011ed  strtold                       
00004448  uartConfig                    
200000a8  volFlowrateExhale             
200000a4  volFlowrateInhale             
200000b0  volumeExhale                  
200000ac  volumeInhale                  
00003ee5  vspfunc                       
0000400d  vsprintf                      
00004189  wcslen                        


GLOBAL SYMBOLS: SORTED BY Symbol Address 

address   name                          
-------   ----                          
00000000  __TI_static_base__            
00000000  interruptVectors              
000000e5  __TI_printfi                  
00000200  __STACK_SIZE                  
00000b33  ADC14_IRQHandler              
00000b33  AES256_IRQHandler             
00000b33  BusFault_Handler              
00000b33  COMP_E0_IRQHandler            
00000b33  COMP_E1_IRQHandler            
00000b33  CS_IRQHandler                 
00000b33  DMA_ERR_IRQHandler            
00000b33  DMA_INT0_IRQHandler           
00000b33  DMA_INT1_IRQHandler           
00000b33  DMA_INT2_IRQHandler           
00000b33  DMA_INT3_IRQHandler           
00000b33  DebugMon_Handler              
00000b33  Default_Handler               
00000b33  EUSCIA1_IRQHandler            
00000b33  EUSCIA2_IRQHandler            
00000b33  EUSCIA3_IRQHandler            
00000b33  EUSCIB2_IRQHandler            
00000b33  EUSCIB3_IRQHandler            
00000b33  FLCTL_IRQHandler              
00000b33  FPU_IRQHandler                
00000b33  HardFault_Handler             
00000b33  MemManage_Handler             
00000b33  NMI_Handler                   
00000b33  PCM_IRQHandler                
00000b33  PORT1_IRQHandler              
00000b33  PORT2_IRQHandler              
00000b33  PORT3_IRQHandler              
00000b33  PORT4_IRQHandler              
00000b33  PORT5_IRQHandler              
00000b33  PORT6_IRQHandler              
00000b33  PSS_IRQHandler                
00000b33  PendSV_Handler                
00000b33  RTC_C_IRQHandler              
00000b33  SVC_Handler                   
00000b33  SysTick_Handler               
00000b33  T32_INTC_IRQHandler           
00000b33  TA0_0_IRQHandler              
00000b33  TA0_N_IRQHandler              
00000b33  TA1_0_IRQHandler              
00000b33  TA1_N_IRQHandler              
00000b33  TA2_0_IRQHandler              
00000b33  TA2_N_IRQHandler              
00000b33  TA3_0_IRQHandler              
00000b33  TA3_N_IRQHandler              
00000b33  UsageFault_Handler            
00000b33  WDT_A_IRQHandler              
00000b35  T32_INT1_IRQHandler           
00000b35  T32_INT1_IRQHandler           
000011ed  strtod                        
000011ed  strtold                       
0000164d  main                          
00001b61  EUSCIA0_IRQHandler            
00001b61  EUSCIA0_IRQHandler            
00001f21  __aeabi_dsub                  
00001f2b  __aeabi_dadd                  
000020d7  __aeabi_idiv0                 
000020d7  __aeabi_ldiv0                 
000020d9  EUSCIB0_IRQHandler            
000020d9  EUSCIB0_IRQHandler            
00002271  EUSCIB1_IRQHandler            
00002271  EUSCIB1_IRQHandler            
00002409  printfuart                    
00002571  getFlowRate                   
000026d5  T32_INT2_IRQHandler           
000026d5  T32_INT2_IRQHandler           
00002835  sqrt                          
00002835  sqrtl                         
00002ac9  __aeabi_ddiv                  
00002d25  UART_initModule               
00002e41  ldexp                         
00002e41  ldexpl                        
00002e41  scalbn                        
00002e41  scalbnl                       
00003055  __aeabi_dmul                  
00003151  CS_getDCOFrequency            
00003249  SystemInit                    
000033b7  __aeabi_memcpy                
000033b7  __aeabi_memcpy4               
000033b7  __aeabi_memcpy8               
000033b7  memcpy                        
00003453  __aeabi_uldivmod              
000034e9  SysCtl_A_getTLVInfo           
0000357d  __aeabi_cdcmpeq               
0000357d  __aeabi_cdcmple               
00003603  __aeabi_cdrcmple              
00003689  getVolume                     
00003805  __aeabi_memclr                
00003805  __aeabi_memclr4               
00003805  __aeabi_memclr8               
00003807  __aeabi_memset                
00003807  __aeabi_memset4               
00003807  __aeabi_memset8               
0000380d  memset                        
0000387f  filter                        
0000395f  __aeabi_d2f                   
000039cd  __TI_decompress_lzss          
00003a35  UART_getEnabledInterruptStatus
00003a99  frexp                         
00003a99  frexpl                        
00003bb5  Interrupt_setPriority         
00003c09  __TI_ltoa                     
00003cb1  atoi                          
00003cfd  __aeabi_d2iz                  
00003d45  __TI_auto_init_nobinit_nopinit
00003d89  GPIO_setAsOutputPin           
00003dc9  strtok                        
00003e47  __aeabi_f2d                   
00003e81  _c_int00_noargs               
00003eb5  CS_clearInterruptFlag         
00003ee5  vspfunc                       
00003f15  __aeabi_i2d                   
00003f43  strspn                        
00003f6d  CS_getACLK                    
00003f95  CS_getMCLK                    
00003fbd  CS_getSMCLK                   
00003fe5  GPIO_toggleOutputOnPin        
0000400d  vsprintf                      
00004035  puts                          
00004059  strcspn                       
0000407d  sendByte                      
0000409d  __TI_zero_init_nomemset       
000040b9  memccpy                       
000040f1  copysign                      
000040f1  copysignl                     
0000410b  UART_getInterruptStatus       
0000413b  strchr                        
00004151  strlen                        
00004165  atof                          
00004177  putc                          
00004189  wcslen                        
0000419b  __TI_decompress_none          
000041a9  Reset_Handler                 
000041c1  __aeabi_errno_addr            
000041c9  _system_pre_init              
000041cd  C$$EXIT                       
000041cd  abort                         
000041d0  _ctypes_                      
00004448  uartConfig                    
00004470  i2cConfig                     
000044fc  __TI_Handler_Table_Base       
00004508  __TI_Handler_Table_Limit      
00004510  __TI_CINIT_Base               
00004520  __TI_CINIT_Limit              
20000000  __start___llvm_prf_cnts       
20000000  __stop___llvm_prf_cnts        
20000000  offset                        
20000004  init                          
20000005  start_alarm                   
20000009  exportFlowFlag                
2000000a  inhale_flag                   
2000000b  inhale_flag_past              
2000000c  exhale_flag                   
2000000d  exhale_flag_past              
20000024  p_pastIn                      
20000028  p_pastEx                      
2000002c  p_pastIn_f                    
20000030  p_pastEx_f                    
20000034  p_pastpastIn                  
20000038  p_pastpastEx                  
2000003c  p_pastpastIn_f                
20000040  p_pastpastEx_f                
20000064  q_v_in                        
20000068  q_v_ex                        
2000006c  dataCount                     
20000070  readdata                      
20000074  init_counter                  
20000078  init_O2                       
2000007c  init_CO2                      
20000080  init_H2O                      
20000084  init_N2                       
20000088  init_T_air_ex                 
2000008c  init_LowVolume                
20000090  init_HighVolume               
20000094  init_PercentDiff              
20000098  pastState                     
20000099  newExp                        
2000009c  p_maxIn                       
200000a0  p_maxEx                       
200000a4  volFlowrateInhale             
200000a8  volFlowrateExhale             
200000ac  volumeInhale                  
200000b0  volumeExhale                  
200000b4  frequency                     
200000b8  N_N2_in                       
200000bc  N_CO2_in                      
200000c0  N_O2_in                       
200000c4  N_H2O_in                      
200000c8  N_N2_ex                       
200000cc  N_CO2_ex                      
200000d0  N_O2_ex                       
200000d4  N_H2O_ex                      
200000d8  T_air_in                      
200000dc  T_air_ex                      
200000e0  i                             
200000e8  j                             
200000f0  dir_c                         
200000f4  state                         
200000f8  pwmConfig                     
20000110  B                             
2000011c  A                             
20000124  errno                         
2000012c  init_const                    
2000fe00  __stack                       
20010000  __STACK_END                   
4000480c  WDTCTL_SYM                    
ffffffff  __TI_pprof_out_hndl           
ffffffff  __TI_prof_data_size           
ffffffff  __TI_prof_data_start          
ffffffff  __binit__                     
ffffffff  __c_args__                    
ffffffff  binit                         
UNDEFED   __mpu_init                    
UNDEFED   _system_post_cinit            

[217 symbols]
