******************************************************************************
                  TI ARM Linker PC v20.2.0                     
******************************************************************************
>> Linked Thu Apr 23 11:48:33 2020

OUTPUT FILE NAME:   <it_finally_works_trying_PWM_and_timer_honeywell_b0_b1.out>
ENTRY POINT SYMBOL: "_c_int00_noargs"  address: 0000269d


MEMORY CONFIGURATION

         name            origin    length      used     unused   attr    fill
----------------------  --------  ---------  --------  --------  ----  --------
  MAIN                  00000000   00040000  00002acc  0003d534  R  X
  INFO                  00200000   00004000  00000000  00004000  R  X
  SRAM_CODE             01000000   00010000  0000024d  0000fdb3  RW X
  SRAM_DATA             20000000   00010000  0000024d  0000fdb3  RW  


SEGMENT ALLOCATION MAP

run origin  load origin   length   init length attrs members
----------  ----------- ---------- ----------- ----- -------
00000000    00000000    00002ad0   00002ad0    r-x
  00000000    00000000    000000e4   000000e4    r-- .intvecs
  000000e4    000000e4    00002800   00002800    r-x .text
  000028e4    000028e4    000001a8   000001a8    r-- .const
  00002a90    00002a90    00000040   00000040    r-- .cinit
20000000    20000000    0000004d   00000000    rw-
  20000000    20000000    0000002c   00000000    rw- .data
  2000002c    2000002c    00000021   00000000    rw- .bss
2000fe00    2000fe00    00000200   00000000    rw-
  2000fe00    2000fe00    00000200   00000000    rw- .stack


SECTION ALLOCATION MAP

 output                                  attributes/
section   page    origin      length       input sections
--------  ----  ----------  ----------   ----------------
.intvecs   0    00000000    000000e4     
                  00000000    000000e4     startup_msp432p401r_ccs.obj (.intvecs:retain)

.text      0    000000e4    00002800     
                  000000e4    00000a4e     rtsv7M4_T_le_v4SPD16_eabi.lib : _printfi.c.obj (.text:__TI_printfi)
                  00000b32    00000002     startup_msp432p401r_ccs.obj (.text:Default_Handler)
                  00000b34    00000270     rtsv7M4_T_le_v4SPD16_eabi.lib : _printfi.c.obj (.text:_pconv_a)
                  00000da4    0000025c     i2c_master_rw_repeated_start-master_code.obj (.text:main)
                  00001000    000001d0     rtsv7M4_T_le_v4SPD16_eabi.lib : _printfi.c.obj (.text:_pconv_g)
                  000011d0    000001b6                                   : fd_add_t2.asm.obj (.text)
                  00001386    00000002                                   : div0.asm.obj (.text)
                  00001388    00000168     printf.obj (.text:printfuart)
                  000014f0    0000013c     rtsv7M4_T_le_v4SPD16_eabi.lib : _printfi.c.obj (.text:_pconv_e)
                  0000162c    00000136                                   : fd_div_t2.asm.obj (.text)
                  00001762    00000002     --HOLE-- [fill = 0]
                  00001764    00000124                                   : _printfi.c.obj (.text:fcvt)
                  00001888    0000011c     msp432p4xx_driverlib.lib : uart.o (.text:UART_initModule)
                  000019a4    00000110     rtsv7M4_T_le_v4SPD16_eabi.lib : s_scalbn.c.obj (.text:scalbn)
                  00001ab4    000000fc                                   : fd_mul_t2.asm.obj (.text)
                  00001bb0    000000e0     i2c_master_rw_repeated_start-master_code.obj (.text:EUSCIA0_IRQHandler)
                  00001c90    000000c0     i2c_master_rw_repeated_start-master_code.obj (.text:EUSCIB0_IRQHandler)
                  00001d50    000000c0     i2c_master_rw_repeated_start-master_code.obj (.text:EUSCIB1_IRQHandler)
                  00001e10    000000b1     rtsv7M4_T_le_v4SPD16_eabi.lib : _printfi.c.obj (.text:_ltostr)
                  00001ec1    00000001     --HOLE-- [fill = 0]
                  00001ec2    0000009c                                   : memcpy_t2.asm.obj (.text)
                  00001f5e    00000096                                   : ull_div_t2.asm.obj (.text)
                  00001ff4    00000086                                   : fd_cmp_t2.asm.obj (.text:__aeabi_cdcmple)
                  0000207a    00000086                                   : fd_cmp_t2.asm.obj (.text:__aeabi_cdrcmple)
                  00002100    0000007c     printf.obj (.text:xtoa)
                  0000217c    0000007a     rtsv7M4_T_le_v4SPD16_eabi.lib : memset_t2.asm.obj (.text)
                  000021f6    00000002     --HOLE-- [fill = 0]
                  000021f8    00000078     system_msp432p401r.obj (.text:SystemInit)
                  00002270    0000006e     rtsv7M4_T_le_v4SPD16_eabi.lib : _printfi.c.obj (.text:_mcpy)
                  000022de    00000068                                   : copy_decompress_lzss.c.obj (.text:decompress:lzss:__TI_decompress_lzss)
                  00002346    00000064     msp432p4xx_driverlib.lib : uart.o (.text:UART_getEnabledInterruptStatus)
                  000023aa    00000002     --HOLE-- [fill = 0]
                  000023ac    00000064     rtsv7M4_T_le_v4SPD16_eabi.lib : s_frexp.c.obj (.text:frexp)
                  00002410    00000056                                   : _printfi.c.obj (.text:_pconv_f)
                  00002466    00000054                                   : _ltoa.c.obj (.text:__TI_ltoa)
                  000024ba    00000052                                   : _printfi.c.obj (.text:_ecpy)
                  0000250c    0000004c                                   : atoi.c.obj (.text:atoi)
                  00002558    00000048                                   : fd_toi_t2.asm.obj (.text)
                  000025a0    00000044                                   : autoinit.c.obj (.text:__TI_auto_init_nobinit_nopinit:__TI_auto_init_nobinit_nopinit)
                  000025e4    00000040     msp432p4xx_driverlib.lib : gpio.o (.text:GPIO_setAsOutputPin)
                  00002624    0000003e     rtsv7M4_T_le_v4SPD16_eabi.lib : _printfi.c.obj (.text:_fcpy)
                  00002662    00000038                                   : fs_tod_t2.asm.obj (.text)
                  0000269a    00000002     --HOLE-- [fill = 0]
                  0000269c    00000034                                   : boot_cortex_m.c.obj (.text:_c_int00_noargs:_c_int00_noargs)
                  000026d0    00000030     i2c_master_rw_repeated_start-master_code.obj (.text:vspfunc)
                  00002700    0000002e     rtsv7M4_T_le_v4SPD16_eabi.lib : i_tofd_t2.asm.obj (.text)
                  0000272e    00000002     --HOLE-- [fill = 0]
                  00002730    00000028     msp432p4xx_driverlib.lib : gpio.o (.text:GPIO_toggleOutputOnPin)
                  00002758    00000028     rtsv7M4_T_le_v4SPD16_eabi.lib : vsprintf.c.obj (.text:vsprintf)
                  00002780    00000024     printf.obj (.text:puts)
                  000027a4    00000020     printf.obj (.text:sendByte)
                  000027c4    0000001c     rtsv7M4_T_le_v4SPD16_eabi.lib : copy_zero_init.c.obj (.text:decompress:ZI:__TI_zero_init_nomemset:__TI_zero_init_nomemset)
                  000027e0    0000001c                                   : memccpy.c.obj (.text:memccpy)
                  000027fc    0000001c     printf.obj (.text:puth)
                  00002818    0000001a     rtsv7M4_T_le_v4SPD16_eabi.lib : s_copysign.c.obj (.text:copysign)
                  00002832    00000018     msp432p4xx_driverlib.lib : uart.o (.text:UART_getInterruptStatus)
                  0000284a    00000018     rtsv7M4_T_le_v4SPD16_eabi.lib : vsprintf.c.obj (.text:_outs)
                  00002862    00000016                                   : strchr.c.obj (.text:strchr)
                  00002878    00000014                                   : strlen.c.obj (.text:strlen)
                  0000288c    00000012     printf.obj (.text:putc)
                  0000289e    00000012     rtsv7M4_T_le_v4SPD16_eabi.lib : wcslen.c.obj (.text:wcslen)
                  000028b0    0000000e                                   : copy_decompress_none.c.obj (.text:decompress:none:__TI_decompress_none)
                  000028be    0000000c     startup_msp432p401r_ccs.obj (.text:Reset_Handler)
                  000028ca    0000000a     rtsv7M4_T_le_v4SPD16_eabi.lib : vsprintf.c.obj (.text:_outc)
                  000028d4    00000008                                   : errno.c.obj (.text:__aeabi_errno_addr)
                  000028dc    00000004                                   : pre_init.c.obj (.text:_system_pre_init)
                  000028e0    00000004                                   : exit.c.obj (.text:abort:abort)

.const     0    000028e4    000001a8     
                  000028e4    00000101     rtsv7M4_T_le_v4SPD16_eabi.lib : ctype.c.obj (.const:.string:_ctypes_)
                  000029e5    00000003     --HOLE-- [fill = 0]
                  000029e8    00000030     msp432p4xx_driverlib.lib : gpio.o (.const:GPIO_PORT_TO_BASE)
                  00002a18    00000028     printf.obj (.const:dv)
                  00002a40    00000028     i2c_master_rw_repeated_start-master_code.obj (.const:uartConfig)
                  00002a68    00000014     i2c_master_rw_repeated_start-master_code.obj (.const:i2cConfig)
                  00002a7c    00000010     printf.obj (.const:.string:hex$1)

.cinit     0    00002a90    00000040     
                  00002a90    00000017     (.cinit..data.load) [load image, compression = lzss]
                  00002aa7    00000001     --HOLE-- [fill = 0]
                  00002aa8    0000000c     (__TI_handler_table)
                  00002ab4    00000004     --HOLE-- [fill = 0]
                  00002ab8    00000008     (.cinit..bss.load) [load image, compression = zero_init]
                  00002ac0    00000010     (__TI_cinit_table)

.init_array 
*          0    00000000    00000000     UNINITIALIZED

.binit     0    00000000    00000000     

.data      0    20000000    0000002c     UNINITIALIZED
                  20000000    00000018     i2c_master_rw_repeated_start-master_code.obj (.data:pwmConfig)
                  20000018    0000000f     i2c_master_rw_repeated_start-master_code.obj (.data)
                  20000027    00000001     --HOLE--
                  20000028    00000004     rtsv7M4_T_le_v4SPD16_eabi.lib : errno.c.obj (.data)

.bss       0    2000002c    00000021     UNINITIALIZED
                  2000002c    00000009     i2c_master_rw_repeated_start-master_code.obj (.bss)
                  20000035    00000008     i2c_master_rw_repeated_start-master_code.obj (.bss:RXData0)
                  2000003d    00000008     i2c_master_rw_repeated_start-master_code.obj (.bss:RXData1)
                  20000045    00000008     i2c_master_rw_repeated_start-master_code.obj (.bss:s)

.stack     0    2000fe00    00000200     UNINITIALIZED
                  2000fe00    00000004     rtsv7M4_T_le_v4SPD16_eabi.lib : boot_cortex_m.c.obj (.stack)
                  2000fe04    000001fc     --HOLE--

__llvm_prf_cnts 
*          0    20000000    00000000     UNINITIALIZED

MODULE SUMMARY

       Module                                         code    ro data   rw data
       ------                                         ----    -------   -------
    .\
       i2c_master_rw_repeated_start-master_code.obj   1260    60        144    
       printf.obj                                     598     56        0      
       system_msp432p401r.obj                         120     0         0      
    +--+----------------------------------------------+-------+---------+---------+
       Total:                                         1978    116       144    
                                                                               
    .\ccs\
       startup_msp432p401r_ccs.obj                    14      228       0      
    +--+----------------------------------------------+-------+---------+---------+
       Total:                                         14      228       0      
                                                                               
    C:/ti/simplelink_msp432p4_sdk_3_40_01_02/source/ti/devices/msp432p4xx/driverlib/ccs/msp432p4xx_driverlib.lib
       uart.o                                         408     0         0      
       gpio.o                                         104     48        0      
    +--+----------------------------------------------+-------+---------+---------+
       Total:                                         512     48        0      
                                                                               
    C:\ti\ccs1000\ccs\tools\compiler\ti-cgt-arm_20.2.0.LTS\lib\rtsv7M4_T_le_v4SPD16_eabi.lib
       _printfi.c.obj                                 4851    0         0      
       fd_add_t2.asm.obj                              438     0         0      
       fd_div_t2.asm.obj                              310     0         0      
       s_scalbn.c.obj                                 272     0         0      
       fd_cmp_t2.asm.obj                              268     0         0      
       ctype.c.obj                                    0       257       0      
       fd_mul_t2.asm.obj                              252     0         0      
       memcpy_t2.asm.obj                              156     0         0      
       ull_div_t2.asm.obj                             150     0         0      
       memset_t2.asm.obj                              122     0         0      
       copy_decompress_lzss.c.obj                     104     0         0      
       s_frexp.c.obj                                  100     0         0      
       _ltoa.c.obj                                    84      0         0      
       atoi.c.obj                                     76      0         0      
       vsprintf.c.obj                                 74      0         0      
       fd_toi_t2.asm.obj                              72      0         0      
       autoinit.c.obj                                 68      0         0      
       fs_tod_t2.asm.obj                              56      0         0      
       boot_cortex_m.c.obj                            52      0         0      
       i_tofd_t2.asm.obj                              46      0         0      
       copy_zero_init.c.obj                           28      0         0      
       memccpy.c.obj                                  28      0         0      
       s_copysign.c.obj                               26      0         0      
       strchr.c.obj                                   22      0         0      
       strlen.c.obj                                   20      0         0      
       wcslen.c.obj                                   18      0         0      
       errno.c.obj                                    8       0         8      
       copy_decompress_none.c.obj                     14      0         0      
       exit.c.obj                                     4       0         0      
       pre_init.c.obj                                 4       0         0      
       div0.asm.obj                                   2       0         0      
    +--+----------------------------------------------+-------+---------+---------+
       Total:                                         7725    257       8      
                                                                               
       Stack:                                         0       0         1024   
       Linker Generated:                              0       59        0      
    +--+----------------------------------------------+-------+---------+---------+
       Grand Total:                                   10229   708       1176   


LINKER GENERATED COPY TABLES

__TI_cinit_table @ 00002ac0 records: 2, size/record: 8, table size: 16
	.data: load addr=00002a90, load size=00000017 bytes, run addr=20000000, run size=0000002c bytes, compression=lzss
	.bss: load addr=00002ab8, load size=00000008 bytes, run addr=2000002c, run size=00000021 bytes, compression=zero_init


LINKER GENERATED HANDLER TABLE

__TI_handler_table @ 00002aa8 records: 3, size/record: 4, table size: 12
	index: 0, handler: __TI_decompress_lzss
	index: 1, handler: __TI_decompress_none
	index: 2, handler: __TI_zero_init


GLOBAL SYMBOLS: SORTED ALPHABETICALLY BY Name 

address   name                          
-------   ----                          
00000b33  ADC14_IRQHandler              
00000b33  AES256_IRQHandler             
00000b33  BusFault_Handler              
000028e1  C$$EXIT                       
00000b33  COMP_E0_IRQHandler            
00000b33  COMP_E1_IRQHandler            
00000b33  CS_IRQHandler                 
00000b33  DMA_ERR_IRQHandler            
00000b33  DMA_INT0_IRQHandler           
00000b33  DMA_INT1_IRQHandler           
00000b33  DMA_INT2_IRQHandler           
00000b33  DMA_INT3_IRQHandler           
00000b33  DebugMon_Handler              
00000b33  Default_Handler               
00001bb1  EUSCIA0_IRQHandler            
00001bb1  EUSCIA0_IRQHandler            
00000b33  EUSCIA1_IRQHandler            
00000b33  EUSCIA2_IRQHandler            
00000b33  EUSCIA3_IRQHandler            
00001c91  EUSCIB0_IRQHandler            
00001c91  EUSCIB0_IRQHandler            
00001d51  EUSCIB1_IRQHandler            
00001d51  EUSCIB1_IRQHandler            
00000b33  EUSCIB2_IRQHandler            
00000b33  EUSCIB3_IRQHandler            
00000b33  FLCTL_IRQHandler              
00000b33  FPU_IRQHandler                
000025e5  GPIO_setAsOutputPin           
00002731  GPIO_toggleOutputOnPin        
00000b33  HardFault_Handler             
00000b33  MemManage_Handler             
00000b33  NMI_Handler                   
00000b33  PCM_IRQHandler                
00000b33  PORT1_IRQHandler              
00000b33  PORT2_IRQHandler              
00000b33  PORT3_IRQHandler              
00000b33  PORT4_IRQHandler              
00000b33  PORT5_IRQHandler              
00000b33  PORT6_IRQHandler              
00000b33  PSS_IRQHandler                
00000b33  PendSV_Handler                
00000b33  RTC_C_IRQHandler              
000028bf  Reset_Handler                 
00000b33  SVC_Handler                   
00000b33  SysTick_Handler               
000021f9  SystemInit                    
00000b33  T32_INT1_IRQHandler           
00000b33  T32_INT2_IRQHandler           
00000b33  T32_INTC_IRQHandler           
00000b33  TA0_0_IRQHandler              
00000b33  TA0_N_IRQHandler              
00000b33  TA1_0_IRQHandler              
00000b33  TA1_N_IRQHandler              
00000b33  TA2_0_IRQHandler              
00000b33  TA2_N_IRQHandler              
00000b33  TA3_0_IRQHandler              
00000b33  TA3_N_IRQHandler              
00002347  UART_getEnabledInterruptStatus
00002833  UART_getInterruptStatus       
00001889  UART_initModule               
00000b33  UsageFault_Handler            
4000480c  WDTCTL_SYM                    
00000b33  WDT_A_IRQHandler              
20010000  __STACK_END                   
00000200  __STACK_SIZE                  
00002ac0  __TI_CINIT_Base               
00002ad0  __TI_CINIT_Limit              
00002aa8  __TI_Handler_Table_Base       
00002ab4  __TI_Handler_Table_Limit      
000025a1  __TI_auto_init_nobinit_nopinit
000022df  __TI_decompress_lzss          
000028b1  __TI_decompress_none          
00002467  __TI_ltoa                     
ffffffff  __TI_pprof_out_hndl           
000000e5  __TI_printfi                  
ffffffff  __TI_prof_data_size           
ffffffff  __TI_prof_data_start          
00000000  __TI_static_base__            
000027c5  __TI_zero_init_nomemset       
00001ff5  __aeabi_cdcmpeq               
00001ff5  __aeabi_cdcmple               
0000207b  __aeabi_cdrcmple              
00002559  __aeabi_d2iz                  
000011db  __aeabi_dadd                  
0000162d  __aeabi_ddiv                  
00001ab5  __aeabi_dmul                  
000011d1  __aeabi_dsub                  
000028d5  __aeabi_errno_addr            
00002663  __aeabi_f2d                   
00002701  __aeabi_i2d                   
00001387  __aeabi_idiv0                 
00001387  __aeabi_ldiv0                 
0000217d  __aeabi_memclr                
0000217d  __aeabi_memclr4               
0000217d  __aeabi_memclr8               
00001ec3  __aeabi_memcpy                
00001ec3  __aeabi_memcpy4               
00001ec3  __aeabi_memcpy8               
0000217f  __aeabi_memset                
0000217f  __aeabi_memset4               
0000217f  __aeabi_memset8               
00001f5f  __aeabi_uldivmod              
ffffffff  __binit__                     
ffffffff  __c_args__                    
UNDEFED   __mpu_init                    
2000fe00  __stack                       
20000000  __start___llvm_prf_cnts       
20000000  __stop___llvm_prf_cnts        
0000269d  _c_int00_noargs               
000028e4  _ctypes_                      
UNDEFED   _system_post_cinit            
000028dd  _system_pre_init              
000028e1  abort                         
0000250d  atoi                          
ffffffff  binit                         
00002819  copysign                      
00002819  copysignl                     
20000028  errno                         
000023ad  frexp                         
000023ad  frexpl                        
00002a68  i2cConfig                     
00000000  interruptVectors              
000019a5  ldexp                         
000019a5  ldexpl                        
00000da5  main                          
000027e1  memccpy                       
00001ec3  memcpy                        
00002185  memset                        
00001389  printfuart                    
0000288d  putc                          
00002781  puts                          
20000000  pwmConfig                     
000019a5  scalbn                        
000019a5  scalbnl                       
000027a5  sendByte                      
00002863  strchr                        
00002879  strlen                        
00002a40  uartConfig                    
000026d1  vspfunc                       
00002759  vsprintf                      
0000289f  wcslen                        


GLOBAL SYMBOLS: SORTED BY Symbol Address 

address   name                          
-------   ----                          
00000000  __TI_static_base__            
00000000  interruptVectors              
000000e5  __TI_printfi                  
00000200  __STACK_SIZE                  
00000b33  ADC14_IRQHandler              
00000b33  AES256_IRQHandler             
00000b33  BusFault_Handler              
00000b33  COMP_E0_IRQHandler            
00000b33  COMP_E1_IRQHandler            
00000b33  CS_IRQHandler                 
00000b33  DMA_ERR_IRQHandler            
00000b33  DMA_INT0_IRQHandler           
00000b33  DMA_INT1_IRQHandler           
00000b33  DMA_INT2_IRQHandler           
00000b33  DMA_INT3_IRQHandler           
00000b33  DebugMon_Handler              
00000b33  Default_Handler               
00000b33  EUSCIA1_IRQHandler            
00000b33  EUSCIA2_IRQHandler            
00000b33  EUSCIA3_IRQHandler            
00000b33  EUSCIB2_IRQHandler            
00000b33  EUSCIB3_IRQHandler            
00000b33  FLCTL_IRQHandler              
00000b33  FPU_IRQHandler                
00000b33  HardFault_Handler             
00000b33  MemManage_Handler             
00000b33  NMI_Handler                   
00000b33  PCM_IRQHandler                
00000b33  PORT1_IRQHandler              
00000b33  PORT2_IRQHandler              
00000b33  PORT3_IRQHandler              
00000b33  PORT4_IRQHandler              
00000b33  PORT5_IRQHandler              
00000b33  PORT6_IRQHandler              
00000b33  PSS_IRQHandler                
00000b33  PendSV_Handler                
00000b33  RTC_C_IRQHandler              
00000b33  SVC_Handler                   
00000b33  SysTick_Handler               
00000b33  T32_INT1_IRQHandler           
00000b33  T32_INT2_IRQHandler           
00000b33  T32_INTC_IRQHandler           
00000b33  TA0_0_IRQHandler              
00000b33  TA0_N_IRQHandler              
00000b33  TA1_0_IRQHandler              
00000b33  TA1_N_IRQHandler              
00000b33  TA2_0_IRQHandler              
00000b33  TA2_N_IRQHandler              
00000b33  TA3_0_IRQHandler              
00000b33  TA3_N_IRQHandler              
00000b33  UsageFault_Handler            
00000b33  WDT_A_IRQHandler              
00000da5  main                          
000011d1  __aeabi_dsub                  
000011db  __aeabi_dadd                  
00001387  __aeabi_idiv0                 
00001387  __aeabi_ldiv0                 
00001389  printfuart                    
0000162d  __aeabi_ddiv                  
00001889  UART_initModule               
000019a5  ldexp                         
000019a5  ldexpl                        
000019a5  scalbn                        
000019a5  scalbnl                       
00001ab5  __aeabi_dmul                  
00001bb1  EUSCIA0_IRQHandler            
00001bb1  EUSCIA0_IRQHandler            
00001c91  EUSCIB0_IRQHandler            
00001c91  EUSCIB0_IRQHandler            
00001d51  EUSCIB1_IRQHandler            
00001d51  EUSCIB1_IRQHandler            
00001ec3  __aeabi_memcpy                
00001ec3  __aeabi_memcpy4               
00001ec3  __aeabi_memcpy8               
00001ec3  memcpy                        
00001f5f  __aeabi_uldivmod              
00001ff5  __aeabi_cdcmpeq               
00001ff5  __aeabi_cdcmple               
0000207b  __aeabi_cdrcmple              
0000217d  __aeabi_memclr                
0000217d  __aeabi_memclr4               
0000217d  __aeabi_memclr8               
0000217f  __aeabi_memset                
0000217f  __aeabi_memset4               
0000217f  __aeabi_memset8               
00002185  memset                        
000021f9  SystemInit                    
000022df  __TI_decompress_lzss          
00002347  UART_getEnabledInterruptStatus
000023ad  frexp                         
000023ad  frexpl                        
00002467  __TI_ltoa                     
0000250d  atoi                          
00002559  __aeabi_d2iz                  
000025a1  __TI_auto_init_nobinit_nopinit
000025e5  GPIO_setAsOutputPin           
00002663  __aeabi_f2d                   
0000269d  _c_int00_noargs               
000026d1  vspfunc                       
00002701  __aeabi_i2d                   
00002731  GPIO_toggleOutputOnPin        
00002759  vsprintf                      
00002781  puts                          
000027a5  sendByte                      
000027c5  __TI_zero_init_nomemset       
000027e1  memccpy                       
00002819  copysign                      
00002819  copysignl                     
00002833  UART_getInterruptStatus       
00002863  strchr                        
00002879  strlen                        
0000288d  putc                          
0000289f  wcslen                        
000028b1  __TI_decompress_none          
000028bf  Reset_Handler                 
000028d5  __aeabi_errno_addr            
000028dd  _system_pre_init              
000028e1  C$$EXIT                       
000028e1  abort                         
000028e4  _ctypes_                      
00002a40  uartConfig                    
00002a68  i2cConfig                     
00002aa8  __TI_Handler_Table_Base       
00002ab4  __TI_Handler_Table_Limit      
00002ac0  __TI_CINIT_Base               
00002ad0  __TI_CINIT_Limit              
20000000  __start___llvm_prf_cnts       
20000000  __stop___llvm_prf_cnts        
20000000  pwmConfig                     
20000028  errno                         
2000fe00  __stack                       
20010000  __STACK_END                   
4000480c  WDTCTL_SYM                    
ffffffff  __TI_pprof_out_hndl           
ffffffff  __TI_prof_data_size           
ffffffff  __TI_prof_data_start          
ffffffff  __binit__                     
ffffffff  __c_args__                    
ffffffff  binit                         
UNDEFED   __mpu_init                    
UNDEFED   _system_post_cinit            

[141 symbols]
