******************************************************************************
                  TI ARM Linker PC v20.2.0                     
******************************************************************************
>> Linked Thu Apr 16 17:21:31 2020

OUTPUT FILE NAME:   <it_finally_works_trying.out>
ENTRY POINT SYMBOL: "_c_int00_noargs"  address: 00002651


MEMORY CONFIGURATION

         name            origin    length      used     unused   attr    fill
----------------------  --------  ---------  --------  --------  ----  --------
  MAIN                  00000000   00040000  00002a70  0003d590  R  X
  INFO                  00200000   00004000  00000000  00004000  R  X
  SRAM_CODE             01000000   00010000  0000022d  0000fdd3  RW X
  SRAM_DATA             20000000   00010000  0000022d  0000fdd3  RW  


SEGMENT ALLOCATION MAP

run origin  load origin   length   init length attrs members
----------  ----------- ---------- ----------- ----- -------
00000000    00000000    00002a70   00002a70    r-x
  00000000    00000000    000000e4   000000e4    r-- .intvecs
  000000e4    000000e4    000027b4   000027b4    r-x .text
  00002898    00002898    000001a8   000001a8    r-- .const
  00002a40    00002a40    00000030   00000030    r-- .cinit
20000000    20000000    00000030   00000000    rw-
  20000000    20000000    00000019   00000000    rw- .bss
  2000001c    2000001c    00000014   00000000    rw- .data
2000fe00    2000fe00    00000200   00000000    rw-
  2000fe00    2000fe00    00000200   00000000    rw- .stack


SECTION ALLOCATION MAP

 output                                  attributes/
section   page    origin      length       input sections
--------  ----  ----------  ----------   ----------------
.intvecs   0    00000000    000000e4     
                  00000000    000000e4     startup_msp432p401r_ccs.obj (.intvecs:retain)

.text      0    000000e4    000027b4     
                  000000e4    00000a4e     rtsv7M4_T_le_v4SPD16_eabi.lib : _printfi.c.obj (.text:__TI_printfi)
                  00000b32    00000002     startup_msp432p401r_ccs.obj (.text:Default_Handler)
                  00000b34    00000270     rtsv7M4_T_le_v4SPD16_eabi.lib : _printfi.c.obj (.text:_pconv_a)
                  00000da4    000001d0                                   : _printfi.c.obj (.text:_pconv_g)
                  00000f74    000001b6                                   : fd_add_t2.asm.obj (.text)
                  0000112a    00000002                                   : div0.asm.obj (.text)
                  0000112c    0000019c     i2c_master_rw_repeated_start-master_code.obj (.text:main)
                  000012c8    00000168     printf.obj (.text:printfuart)
                  00001430    00000160     i2c_master_rw_repeated_start-master_code.obj (.text:EUSCIB0_IRQHandler)
                  00001590    0000013c     rtsv7M4_T_le_v4SPD16_eabi.lib : _printfi.c.obj (.text:_pconv_e)
                  000016cc    00000136                                   : fd_div_t2.asm.obj (.text)
                  00001802    00000002     --HOLE-- [fill = 0]
                  00001804    00000124                                   : _printfi.c.obj (.text:fcvt)
                  00001928    0000011c     msp432p4xx_driverlib.lib : uart.o (.text:UART_initModule)
                  00001a44    00000110     rtsv7M4_T_le_v4SPD16_eabi.lib : s_scalbn.c.obj (.text:scalbn)
                  00001b54    000000fc                                   : fd_mul_t2.asm.obj (.text)
                  00001c50    000000b1                                   : _printfi.c.obj (.text:_ltostr)
                  00001d01    00000003     --HOLE-- [fill = 0]
                  00001d04    000000a0     i2c_master_rw_repeated_start-master_code.obj (.text:EUSCIA0_IRQHandler)
                  00001da4    0000009c     rtsv7M4_T_le_v4SPD16_eabi.lib : memcpy_t2.asm.obj (.text)
                  00001e40    00000096                                   : ull_div_t2.asm.obj (.text)
                  00001ed6    00000086                                   : fd_cmp_t2.asm.obj (.text:__aeabi_cdcmple)
                  00001f5c    00000086                                   : fd_cmp_t2.asm.obj (.text:__aeabi_cdrcmple)
                  00001fe2    0000007c     printf.obj (.text:xtoa)
                  0000205e    0000007a     rtsv7M4_T_le_v4SPD16_eabi.lib : memset_t2.asm.obj (.text)
                  000020d8    00000078     system_msp432p401r.obj (.text:SystemInit)
                  00002150    0000006e     rtsv7M4_T_le_v4SPD16_eabi.lib : _printfi.c.obj (.text:_mcpy)
                  000021be    00000002     --HOLE-- [fill = 0]
                  000021c0    0000006c     msp432p4xx_driverlib.lib : i2c.o (.text:I2C_masterSendMultiByteFinish)
                  0000222c    00000068                              : i2c.o (.text:I2C_masterSendMultiByteStart)
                  00002294    00000068     rtsv7M4_T_le_v4SPD16_eabi.lib : copy_decompress_lzss.c.obj (.text:decompress:lzss:__TI_decompress_lzss)
                  000022fc    00000064     msp432p4xx_driverlib.lib : uart.o (.text:UART_getEnabledInterruptStatus)
                  00002360    00000064     rtsv7M4_T_le_v4SPD16_eabi.lib : s_frexp.c.obj (.text:frexp)
                  000023c4    00000056                                   : _printfi.c.obj (.text:_pconv_f)
                  0000241a    00000054                                   : _ltoa.c.obj (.text:__TI_ltoa)
                  0000246e    00000052                                   : _printfi.c.obj (.text:_ecpy)
                  000024c0    0000004c                                   : atoi.c.obj (.text:atoi)
                  0000250c    00000048                                   : fd_toi_t2.asm.obj (.text)
                  00002554    00000044                                   : autoinit.c.obj (.text:__TI_auto_init_nobinit_nopinit:__TI_auto_init_nobinit_nopinit)
                  00002598    00000040     msp432p4xx_driverlib.lib : gpio.o (.text:GPIO_setAsOutputPin)
                  000025d8    0000003e     rtsv7M4_T_le_v4SPD16_eabi.lib : _printfi.c.obj (.text:_fcpy)
                  00002616    00000038                                   : fs_tod_t2.asm.obj (.text)
                  0000264e    00000002     --HOLE-- [fill = 0]
                  00002650    00000034                                   : boot_cortex_m.c.obj (.text:_c_int00_noargs:_c_int00_noargs)
                  00002684    00000030     i2c_master_rw_repeated_start-master_code.obj (.text:vspfunc)
                  000026b4    0000002e     rtsv7M4_T_le_v4SPD16_eabi.lib : i_tofd_t2.asm.obj (.text)
                  000026e2    00000002     --HOLE-- [fill = 0]
                  000026e4    00000028     msp432p4xx_driverlib.lib : gpio.o (.text:GPIO_toggleOutputOnPin)
                  0000270c    00000028     rtsv7M4_T_le_v4SPD16_eabi.lib : vsprintf.c.obj (.text:vsprintf)
                  00002734    00000024     printf.obj (.text:puts)
                  00002758    00000020     printf.obj (.text:sendByte)
                  00002778    0000001c     rtsv7M4_T_le_v4SPD16_eabi.lib : copy_zero_init.c.obj (.text:decompress:ZI:__TI_zero_init_nomemset:__TI_zero_init_nomemset)
                  00002794    0000001c                                   : memccpy.c.obj (.text:memccpy)
                  000027b0    0000001c     printf.obj (.text:puth)
                  000027cc    0000001a     rtsv7M4_T_le_v4SPD16_eabi.lib : s_copysign.c.obj (.text:copysign)
                  000027e6    00000018     msp432p4xx_driverlib.lib : uart.o (.text:UART_getInterruptStatus)
                  000027fe    00000018     rtsv7M4_T_le_v4SPD16_eabi.lib : vsprintf.c.obj (.text:_outs)
                  00002816    00000016                                   : strchr.c.obj (.text:strchr)
                  0000282c    00000014                                   : strlen.c.obj (.text:strlen)
                  00002840    00000012     printf.obj (.text:putc)
                  00002852    00000012     rtsv7M4_T_le_v4SPD16_eabi.lib : wcslen.c.obj (.text:wcslen)
                  00002864    0000000e                                   : copy_decompress_none.c.obj (.text:decompress:none:__TI_decompress_none)
                  00002872    0000000c     startup_msp432p401r_ccs.obj (.text:Reset_Handler)
                  0000287e    0000000a     rtsv7M4_T_le_v4SPD16_eabi.lib : vsprintf.c.obj (.text:_outc)
                  00002888    00000008                                   : errno.c.obj (.text:__aeabi_errno_addr)
                  00002890    00000004                                   : pre_init.c.obj (.text:_system_pre_init)
                  00002894    00000004                                   : exit.c.obj (.text:abort:abort)

.const     0    00002898    000001a8     
                  00002898    00000101     rtsv7M4_T_le_v4SPD16_eabi.lib : ctype.c.obj (.const:.string:_ctypes_)
                  00002999    00000003     --HOLE-- [fill = 0]
                  0000299c    00000030     msp432p4xx_driverlib.lib : gpio.o (.const:GPIO_PORT_TO_BASE)
                  000029cc    00000028     printf.obj (.const:dv)
                  000029f4    00000028     i2c_master_rw_repeated_start-master_code.obj (.const:uartConfig)
                  00002a1c    00000014     i2c_master_rw_repeated_start-master_code.obj (.const:i2cConfig)
                  00002a30    00000010     printf.obj (.const:.string:hex$1)

.cinit     0    00002a40    00000030     
                  00002a40    0000000c     (__TI_handler_table)
                  00002a4c    00000004     --HOLE-- [fill = 0]
                  00002a50    00000008     (.cinit..bss.load) [load image, compression = zero_init]
                  00002a58    00000008     (.cinit..data.load) [load image, compression = lzss]
                  00002a60    00000010     (__TI_cinit_table)

.init_array 
*          0    00000000    00000000     UNINITIALIZED

.binit     0    00000000    00000000     

.bss       0    20000000    00000019     UNINITIALIZED
                  20000000    0000000c     i2c_master_rw_repeated_start-master_code.obj (.bss:RXData)
                  2000000c    00000008     i2c_master_rw_repeated_start-master_code.obj (.bss:s)
                  20000014    00000005     i2c_master_rw_repeated_start-master_code.obj (.bss)

.data      0    2000001c    00000014     UNINITIALIZED
                  2000001c    0000000f     i2c_master_rw_repeated_start-master_code.obj (.data)
                  2000002b    00000001     --HOLE--
                  2000002c    00000004     rtsv7M4_T_le_v4SPD16_eabi.lib : errno.c.obj (.data)

.stack     0    2000fe00    00000200     UNINITIALIZED
                  2000fe00    00000004     rtsv7M4_T_le_v4SPD16_eabi.lib : boot_cortex_m.c.obj (.stack)
                  2000fe04    000001fc     --HOLE--

__llvm_prf_cnts 
*          0    20000000    00000000     UNINITIALIZED

MODULE SUMMARY

       Module                                         code    ro data   rw data
       ------                                         ----    -------   -------
    .\
       i2c_master_rw_repeated_start-master_code.obj   972     60        80     
       printf.obj                                     598     56        0      
       system_msp432p401r.obj                         120     0         0      
    +--+----------------------------------------------+-------+---------+---------+
       Total:                                         1690    116       80     
                                                                               
    .\ccs\
       startup_msp432p401r_ccs.obj                    14      228       0      
    +--+----------------------------------------------+-------+---------+---------+
       Total:                                         14      228       0      
                                                                               
    C:/ti/simplelink_msp432p4_sdk_3_40_01_02/source/ti/devices/msp432p4xx/driverlib/ccs/msp432p4xx_driverlib.lib
       uart.o                                         408     0         0      
       i2c.o                                          212     0         0      
       gpio.o                                         104     48        0      
    +--+----------------------------------------------+-------+---------+---------+
       Total:                                         724     48        0      
                                                                               
    C:\ti\ccs1000\ccs\tools\compiler\ti-cgt-arm_20.2.0.LTS\lib\rtsv7M4_T_le_v4SPD16_eabi.lib
       _printfi.c.obj                                 4851    0         0      
       fd_add_t2.asm.obj                              438     0         0      
       fd_div_t2.asm.obj                              310     0         0      
       s_scalbn.c.obj                                 272     0         0      
       fd_cmp_t2.asm.obj                              268     0         0      
       ctype.c.obj                                    0       257       0      
       fd_mul_t2.asm.obj                              252     0         0      
       memcpy_t2.asm.obj                              156     0         0      
       ull_div_t2.asm.obj                             150     0         0      
       memset_t2.asm.obj                              122     0         0      
       copy_decompress_lzss.c.obj                     104     0         0      
       s_frexp.c.obj                                  100     0         0      
       _ltoa.c.obj                                    84      0         0      
       atoi.c.obj                                     76      0         0      
       vsprintf.c.obj                                 74      0         0      
       fd_toi_t2.asm.obj                              72      0         0      
       autoinit.c.obj                                 68      0         0      
       fs_tod_t2.asm.obj                              56      0         0      
       boot_cortex_m.c.obj                            52      0         0      
       i_tofd_t2.asm.obj                              46      0         0      
       copy_zero_init.c.obj                           28      0         0      
       memccpy.c.obj                                  28      0         0      
       s_copysign.c.obj                               26      0         0      
       strchr.c.obj                                   22      0         0      
       strlen.c.obj                                   20      0         0      
       wcslen.c.obj                                   18      0         0      
       errno.c.obj                                    8       0         8      
       copy_decompress_none.c.obj                     14      0         0      
       exit.c.obj                                     4       0         0      
       pre_init.c.obj                                 4       0         0      
       div0.asm.obj                                   2       0         0      
    +--+----------------------------------------------+-------+---------+---------+
       Total:                                         7725    257       8      
                                                                               
       Stack:                                         0       0         1024   
       Linker Generated:                              0       44        0      
    +--+----------------------------------------------+-------+---------+---------+
       Grand Total:                                   10153   693       1112   


LINKER GENERATED COPY TABLES

__TI_cinit_table @ 00002a60 records: 2, size/record: 8, table size: 16
	.bss: load addr=00002a50, load size=00000008 bytes, run addr=20000000, run size=00000019 bytes, compression=zero_init
	.data: load addr=00002a58, load size=00000008 bytes, run addr=2000001c, run size=00000014 bytes, compression=lzss


LINKER GENERATED HANDLER TABLE

__TI_handler_table @ 00002a40 records: 3, size/record: 4, table size: 12
	index: 0, handler: __TI_decompress_lzss
	index: 1, handler: __TI_decompress_none
	index: 2, handler: __TI_zero_init


GLOBAL SYMBOLS: SORTED ALPHABETICALLY BY Name 

address   name                          
-------   ----                          
00000b33  ADC14_IRQHandler              
00000b33  AES256_IRQHandler             
00000b33  BusFault_Handler              
00002895  C$$EXIT                       
00000b33  COMP_E0_IRQHandler            
00000b33  COMP_E1_IRQHandler            
00000b33  CS_IRQHandler                 
00000b33  DMA_ERR_IRQHandler            
00000b33  DMA_INT0_IRQHandler           
00000b33  DMA_INT1_IRQHandler           
00000b33  DMA_INT2_IRQHandler           
00000b33  DMA_INT3_IRQHandler           
00000b33  DebugMon_Handler              
00000b33  Default_Handler               
00001d05  EUSCIA0_IRQHandler            
00001d05  EUSCIA0_IRQHandler            
00000b33  EUSCIA1_IRQHandler            
00000b33  EUSCIA2_IRQHandler            
00000b33  EUSCIA3_IRQHandler            
00001431  EUSCIB0_IRQHandler            
00001431  EUSCIB0_IRQHandler            
00000b33  EUSCIB1_IRQHandler            
00000b33  EUSCIB2_IRQHandler            
00000b33  EUSCIB3_IRQHandler            
00000b33  FLCTL_IRQHandler              
00000b33  FPU_IRQHandler                
00002599  GPIO_setAsOutputPin           
000026e5  GPIO_toggleOutputOnPin        
00000b33  HardFault_Handler             
000021c1  I2C_masterSendMultiByteFinish 
0000222d  I2C_masterSendMultiByteStart  
00000b33  MemManage_Handler             
00000b33  NMI_Handler                   
00000b33  PCM_IRQHandler                
00000b33  PORT1_IRQHandler              
00000b33  PORT2_IRQHandler              
00000b33  PORT3_IRQHandler              
00000b33  PORT4_IRQHandler              
00000b33  PORT5_IRQHandler              
00000b33  PORT6_IRQHandler              
00000b33  PSS_IRQHandler                
00000b33  PendSV_Handler                
00000b33  RTC_C_IRQHandler              
00002873  Reset_Handler                 
00000b33  SVC_Handler                   
00000b33  SysTick_Handler               
000020d9  SystemInit                    
00000b33  T32_INT1_IRQHandler           
00000b33  T32_INT2_IRQHandler           
00000b33  T32_INTC_IRQHandler           
00000b33  TA0_0_IRQHandler              
00000b33  TA0_N_IRQHandler              
00000b33  TA1_0_IRQHandler              
00000b33  TA1_N_IRQHandler              
00000b33  TA2_0_IRQHandler              
00000b33  TA2_N_IRQHandler              
00000b33  TA3_0_IRQHandler              
00000b33  TA3_N_IRQHandler              
000022fd  UART_getEnabledInterruptStatus
000027e7  UART_getInterruptStatus       
00001929  UART_initModule               
00000b33  UsageFault_Handler            
4000480c  WDTCTL_SYM                    
00000b33  WDT_A_IRQHandler              
20010000  __STACK_END                   
00000200  __STACK_SIZE                  
00002a60  __TI_CINIT_Base               
00002a70  __TI_CINIT_Limit              
00002a40  __TI_Handler_Table_Base       
00002a4c  __TI_Handler_Table_Limit      
00002555  __TI_auto_init_nobinit_nopinit
00002295  __TI_decompress_lzss          
00002865  __TI_decompress_none          
0000241b  __TI_ltoa                     
ffffffff  __TI_pprof_out_hndl           
000000e5  __TI_printfi                  
ffffffff  __TI_prof_data_size           
ffffffff  __TI_prof_data_start          
00000000  __TI_static_base__            
00002779  __TI_zero_init_nomemset       
00001ed7  __aeabi_cdcmpeq               
00001ed7  __aeabi_cdcmple               
00001f5d  __aeabi_cdrcmple              
0000250d  __aeabi_d2iz                  
00000f7f  __aeabi_dadd                  
000016cd  __aeabi_ddiv                  
00001b55  __aeabi_dmul                  
00000f75  __aeabi_dsub                  
00002889  __aeabi_errno_addr            
00002617  __aeabi_f2d                   
000026b5  __aeabi_i2d                   
0000112b  __aeabi_idiv0                 
0000112b  __aeabi_ldiv0                 
0000205f  __aeabi_memclr                
0000205f  __aeabi_memclr4               
0000205f  __aeabi_memclr8               
00001da5  __aeabi_memcpy                
00001da5  __aeabi_memcpy4               
00001da5  __aeabi_memcpy8               
00002061  __aeabi_memset                
00002061  __aeabi_memset4               
00002061  __aeabi_memset8               
00001e41  __aeabi_uldivmod              
ffffffff  __binit__                     
ffffffff  __c_args__                    
UNDEFED   __mpu_init                    
2000fe00  __stack                       
20000000  __start___llvm_prf_cnts       
20000000  __stop___llvm_prf_cnts        
00002651  _c_int00_noargs               
00002898  _ctypes_                      
UNDEFED   _system_post_cinit            
00002891  _system_pre_init              
00002895  abort                         
000024c1  atoi                          
ffffffff  binit                         
000027cd  copysign                      
000027cd  copysignl                     
2000002c  errno                         
00002361  frexp                         
00002361  frexpl                        
00002a1c  i2cConfig                     
00000000  interruptVectors              
00001a45  ldexp                         
00001a45  ldexpl                        
0000112d  main                          
00002795  memccpy                       
00001da5  memcpy                        
00002067  memset                        
000012c9  printfuart                    
00002841  putc                          
00002735  puts                          
00001a45  scalbn                        
00001a45  scalbnl                       
00002759  sendByte                      
00002817  strchr                        
0000282d  strlen                        
000029f4  uartConfig                    
00002685  vspfunc                       
0000270d  vsprintf                      
00002853  wcslen                        


GLOBAL SYMBOLS: SORTED BY Symbol Address 

address   name                          
-------   ----                          
00000000  __TI_static_base__            
00000000  interruptVectors              
000000e5  __TI_printfi                  
00000200  __STACK_SIZE                  
00000b33  ADC14_IRQHandler              
00000b33  AES256_IRQHandler             
00000b33  BusFault_Handler              
00000b33  COMP_E0_IRQHandler            
00000b33  COMP_E1_IRQHandler            
00000b33  CS_IRQHandler                 
00000b33  DMA_ERR_IRQHandler            
00000b33  DMA_INT0_IRQHandler           
00000b33  DMA_INT1_IRQHandler           
00000b33  DMA_INT2_IRQHandler           
00000b33  DMA_INT3_IRQHandler           
00000b33  DebugMon_Handler              
00000b33  Default_Handler               
00000b33  EUSCIA1_IRQHandler            
00000b33  EUSCIA2_IRQHandler            
00000b33  EUSCIA3_IRQHandler            
00000b33  EUSCIB1_IRQHandler            
00000b33  EUSCIB2_IRQHandler            
00000b33  EUSCIB3_IRQHandler            
00000b33  FLCTL_IRQHandler              
00000b33  FPU_IRQHandler                
00000b33  HardFault_Handler             
00000b33  MemManage_Handler             
00000b33  NMI_Handler                   
00000b33  PCM_IRQHandler                
00000b33  PORT1_IRQHandler              
00000b33  PORT2_IRQHandler              
00000b33  PORT3_IRQHandler              
00000b33  PORT4_IRQHandler              
00000b33  PORT5_IRQHandler              
00000b33  PORT6_IRQHandler              
00000b33  PSS_IRQHandler                
00000b33  PendSV_Handler                
00000b33  RTC_C_IRQHandler              
00000b33  SVC_Handler                   
00000b33  SysTick_Handler               
00000b33  T32_INT1_IRQHandler           
00000b33  T32_INT2_IRQHandler           
00000b33  T32_INTC_IRQHandler           
00000b33  TA0_0_IRQHandler              
00000b33  TA0_N_IRQHandler              
00000b33  TA1_0_IRQHandler              
00000b33  TA1_N_IRQHandler              
00000b33  TA2_0_IRQHandler              
00000b33  TA2_N_IRQHandler              
00000b33  TA3_0_IRQHandler              
00000b33  TA3_N_IRQHandler              
00000b33  UsageFault_Handler            
00000b33  WDT_A_IRQHandler              
00000f75  __aeabi_dsub                  
00000f7f  __aeabi_dadd                  
0000112b  __aeabi_idiv0                 
0000112b  __aeabi_ldiv0                 
0000112d  main                          
000012c9  printfuart                    
00001431  EUSCIB0_IRQHandler            
00001431  EUSCIB0_IRQHandler            
000016cd  __aeabi_ddiv                  
00001929  UART_initModule               
00001a45  ldexp                         
00001a45  ldexpl                        
00001a45  scalbn                        
00001a45  scalbnl                       
00001b55  __aeabi_dmul                  
00001d05  EUSCIA0_IRQHandler            
00001d05  EUSCIA0_IRQHandler            
00001da5  __aeabi_memcpy                
00001da5  __aeabi_memcpy4               
00001da5  __aeabi_memcpy8               
00001da5  memcpy                        
00001e41  __aeabi_uldivmod              
00001ed7  __aeabi_cdcmpeq               
00001ed7  __aeabi_cdcmple               
00001f5d  __aeabi_cdrcmple              
0000205f  __aeabi_memclr                
0000205f  __aeabi_memclr4               
0000205f  __aeabi_memclr8               
00002061  __aeabi_memset                
00002061  __aeabi_memset4               
00002061  __aeabi_memset8               
00002067  memset                        
000020d9  SystemInit                    
000021c1  I2C_masterSendMultiByteFinish 
0000222d  I2C_masterSendMultiByteStart  
00002295  __TI_decompress_lzss          
000022fd  UART_getEnabledInterruptStatus
00002361  frexp                         
00002361  frexpl                        
0000241b  __TI_ltoa                     
000024c1  atoi                          
0000250d  __aeabi_d2iz                  
00002555  __TI_auto_init_nobinit_nopinit
00002599  GPIO_setAsOutputPin           
00002617  __aeabi_f2d                   
00002651  _c_int00_noargs               
00002685  vspfunc                       
000026b5  __aeabi_i2d                   
000026e5  GPIO_toggleOutputOnPin        
0000270d  vsprintf                      
00002735  puts                          
00002759  sendByte                      
00002779  __TI_zero_init_nomemset       
00002795  memccpy                       
000027cd  copysign                      
000027cd  copysignl                     
000027e7  UART_getInterruptStatus       
00002817  strchr                        
0000282d  strlen                        
00002841  putc                          
00002853  wcslen                        
00002865  __TI_decompress_none          
00002873  Reset_Handler                 
00002889  __aeabi_errno_addr            
00002891  _system_pre_init              
00002895  C$$EXIT                       
00002895  abort                         
00002898  _ctypes_                      
000029f4  uartConfig                    
00002a1c  i2cConfig                     
00002a40  __TI_Handler_Table_Base       
00002a4c  __TI_Handler_Table_Limit      
00002a60  __TI_CINIT_Base               
00002a70  __TI_CINIT_Limit              
20000000  __start___llvm_prf_cnts       
20000000  __stop___llvm_prf_cnts        
2000002c  errno                         
2000fe00  __stack                       
20010000  __STACK_END                   
4000480c  WDTCTL_SYM                    
ffffffff  __TI_pprof_out_hndl           
ffffffff  __TI_prof_data_size           
ffffffff  __TI_prof_data_start          
ffffffff  __binit__                     
ffffffff  __c_args__                    
ffffffff  binit                         
UNDEFED   __mpu_init                    
UNDEFED   _system_post_cinit            

[141 symbols]
