******************************************************************************
                  TI ARM Linker PC v20.2.0                     
******************************************************************************
>> Linked Thu Apr 23 13:55:58 2020

OUTPUT FILE NAME:   <it_finally_works_trying_PWM_and_timer_honeywell_b0_b1_with_states.out>
ENTRY POINT SYMBOL: "_c_int00_noargs"  address: 00002721


MEMORY CONFIGURATION

         name            origin    length      used     unused   attr    fill
----------------------  --------  ---------  --------  --------  ----  --------
  MAIN                  00000000   00040000  00002b50  0003d4b0  R  X
  INFO                  00200000   00004000  00000000  00004000  R  X
  SRAM_CODE             01000000   00010000  0000024d  0000fdb3  RW X
  SRAM_DATA             20000000   00010000  0000024d  0000fdb3  RW  


SEGMENT ALLOCATION MAP

run origin  load origin   length   init length attrs members
----------  ----------- ---------- ----------- ----- -------
00000000    00000000    00002b50   00002b50    r-x
  00000000    00000000    000000e4   000000e4    r-- .intvecs
  000000e4    000000e4    00002884   00002884    r-x .text
  00002968    00002968    000001a8   000001a8    r-- .const
  00002b10    00002b10    00000040   00000040    r-- .cinit
20000000    20000000    0000004d   00000000    rw-
  20000000    20000000    0000002c   00000000    rw- .data
  2000002c    2000002c    00000021   00000000    rw- .bss
2000fe00    2000fe00    00000200   00000000    rw-
  2000fe00    2000fe00    00000200   00000000    rw- .stack


SECTION ALLOCATION MAP

 output                                  attributes/
section   page    origin      length       input sections
--------  ----  ----------  ----------   ----------------
.intvecs   0    00000000    000000e4     
                  00000000    000000e4     startup_msp432p401r_ccs.obj (.intvecs:retain)

.text      0    000000e4    00002884     
                  000000e4    00000a4e     rtsv7M4_T_le_v4SPD16_eabi.lib : _printfi.c.obj (.text:__TI_printfi)
                  00000b32    00000002     startup_msp432p401r_ccs.obj (.text:Default_Handler)
                  00000b34    00000270     rtsv7M4_T_le_v4SPD16_eabi.lib : _printfi.c.obj (.text:_pconv_a)
                  00000da4    00000240     i2c_master_rw_repeated_start-master_code.obj (.text:main)
                  00000fe4    000001d0     rtsv7M4_T_le_v4SPD16_eabi.lib : _printfi.c.obj (.text:_pconv_g)
                  000011b4    000001b6                                   : fd_add_t2.asm.obj (.text)
                  0000136a    00000002                                   : div0.asm.obj (.text)
                  0000136c    00000168     printf.obj (.text:printfuart)
                  000014d4    0000013c     rtsv7M4_T_le_v4SPD16_eabi.lib : _printfi.c.obj (.text:_pconv_e)
                  00001610    00000136                                   : fd_div_t2.asm.obj (.text)
                  00001746    00000002     --HOLE-- [fill = 0]
                  00001748    00000124                                   : _printfi.c.obj (.text:fcvt)
                  0000186c    0000011c     msp432p4xx_driverlib.lib : uart.o (.text:UART_initModule)
                  00001988    00000110     rtsv7M4_T_le_v4SPD16_eabi.lib : s_scalbn.c.obj (.text:scalbn)
                  00001a98    000000fc                                   : fd_mul_t2.asm.obj (.text)
                  00001b94    000000e0     i2c_master_rw_repeated_start-master_code.obj (.text:EUSCIA0_IRQHandler)
                  00001c74    000000c0     i2c_master_rw_repeated_start-master_code.obj (.text:EUSCIB0_IRQHandler)
                  00001d34    000000c0     i2c_master_rw_repeated_start-master_code.obj (.text:EUSCIB1_IRQHandler)
                  00001df4    000000b1     rtsv7M4_T_le_v4SPD16_eabi.lib : _printfi.c.obj (.text:_ltostr)
                  00001ea5    00000003     --HOLE-- [fill = 0]
                  00001ea8    000000a0     i2c_master_rw_repeated_start-master_code.obj (.text:T32_INT1_IRQHandler)
                  00001f48    0000009c     rtsv7M4_T_le_v4SPD16_eabi.lib : memcpy_t2.asm.obj (.text)
                  00001fe4    00000096                                   : ull_div_t2.asm.obj (.text)
                  0000207a    00000086                                   : fd_cmp_t2.asm.obj (.text:__aeabi_cdcmple)
                  00002100    00000086                                   : fd_cmp_t2.asm.obj (.text:__aeabi_cdrcmple)
                  00002186    0000007c     printf.obj (.text:xtoa)
                  00002202    0000007a     rtsv7M4_T_le_v4SPD16_eabi.lib : memset_t2.asm.obj (.text)
                  0000227c    00000078     system_msp432p401r.obj (.text:SystemInit)
                  000022f4    0000006e     rtsv7M4_T_le_v4SPD16_eabi.lib : _printfi.c.obj (.text:_mcpy)
                  00002362    00000068                                   : copy_decompress_lzss.c.obj (.text:decompress:lzss:__TI_decompress_lzss)
                  000023ca    00000064     msp432p4xx_driverlib.lib : uart.o (.text:UART_getEnabledInterruptStatus)
                  0000242e    00000002     --HOLE-- [fill = 0]
                  00002430    00000064     rtsv7M4_T_le_v4SPD16_eabi.lib : s_frexp.c.obj (.text:frexp)
                  00002494    00000056                                   : _printfi.c.obj (.text:_pconv_f)
                  000024ea    00000054                                   : _ltoa.c.obj (.text:__TI_ltoa)
                  0000253e    00000052                                   : _printfi.c.obj (.text:_ecpy)
                  00002590    0000004c                                   : atoi.c.obj (.text:atoi)
                  000025dc    00000048                                   : fd_toi_t2.asm.obj (.text)
                  00002624    00000044                                   : autoinit.c.obj (.text:__TI_auto_init_nobinit_nopinit:__TI_auto_init_nobinit_nopinit)
                  00002668    00000040     msp432p4xx_driverlib.lib : gpio.o (.text:GPIO_setAsOutputPin)
                  000026a8    0000003e     rtsv7M4_T_le_v4SPD16_eabi.lib : _printfi.c.obj (.text:_fcpy)
                  000026e6    00000038                                   : fs_tod_t2.asm.obj (.text)
                  0000271e    00000002     --HOLE-- [fill = 0]
                  00002720    00000034                                   : boot_cortex_m.c.obj (.text:_c_int00_noargs:_c_int00_noargs)
                  00002754    00000030     i2c_master_rw_repeated_start-master_code.obj (.text:vspfunc)
                  00002784    0000002e     rtsv7M4_T_le_v4SPD16_eabi.lib : i_tofd_t2.asm.obj (.text)
                  000027b2    00000002     --HOLE-- [fill = 0]
                  000027b4    00000028     msp432p4xx_driverlib.lib : gpio.o (.text:GPIO_toggleOutputOnPin)
                  000027dc    00000028     rtsv7M4_T_le_v4SPD16_eabi.lib : vsprintf.c.obj (.text:vsprintf)
                  00002804    00000024     printf.obj (.text:puts)
                  00002828    00000020     printf.obj (.text:sendByte)
                  00002848    0000001c     rtsv7M4_T_le_v4SPD16_eabi.lib : copy_zero_init.c.obj (.text:decompress:ZI:__TI_zero_init_nomemset:__TI_zero_init_nomemset)
                  00002864    0000001c                                   : memccpy.c.obj (.text:memccpy)
                  00002880    0000001c     printf.obj (.text:puth)
                  0000289c    0000001a     rtsv7M4_T_le_v4SPD16_eabi.lib : s_copysign.c.obj (.text:copysign)
                  000028b6    00000018     msp432p4xx_driverlib.lib : uart.o (.text:UART_getInterruptStatus)
                  000028ce    00000018     rtsv7M4_T_le_v4SPD16_eabi.lib : vsprintf.c.obj (.text:_outs)
                  000028e6    00000016                                   : strchr.c.obj (.text:strchr)
                  000028fc    00000014                                   : strlen.c.obj (.text:strlen)
                  00002910    00000012     printf.obj (.text:putc)
                  00002922    00000012     rtsv7M4_T_le_v4SPD16_eabi.lib : wcslen.c.obj (.text:wcslen)
                  00002934    0000000e                                   : copy_decompress_none.c.obj (.text:decompress:none:__TI_decompress_none)
                  00002942    0000000c     startup_msp432p401r_ccs.obj (.text:Reset_Handler)
                  0000294e    0000000a     rtsv7M4_T_le_v4SPD16_eabi.lib : vsprintf.c.obj (.text:_outc)
                  00002958    00000008                                   : errno.c.obj (.text:__aeabi_errno_addr)
                  00002960    00000004                                   : pre_init.c.obj (.text:_system_pre_init)
                  00002964    00000004                                   : exit.c.obj (.text:abort:abort)

.const     0    00002968    000001a8     
                  00002968    00000101     rtsv7M4_T_le_v4SPD16_eabi.lib : ctype.c.obj (.const:.string:_ctypes_)
                  00002a69    00000003     --HOLE-- [fill = 0]
                  00002a6c    00000030     msp432p4xx_driverlib.lib : gpio.o (.const:GPIO_PORT_TO_BASE)
                  00002a9c    00000028     printf.obj (.const:dv)
                  00002ac4    00000028     i2c_master_rw_repeated_start-master_code.obj (.const:uartConfig)
                  00002aec    00000014     i2c_master_rw_repeated_start-master_code.obj (.const:i2cConfig)
                  00002b00    00000010     printf.obj (.const:.string:hex$1)

.cinit     0    00002b10    00000040     
                  00002b10    00000017     (.cinit..data.load) [load image, compression = lzss]
                  00002b27    00000001     --HOLE-- [fill = 0]
                  00002b28    0000000c     (__TI_handler_table)
                  00002b34    00000004     --HOLE-- [fill = 0]
                  00002b38    00000008     (.cinit..bss.load) [load image, compression = zero_init]
                  00002b40    00000010     (__TI_cinit_table)

.init_array 
*          0    00000000    00000000     UNINITIALIZED

.binit     0    00000000    00000000     

.data      0    20000000    0000002c     UNINITIALIZED
                  20000000    00000018     i2c_master_rw_repeated_start-master_code.obj (.data:pwmConfig)
                  20000018    0000000f     i2c_master_rw_repeated_start-master_code.obj (.data)
                  20000027    00000001     --HOLE--
                  20000028    00000004     rtsv7M4_T_le_v4SPD16_eabi.lib : errno.c.obj (.data)

.bss       0    2000002c    00000021     UNINITIALIZED
                  2000002c    00000009     i2c_master_rw_repeated_start-master_code.obj (.bss)
                  20000035    00000008     i2c_master_rw_repeated_start-master_code.obj (.bss:RXData0)
                  2000003d    00000008     i2c_master_rw_repeated_start-master_code.obj (.bss:RXData1)
                  20000045    00000008     i2c_master_rw_repeated_start-master_code.obj (.bss:s)

.stack     0    2000fe00    00000200     UNINITIALIZED
                  2000fe00    00000004     rtsv7M4_T_le_v4SPD16_eabi.lib : boot_cortex_m.c.obj (.stack)
                  2000fe04    000001fc     --HOLE--

__llvm_prf_cnts 
*          0    20000000    00000000     UNINITIALIZED

MODULE SUMMARY

       Module                                         code    ro data   rw data
       ------                                         ----    -------   -------
    .\
       i2c_master_rw_repeated_start-master_code.obj   1392    60        144    
       printf.obj                                     598     56        0      
       system_msp432p401r.obj                         120     0         0      
    +--+----------------------------------------------+-------+---------+---------+
       Total:                                         2110    116       144    
                                                                               
    .\ccs\
       startup_msp432p401r_ccs.obj                    14      228       0      
    +--+----------------------------------------------+-------+---------+---------+
       Total:                                         14      228       0      
                                                                               
    C:/ti/simplelink_msp432p4_sdk_3_40_01_02/source/ti/devices/msp432p4xx/driverlib/ccs/msp432p4xx_driverlib.lib
       uart.o                                         408     0         0      
       gpio.o                                         104     48        0      
    +--+----------------------------------------------+-------+---------+---------+
       Total:                                         512     48        0      
                                                                               
    C:\ti\ccs1000\ccs\tools\compiler\ti-cgt-arm_20.2.0.LTS\lib\rtsv7M4_T_le_v4SPD16_eabi.lib
       _printfi.c.obj                                 4851    0         0      
       fd_add_t2.asm.obj                              438     0         0      
       fd_div_t2.asm.obj                              310     0         0      
       s_scalbn.c.obj                                 272     0         0      
       fd_cmp_t2.asm.obj                              268     0         0      
       ctype.c.obj                                    0       257       0      
       fd_mul_t2.asm.obj                              252     0         0      
       memcpy_t2.asm.obj                              156     0         0      
       ull_div_t2.asm.obj                             150     0         0      
       memset_t2.asm.obj                              122     0         0      
       copy_decompress_lzss.c.obj                     104     0         0      
       s_frexp.c.obj                                  100     0         0      
       _ltoa.c.obj                                    84      0         0      
       atoi.c.obj                                     76      0         0      
       vsprintf.c.obj                                 74      0         0      
       fd_toi_t2.asm.obj                              72      0         0      
       autoinit.c.obj                                 68      0         0      
       fs_tod_t2.asm.obj                              56      0         0      
       boot_cortex_m.c.obj                            52      0         0      
       i_tofd_t2.asm.obj                              46      0         0      
       copy_zero_init.c.obj                           28      0         0      
       memccpy.c.obj                                  28      0         0      
       s_copysign.c.obj                               26      0         0      
       strchr.c.obj                                   22      0         0      
       strlen.c.obj                                   20      0         0      
       wcslen.c.obj                                   18      0         0      
       errno.c.obj                                    8       0         8      
       copy_decompress_none.c.obj                     14      0         0      
       exit.c.obj                                     4       0         0      
       pre_init.c.obj                                 4       0         0      
       div0.asm.obj                                   2       0         0      
    +--+----------------------------------------------+-------+---------+---------+
       Total:                                         7725    257       8      
                                                                               
       Stack:                                         0       0         1024   
       Linker Generated:                              0       59        0      
    +--+----------------------------------------------+-------+---------+---------+
       Grand Total:                                   10361   708       1176   


LINKER GENERATED COPY TABLES

__TI_cinit_table @ 00002b40 records: 2, size/record: 8, table size: 16
	.data: load addr=00002b10, load size=00000017 bytes, run addr=20000000, run size=0000002c bytes, compression=lzss
	.bss: load addr=00002b38, load size=00000008 bytes, run addr=2000002c, run size=00000021 bytes, compression=zero_init


LINKER GENERATED HANDLER TABLE

__TI_handler_table @ 00002b28 records: 3, size/record: 4, table size: 12
	index: 0, handler: __TI_decompress_lzss
	index: 1, handler: __TI_decompress_none
	index: 2, handler: __TI_zero_init


GLOBAL SYMBOLS: SORTED ALPHABETICALLY BY Name 

address   name                          
-------   ----                          
00000b33  ADC14_IRQHandler              
00000b33  AES256_IRQHandler             
00000b33  BusFault_Handler              
00002965  C$$EXIT                       
00000b33  COMP_E0_IRQHandler            
00000b33  COMP_E1_IRQHandler            
00000b33  CS_IRQHandler                 
00000b33  DMA_ERR_IRQHandler            
00000b33  DMA_INT0_IRQHandler           
00000b33  DMA_INT1_IRQHandler           
00000b33  DMA_INT2_IRQHandler           
00000b33  DMA_INT3_IRQHandler           
00000b33  DebugMon_Handler              
00000b33  Default_Handler               
00001b95  EUSCIA0_IRQHandler            
00001b95  EUSCIA0_IRQHandler            
00000b33  EUSCIA1_IRQHandler            
00000b33  EUSCIA2_IRQHandler            
00000b33  EUSCIA3_IRQHandler            
00001c75  EUSCIB0_IRQHandler            
00001c75  EUSCIB0_IRQHandler            
00001d35  EUSCIB1_IRQHandler            
00001d35  EUSCIB1_IRQHandler            
00000b33  EUSCIB2_IRQHandler            
00000b33  EUSCIB3_IRQHandler            
00000b33  FLCTL_IRQHandler              
00000b33  FPU_IRQHandler                
00002669  GPIO_setAsOutputPin           
000027b5  GPIO_toggleOutputOnPin        
00000b33  HardFault_Handler             
00000b33  MemManage_Handler             
00000b33  NMI_Handler                   
00000b33  PCM_IRQHandler                
00000b33  PORT1_IRQHandler              
00000b33  PORT2_IRQHandler              
00000b33  PORT3_IRQHandler              
00000b33  PORT4_IRQHandler              
00000b33  PORT5_IRQHandler              
00000b33  PORT6_IRQHandler              
00000b33  PSS_IRQHandler                
00000b33  PendSV_Handler                
00000b33  RTC_C_IRQHandler              
00002943  Reset_Handler                 
00000b33  SVC_Handler                   
00000b33  SysTick_Handler               
0000227d  SystemInit                    
00001ea9  T32_INT1_IRQHandler           
00001ea9  T32_INT1_IRQHandler           
00000b33  T32_INT2_IRQHandler           
00000b33  T32_INTC_IRQHandler           
00000b33  TA0_0_IRQHandler              
00000b33  TA0_N_IRQHandler              
00000b33  TA1_0_IRQHandler              
00000b33  TA1_N_IRQHandler              
00000b33  TA2_0_IRQHandler              
00000b33  TA2_N_IRQHandler              
00000b33  TA3_0_IRQHandler              
00000b33  TA3_N_IRQHandler              
000023cb  UART_getEnabledInterruptStatus
000028b7  UART_getInterruptStatus       
0000186d  UART_initModule               
00000b33  UsageFault_Handler            
4000480c  WDTCTL_SYM                    
00000b33  WDT_A_IRQHandler              
20010000  __STACK_END                   
00000200  __STACK_SIZE                  
00002b40  __TI_CINIT_Base               
00002b50  __TI_CINIT_Limit              
00002b28  __TI_Handler_Table_Base       
00002b34  __TI_Handler_Table_Limit      
00002625  __TI_auto_init_nobinit_nopinit
00002363  __TI_decompress_lzss          
00002935  __TI_decompress_none          
000024eb  __TI_ltoa                     
ffffffff  __TI_pprof_out_hndl           
000000e5  __TI_printfi                  
ffffffff  __TI_prof_data_size           
ffffffff  __TI_prof_data_start          
00000000  __TI_static_base__            
00002849  __TI_zero_init_nomemset       
0000207b  __aeabi_cdcmpeq               
0000207b  __aeabi_cdcmple               
00002101  __aeabi_cdrcmple              
000025dd  __aeabi_d2iz                  
000011bf  __aeabi_dadd                  
00001611  __aeabi_ddiv                  
00001a99  __aeabi_dmul                  
000011b5  __aeabi_dsub                  
00002959  __aeabi_errno_addr            
000026e7  __aeabi_f2d                   
00002785  __aeabi_i2d                   
0000136b  __aeabi_idiv0                 
0000136b  __aeabi_ldiv0                 
00002203  __aeabi_memclr                
00002203  __aeabi_memclr4               
00002203  __aeabi_memclr8               
00001f49  __aeabi_memcpy                
00001f49  __aeabi_memcpy4               
00001f49  __aeabi_memcpy8               
00002205  __aeabi_memset                
00002205  __aeabi_memset4               
00002205  __aeabi_memset8               
00001fe5  __aeabi_uldivmod              
ffffffff  __binit__                     
ffffffff  __c_args__                    
UNDEFED   __mpu_init                    
2000fe00  __stack                       
20000000  __start___llvm_prf_cnts       
20000000  __stop___llvm_prf_cnts        
00002721  _c_int00_noargs               
00002968  _ctypes_                      
UNDEFED   _system_post_cinit            
00002961  _system_pre_init              
00002965  abort                         
00002591  atoi                          
ffffffff  binit                         
0000289d  copysign                      
0000289d  copysignl                     
20000028  errno                         
00002431  frexp                         
00002431  frexpl                        
00002aec  i2cConfig                     
00000000  interruptVectors              
00001989  ldexp                         
00001989  ldexpl                        
00000da5  main                          
00002865  memccpy                       
00001f49  memcpy                        
0000220b  memset                        
0000136d  printfuart                    
00002911  putc                          
00002805  puts                          
20000000  pwmConfig                     
00001989  scalbn                        
00001989  scalbnl                       
00002829  sendByte                      
000028e7  strchr                        
000028fd  strlen                        
00002ac4  uartConfig                    
00002755  vspfunc                       
000027dd  vsprintf                      
00002923  wcslen                        


GLOBAL SYMBOLS: SORTED BY Symbol Address 

address   name                          
-------   ----                          
00000000  __TI_static_base__            
00000000  interruptVectors              
000000e5  __TI_printfi                  
00000200  __STACK_SIZE                  
00000b33  ADC14_IRQHandler              
00000b33  AES256_IRQHandler             
00000b33  BusFault_Handler              
00000b33  COMP_E0_IRQHandler            
00000b33  COMP_E1_IRQHandler            
00000b33  CS_IRQHandler                 
00000b33  DMA_ERR_IRQHandler            
00000b33  DMA_INT0_IRQHandler           
00000b33  DMA_INT1_IRQHandler           
00000b33  DMA_INT2_IRQHandler           
00000b33  DMA_INT3_IRQHandler           
00000b33  DebugMon_Handler              
00000b33  Default_Handler               
00000b33  EUSCIA1_IRQHandler            
00000b33  EUSCIA2_IRQHandler            
00000b33  EUSCIA3_IRQHandler            
00000b33  EUSCIB2_IRQHandler            
00000b33  EUSCIB3_IRQHandler            
00000b33  FLCTL_IRQHandler              
00000b33  FPU_IRQHandler                
00000b33  HardFault_Handler             
00000b33  MemManage_Handler             
00000b33  NMI_Handler                   
00000b33  PCM_IRQHandler                
00000b33  PORT1_IRQHandler              
00000b33  PORT2_IRQHandler              
00000b33  PORT3_IRQHandler              
00000b33  PORT4_IRQHandler              
00000b33  PORT5_IRQHandler              
00000b33  PORT6_IRQHandler              
00000b33  PSS_IRQHandler                
00000b33  PendSV_Handler                
00000b33  RTC_C_IRQHandler              
00000b33  SVC_Handler                   
00000b33  SysTick_Handler               
00000b33  T32_INT2_IRQHandler           
00000b33  T32_INTC_IRQHandler           
00000b33  TA0_0_IRQHandler              
00000b33  TA0_N_IRQHandler              
00000b33  TA1_0_IRQHandler              
00000b33  TA1_N_IRQHandler              
00000b33  TA2_0_IRQHandler              
00000b33  TA2_N_IRQHandler              
00000b33  TA3_0_IRQHandler              
00000b33  TA3_N_IRQHandler              
00000b33  UsageFault_Handler            
00000b33  WDT_A_IRQHandler              
00000da5  main                          
000011b5  __aeabi_dsub                  
000011bf  __aeabi_dadd                  
0000136b  __aeabi_idiv0                 
0000136b  __aeabi_ldiv0                 
0000136d  printfuart                    
00001611  __aeabi_ddiv                  
0000186d  UART_initModule               
00001989  ldexp                         
00001989  ldexpl                        
00001989  scalbn                        
00001989  scalbnl                       
00001a99  __aeabi_dmul                  
00001b95  EUSCIA0_IRQHandler            
00001b95  EUSCIA0_IRQHandler            
00001c75  EUSCIB0_IRQHandler            
00001c75  EUSCIB0_IRQHandler            
00001d35  EUSCIB1_IRQHandler            
00001d35  EUSCIB1_IRQHandler            
00001ea9  T32_INT1_IRQHandler           
00001ea9  T32_INT1_IRQHandler           
00001f49  __aeabi_memcpy                
00001f49  __aeabi_memcpy4               
00001f49  __aeabi_memcpy8               
00001f49  memcpy                        
00001fe5  __aeabi_uldivmod              
0000207b  __aeabi_cdcmpeq               
0000207b  __aeabi_cdcmple               
00002101  __aeabi_cdrcmple              
00002203  __aeabi_memclr                
00002203  __aeabi_memclr4               
00002203  __aeabi_memclr8               
00002205  __aeabi_memset                
00002205  __aeabi_memset4               
00002205  __aeabi_memset8               
0000220b  memset                        
0000227d  SystemInit                    
00002363  __TI_decompress_lzss          
000023cb  UART_getEnabledInterruptStatus
00002431  frexp                         
00002431  frexpl                        
000024eb  __TI_ltoa                     
00002591  atoi                          
000025dd  __aeabi_d2iz                  
00002625  __TI_auto_init_nobinit_nopinit
00002669  GPIO_setAsOutputPin           
000026e7  __aeabi_f2d                   
00002721  _c_int00_noargs               
00002755  vspfunc                       
00002785  __aeabi_i2d                   
000027b5  GPIO_toggleOutputOnPin        
000027dd  vsprintf                      
00002805  puts                          
00002829  sendByte                      
00002849  __TI_zero_init_nomemset       
00002865  memccpy                       
0000289d  copysign                      
0000289d  copysignl                     
000028b7  UART_getInterruptStatus       
000028e7  strchr                        
000028fd  strlen                        
00002911  putc                          
00002923  wcslen                        
00002935  __TI_decompress_none          
00002943  Reset_Handler                 
00002959  __aeabi_errno_addr            
00002961  _system_pre_init              
00002965  C$$EXIT                       
00002965  abort                         
00002968  _ctypes_                      
00002ac4  uartConfig                    
00002aec  i2cConfig                     
00002b28  __TI_Handler_Table_Base       
00002b34  __TI_Handler_Table_Limit      
00002b40  __TI_CINIT_Base               
00002b50  __TI_CINIT_Limit              
20000000  __start___llvm_prf_cnts       
20000000  __stop___llvm_prf_cnts        
20000000  pwmConfig                     
20000028  errno                         
2000fe00  __stack                       
20010000  __STACK_END                   
4000480c  WDTCTL_SYM                    
ffffffff  __TI_pprof_out_hndl           
ffffffff  __TI_prof_data_size           
ffffffff  __TI_prof_data_start          
ffffffff  __binit__                     
ffffffff  __c_args__                    
ffffffff  binit                         
UNDEFED   __mpu_init                    
UNDEFED   _system_post_cinit            

[142 symbols]
