******************************************************************************
                  TI ARM Linker PC v20.2.0                     
******************************************************************************
>> Linked Mon May  4 12:39:05 2020

OUTPUT FILE NAME:   <finally_works_go_connor.out>
ENTRY POINT SYMBOL: "_c_int00_noargs"  address: 00002169


MEMORY CONFIGURATION

         name            origin    length      used     unused   attr    fill
----------------------  --------  ---------  --------  --------  ----  --------
  MAIN                  00000000   00040000  00002598  0003da68  R  X
  INFO                  00200000   00004000  00000000  00004000  R  X
  SRAM_CODE             01000000   00010000  00000371  0000fc8f  RW X
  SRAM_DATA             20000000   00010000  00000371  0000fc8f  RW  


SEGMENT ALLOCATION MAP

run origin  load origin   length   init length attrs members
----------  ----------- ---------- ----------- ----- -------
00000000    00000000    000025a0   000025a0    r-x
  00000000    00000000    000000e4   000000e4    r-- .intvecs
  000000e4    000000e4    000021e8   000021e8    r-x .text
  000022d0    000022d0    0000023c   0000023c    r-- .const
  00002510    00002510    00000090   00000090    r-- .cinit
20000000    20000000    00000171   00000000    rw-
  20000000    20000000    00000124   00000000    rw- .data
  20000124    20000124    0000004d   00000000    rw- .bss
2000fe00    2000fe00    00000200   00000000    rw-
  2000fe00    2000fe00    00000200   00000000    rw- .stack


SECTION ALLOCATION MAP

 output                                  attributes/
section   page    origin      length       input sections
--------  ----  ----------  ----------   ----------------
.intvecs   0    00000000    000000e4     
                  00000000    000000e4     startup_msp432p401r_ccs.obj (.intvecs:retain)

.text      0    000000e4    000021e8     
                  000000e4    000006f4     i2c_master_rw_repeated_start-master_code.obj (.text:T32_INT1_IRQHandler)
                  000007d8    00000460     rtsv7M4_T_le_v4SPD16_eabi.lib : strtod.c.obj (.text:strtod)
                  00000c38    00000204     i2c_master_rw_repeated_start-master_code.obj (.text:main)
                  00000e3c    000001f0     i2c_master_rw_repeated_start-master_code.obj (.text:EUSCIA0_IRQHandler)
                  0000102c    000001b6     rtsv7M4_T_le_v4SPD16_eabi.lib : fd_add_t2.asm.obj (.text)
                  000011e2    00000002     startup_msp432p401r_ccs.obj (.text:Default_Handler)
                  000011e4    00000168     i2c_master_rw_repeated_start-master_code.obj (.text:EUSCIB0_IRQHandler)
                  0000134c    00000168     i2c_master_rw_repeated_start-master_code.obj (.text:EUSCIB1_IRQHandler)
                  000014b4    00000158     rtsv7M4_T_le_v4SPD16_eabi.lib : e_sqrt.c.obj (.text:sqrt)
                  0000160c    00000150     calculations.obj (.text:getFlowRate)
                  0000175c    00000136     rtsv7M4_T_le_v4SPD16_eabi.lib : fd_div_t2.asm.obj (.text)
                  00001892    00000002     --HOLE-- [fill = 0]
                  00001894    0000011c     msp432p4xx_driverlib.lib : uart.o (.text:UART_initModule)
                  000019b0    00000110     rtsv7M4_T_le_v4SPD16_eabi.lib : s_scalbn.c.obj (.text:scalbn)
                  00001ac0    000000fc                                   : fd_mul_t2.asm.obj (.text)
                  00001bbc    000000f0     calculations.obj (.text:getVolume)
                  00001cac    0000009c     rtsv7M4_T_le_v4SPD16_eabi.lib : memcpy_t2.asm.obj (.text)
                  00001d48    00000086                                   : fd_cmp_t2.asm.obj (.text:__aeabi_cdcmple)
                  00001dce    0000007a                                   : memset_t2.asm.obj (.text)
                  00001e48    00000078     system_msp432p401r.obj (.text:SystemInit)
                  00001ec0    00000072     calculations.obj (.text:filter)
                  00001f32    0000006e     rtsv7M4_T_le_v4SPD16_eabi.lib : fd_tos_t2.asm.obj (.text)
                  00001fa0    00000068                                   : copy_decompress_lzss.c.obj (.text:decompress:lzss:__TI_decompress_lzss)
                  00002008    00000064     msp432p4xx_driverlib.lib : uart.o (.text:UART_getEnabledInterruptStatus)
                  0000206c    00000044     rtsv7M4_T_le_v4SPD16_eabi.lib : autoinit.c.obj (.text:__TI_auto_init_nobinit_nopinit:__TI_auto_init_nobinit_nopinit)
                  000020b0    00000040     msp432p4xx_driverlib.lib : gpio.o (.text:GPIO_setAsOutputPin)
                  000020f0    00000040     rtsv7M4_T_le_v4SPD16_eabi.lib : strtok.c.obj (.text:strtok)
                  00002130    00000038                                   : fs_tod_t2.asm.obj (.text)
                  00002168    00000034                                   : boot_cortex_m.c.obj (.text:_c_int00_noargs:_c_int00_noargs)
                  0000219c    0000002e                                   : i_tofd_t2.asm.obj (.text)
                  000021ca    0000002a                                   : strspn.c.obj (.text:strspn)
                  000021f4    00000028     msp432p4xx_driverlib.lib : gpio.o (.text:GPIO_toggleOutputOnPin)
                  0000221c    00000024     rtsv7M4_T_le_v4SPD16_eabi.lib : strcspn.c.obj (.text:strcspn)
                  00002240    0000001c                                   : copy_zero_init.c.obj (.text:decompress:ZI:__TI_zero_init_nomemset:__TI_zero_init_nomemset)
                  0000225c    0000001a                                   : s_copysign.c.obj (.text:copysign)
                  00002276    00000018     msp432p4xx_driverlib.lib : uart.o (.text:UART_getInterruptStatus)
                  0000228e    00000012     rtsv7M4_T_le_v4SPD16_eabi.lib : atof.c.obj (.text:atof)
                  000022a0    0000000e                                   : copy_decompress_none.c.obj (.text:decompress:none:__TI_decompress_none)
                  000022ae    0000000c     startup_msp432p401r_ccs.obj (.text:Reset_Handler)
                  000022ba    00000002     --HOLE-- [fill = 0]
                  000022bc    00000008     rtsv7M4_T_le_v4SPD16_eabi.lib : errno.c.obj (.text:__aeabi_errno_addr)
                  000022c4    00000004                                   : pre_init.c.obj (.text:_system_pre_init)
                  000022c8    00000004                                   : exit.c.obj (.text:abort:abort)

.const     0    000022d0    0000023c     
                  000022d0    00000101     rtsv7M4_T_le_v4SPD16_eabi.lib : ctype.c.obj (.const:.string:_ctypes_)
                  000023d1    00000007     --HOLE-- [fill = 0]
                  000023d8    000000c8                                   : strtod.c.obj (.const:$O1$$)
                  000024a0    00000030     msp432p4xx_driverlib.lib : gpio.o (.const:GPIO_PORT_TO_BASE)
                  000024d0    00000028     i2c_master_rw_repeated_start-master_code.obj (.const:uartConfig)
                  000024f8    00000014     i2c_master_rw_repeated_start-master_code.obj (.const:i2cConfig)

.cinit     0    00002510    00000090     
                  00002510    00000067     (.cinit..data.load) [load image, compression = lzss]
                  00002577    00000001     --HOLE-- [fill = 0]
                  00002578    0000000c     (__TI_handler_table)
                  00002584    00000004     --HOLE-- [fill = 0]
                  00002588    00000008     (.cinit..bss.load) [load image, compression = zero_init]
                  00002590    00000010     (__TI_cinit_table)

.init_array 
*          0    00000000    00000000     UNINITIALIZED

.binit     0    00000000    00000000     

.data      0    20000000    00000124     UNINITIALIZED
                  20000000    000000ed     i2c_master_rw_repeated_start-master_code.obj (.data)
                  200000ed    00000003     --HOLE--
                  200000f0    00000018     i2c_master_rw_repeated_start-master_code.obj (.data:pwmConfig)
                  20000108    0000000c     i2c_master_rw_repeated_start-master_code.obj (.data:B)
                  20000114    00000008     i2c_master_rw_repeated_start-master_code.obj (.data:A)
                  2000011c    00000004     rtsv7M4_T_le_v4SPD16_eabi.lib : errno.c.obj (.data)
                  20000120    00000004                                   : strtok.c.obj (.data)

.bss       0    20000124    0000004d     UNINITIALIZED
                  20000124    00000034     (.common:init_const)
                  20000158    00000009     i2c_master_rw_repeated_start-master_code.obj (.bss)
                  20000161    00000008     i2c_master_rw_repeated_start-master_code.obj (.bss:RXData0)
                  20000169    00000008     i2c_master_rw_repeated_start-master_code.obj (.bss:RXData1)

.stack     0    2000fe00    00000200     UNINITIALIZED
                  2000fe00    00000004     rtsv7M4_T_le_v4SPD16_eabi.lib : boot_cortex_m.c.obj (.stack)
                  2000fe04    000001fc     --HOLE--

__llvm_prf_cnts 
*          0    20000000    00000000     UNINITIALIZED

MODULE SUMMARY

       Module                                         code   ro data   rw data
       ------                                         ----   -------   -------
    .\
       i2c_master_rw_repeated_start-master_code.obj   3512   60        716    
       calculations.obj                               690    0         0      
       system_msp432p401r.obj                         120    0         0      
    +--+----------------------------------------------+------+---------+---------+
       Total:                                         4322   60        716    
                                                                              
    .\ccs\
       startup_msp432p401r_ccs.obj                    14     228       0      
    +--+----------------------------------------------+------+---------+---------+
       Total:                                         14     228       0      
                                                                              
    C:/ti/simplelink_msp432p4_sdk_3_40_01_02/source/ti/devices/msp432p4xx/driverlib/ccs/msp432p4xx_driverlib.lib
       uart.o                                         408    0         0      
       gpio.o                                         104    48        0      
    +--+----------------------------------------------+------+---------+---------+
       Total:                                         512    48        0      
                                                                              
    C:\ti\ccs1000\ccs\tools\compiler\ti-cgt-arm_20.2.0.LTS\lib\rtsv7M4_T_le_v4SPD16_eabi.lib
       strtod.c.obj                                   1120   200       0      
       fd_add_t2.asm.obj                              438    0         0      
       e_sqrt.c.obj                                   344    0         0      
       fd_div_t2.asm.obj                              310    0         0      
       s_scalbn.c.obj                                 272    0         0      
       ctype.c.obj                                    0      257       0      
       fd_mul_t2.asm.obj                              252    0         0      
       memcpy_t2.asm.obj                              156    0         0      
       fd_cmp_t2.asm.obj                              134    0         0      
       memset_t2.asm.obj                              122    0         0      
       fd_tos_t2.asm.obj                              110    0         0      
       copy_decompress_lzss.c.obj                     104    0         0      
       strtok.c.obj                                   64     0         8      
       autoinit.c.obj                                 68     0         0      
       fs_tod_t2.asm.obj                              56     0         0      
       boot_cortex_m.c.obj                            52     0         0      
       i_tofd_t2.asm.obj                              46     0         0      
       strspn.c.obj                                   42     0         0      
       strcspn.c.obj                                  36     0         0      
       copy_zero_init.c.obj                           28     0         0      
       s_copysign.c.obj                               26     0         0      
       atof.c.obj                                     18     0         0      
       errno.c.obj                                    8      0         8      
       copy_decompress_none.c.obj                     14     0         0      
       exit.c.obj                                     4      0         0      
       pre_init.c.obj                                 4      0         0      
    +--+----------------------------------------------+------+---------+---------+
       Total:                                         3828   457       16     
                                                                              
       Stack:                                         0      0         1024   
       Linker Generated:                              0      139       0      
    +--+----------------------------------------------+------+---------+---------+
       Grand Total:                                   8676   932       1756   


LINKER GENERATED COPY TABLES

__TI_cinit_table @ 00002590 records: 2, size/record: 8, table size: 16
	.data: load addr=00002510, load size=00000067 bytes, run addr=20000000, run size=00000124 bytes, compression=lzss
	.bss: load addr=00002588, load size=00000008 bytes, run addr=20000124, run size=0000004d bytes, compression=zero_init


LINKER GENERATED HANDLER TABLE

__TI_handler_table @ 00002578 records: 3, size/record: 4, table size: 12
	index: 0, handler: __TI_decompress_lzss
	index: 1, handler: __TI_decompress_none
	index: 2, handler: __TI_zero_init


GLOBAL SYMBOLS: SORTED ALPHABETICALLY BY Name 

address   name                          
-------   ----                          
20000114  A                             
000011e3  ADC14_IRQHandler              
000011e3  AES256_IRQHandler             
20000108  B                             
000011e3  BusFault_Handler              
000022c9  C$$EXIT                       
000011e3  COMP_E0_IRQHandler            
000011e3  COMP_E1_IRQHandler            
000011e3  CS_IRQHandler                 
000011e3  DMA_ERR_IRQHandler            
000011e3  DMA_INT0_IRQHandler           
000011e3  DMA_INT1_IRQHandler           
000011e3  DMA_INT2_IRQHandler           
000011e3  DMA_INT3_IRQHandler           
000011e3  DebugMon_Handler              
000011e3  Default_Handler               
00000e3d  EUSCIA0_IRQHandler            
00000e3d  EUSCIA0_IRQHandler            
000011e3  EUSCIA1_IRQHandler            
000011e3  EUSCIA2_IRQHandler            
000011e3  EUSCIA3_IRQHandler            
000011e5  EUSCIB0_IRQHandler            
000011e5  EUSCIB0_IRQHandler            
0000134d  EUSCIB1_IRQHandler            
0000134d  EUSCIB1_IRQHandler            
000011e3  EUSCIB2_IRQHandler            
000011e3  EUSCIB3_IRQHandler            
000011e3  FLCTL_IRQHandler              
000011e3  FPU_IRQHandler                
000020b1  GPIO_setAsOutputPin           
000021f5  GPIO_toggleOutputOnPin        
000011e3  HardFault_Handler             
000011e3  MemManage_Handler             
000011e3  NMI_Handler                   
200000c8  N_CO2_ex                      
200000b8  N_CO2_in                      
200000d0  N_H2O_ex                      
200000c0  N_H2O_in                      
200000c4  N_N2_ex                       
200000b4  N_N2_in                       
200000cc  N_O2_ex                       
200000bc  N_O2_in                       
000011e3  PCM_IRQHandler                
000011e3  PORT1_IRQHandler              
000011e3  PORT2_IRQHandler              
000011e3  PORT3_IRQHandler              
000011e3  PORT4_IRQHandler              
000011e3  PORT5_IRQHandler              
000011e3  PORT6_IRQHandler              
000011e3  PSS_IRQHandler                
000011e3  PendSV_Handler                
000011e3  RTC_C_IRQHandler              
000022af  Reset_Handler                 
000011e3  SVC_Handler                   
000011e3  SysTick_Handler               
00001e49  SystemInit                    
000000e5  T32_INT1_IRQHandler           
000000e5  T32_INT1_IRQHandler           
000011e3  T32_INT2_IRQHandler           
000011e3  T32_INTC_IRQHandler           
000011e3  TA0_0_IRQHandler              
000011e3  TA0_N_IRQHandler              
000011e3  TA1_0_IRQHandler              
000011e3  TA1_N_IRQHandler              
000011e3  TA2_0_IRQHandler              
000011e3  TA2_N_IRQHandler              
000011e3  TA3_0_IRQHandler              
000011e3  TA3_N_IRQHandler              
200000d8  T_air_ex                      
200000d4  T_air_in                      
00002009  UART_getEnabledInterruptStatus
00002277  UART_getInterruptStatus       
00001895  UART_initModule               
000011e3  UsageFault_Handler            
4000480c  WDTCTL_SYM                    
000011e3  WDT_A_IRQHandler              
20010000  __STACK_END                   
00000200  __STACK_SIZE                  
00002590  __TI_CINIT_Base               
000025a0  __TI_CINIT_Limit              
00002578  __TI_Handler_Table_Base       
00002584  __TI_Handler_Table_Limit      
0000206d  __TI_auto_init_nobinit_nopinit
00001fa1  __TI_decompress_lzss          
000022a1  __TI_decompress_none          
ffffffff  __TI_pprof_out_hndl           
ffffffff  __TI_prof_data_size           
ffffffff  __TI_prof_data_start          
00000000  __TI_static_base__            
00002241  __TI_zero_init_nomemset       
00001d49  __aeabi_cdcmpeq               
00001d49  __aeabi_cdcmple               
00001f33  __aeabi_d2f                   
00001037  __aeabi_dadd                  
0000175d  __aeabi_ddiv                  
00001ac1  __aeabi_dmul                  
0000102d  __aeabi_dsub                  
000022bd  __aeabi_errno_addr            
00002131  __aeabi_f2d                   
0000219d  __aeabi_i2d                   
00001dcf  __aeabi_memclr                
00001dcf  __aeabi_memclr4               
00001dcf  __aeabi_memclr8               
00001cad  __aeabi_memcpy                
00001cad  __aeabi_memcpy4               
00001cad  __aeabi_memcpy8               
00001dd1  __aeabi_memset                
00001dd1  __aeabi_memset4               
00001dd1  __aeabi_memset8               
ffffffff  __binit__                     
ffffffff  __c_args__                    
UNDEFED   __mpu_init                    
2000fe00  __stack                       
20000000  __start___llvm_prf_cnts       
20000000  __stop___llvm_prf_cnts        
00002169  _c_int00_noargs               
000022d0  _ctypes_                      
UNDEFED   _system_post_cinit            
000022c5  _system_pre_init              
000022c9  abort                         
0000228f  atof                          
ffffffff  binit                         
0000225d  copysign                      
0000225d  copysignl                     
20000064  dataCount                     
200000e8  dir_c                         
2000011c  errno                         
20000005  exportFlowFlag                
00001ec1  filter                        
200000b0  frequency                     
0000160d  getFlowRate                   
00001bbd  getVolume                     
200000e0  i                             
000024f8  i2cConfig                     
20000000  init                          
20000074  init_CO2                      
20000078  init_H2O                      
20000088  init_HighVolume               
20000084  init_LowVolume                
2000007c  init_N2                       
20000070  init_O2                       
2000008c  init_PercentDiff              
20000080  init_T_air_ex                 
20000124  init_const                    
2000006c  init_counter                  
00000000  interruptVectors              
000019b1  ldexp                         
000019b1  ldexpl                        
00000c39  main                          
00001cad  memcpy                        
00001dd7  memset                        
20000091  newExp                        
2000009c  offset                        
20000098  p_maxEx                       
20000094  p_maxIn                       
20000020  p_pastEx                      
20000028  p_pastEx_f                    
2000001c  p_pastIn                      
20000024  p_pastIn_f                    
20000030  p_pastpastEx                  
20000038  p_pastpastEx_f                
2000002c  p_pastpastIn                  
20000034  p_pastpastIn_f                
20000090  pastState                     
200000f0  pwmConfig                     
20000060  q_v_ex                        
2000005c  q_v_in                        
20000068  readdata                      
000019b1  scalbn                        
000019b1  scalbnl                       
000014b5  sqrt                          
000014b5  sqrtl                         
20000001  start_alarm                   
200000ec  state                         
0000221d  strcspn                       
000021cb  strspn                        
000007d9  strtod                        
000020f1  strtok                        
000007d9  strtold                       
000024d0  uartConfig                    
200000a4  volFlowrateExhale             
200000a0  volFlowrateInhale             
200000ac  volumeExhale                  
200000a8  volumeInhale                  


GLOBAL SYMBOLS: SORTED BY Symbol Address 

address   name                          
-------   ----                          
00000000  __TI_static_base__            
00000000  interruptVectors              
000000e5  T32_INT1_IRQHandler           
000000e5  T32_INT1_IRQHandler           
00000200  __STACK_SIZE                  
000007d9  strtod                        
000007d9  strtold                       
00000c39  main                          
00000e3d  EUSCIA0_IRQHandler            
00000e3d  EUSCIA0_IRQHandler            
0000102d  __aeabi_dsub                  
00001037  __aeabi_dadd                  
000011e3  ADC14_IRQHandler              
000011e3  AES256_IRQHandler             
000011e3  BusFault_Handler              
000011e3  COMP_E0_IRQHandler            
000011e3  COMP_E1_IRQHandler            
000011e3  CS_IRQHandler                 
000011e3  DMA_ERR_IRQHandler            
000011e3  DMA_INT0_IRQHandler           
000011e3  DMA_INT1_IRQHandler           
000011e3  DMA_INT2_IRQHandler           
000011e3  DMA_INT3_IRQHandler           
000011e3  DebugMon_Handler              
000011e3  Default_Handler               
000011e3  EUSCIA1_IRQHandler            
000011e3  EUSCIA2_IRQHandler            
000011e3  EUSCIA3_IRQHandler            
000011e3  EUSCIB2_IRQHandler            
000011e3  EUSCIB3_IRQHandler            
000011e3  FLCTL_IRQHandler              
000011e3  FPU_IRQHandler                
000011e3  HardFault_Handler             
000011e3  MemManage_Handler             
000011e3  NMI_Handler                   
000011e3  PCM_IRQHandler                
000011e3  PORT1_IRQHandler              
000011e3  PORT2_IRQHandler              
000011e3  PORT3_IRQHandler              
000011e3  PORT4_IRQHandler              
000011e3  PORT5_IRQHandler              
000011e3  PORT6_IRQHandler              
000011e3  PSS_IRQHandler                
000011e3  PendSV_Handler                
000011e3  RTC_C_IRQHandler              
000011e3  SVC_Handler                   
000011e3  SysTick_Handler               
000011e3  T32_INT2_IRQHandler           
000011e3  T32_INTC_IRQHandler           
000011e3  TA0_0_IRQHandler              
000011e3  TA0_N_IRQHandler              
000011e3  TA1_0_IRQHandler              
000011e3  TA1_N_IRQHandler              
000011e3  TA2_0_IRQHandler              
000011e3  TA2_N_IRQHandler              
000011e3  TA3_0_IRQHandler              
000011e3  TA3_N_IRQHandler              
000011e3  UsageFault_Handler            
000011e3  WDT_A_IRQHandler              
000011e5  EUSCIB0_IRQHandler            
000011e5  EUSCIB0_IRQHandler            
0000134d  EUSCIB1_IRQHandler            
0000134d  EUSCIB1_IRQHandler            
000014b5  sqrt                          
000014b5  sqrtl                         
0000160d  getFlowRate                   
0000175d  __aeabi_ddiv                  
00001895  UART_initModule               
000019b1  ldexp                         
000019b1  ldexpl                        
000019b1  scalbn                        
000019b1  scalbnl                       
00001ac1  __aeabi_dmul                  
00001bbd  getVolume                     
00001cad  __aeabi_memcpy                
00001cad  __aeabi_memcpy4               
00001cad  __aeabi_memcpy8               
00001cad  memcpy                        
00001d49  __aeabi_cdcmpeq               
00001d49  __aeabi_cdcmple               
00001dcf  __aeabi_memclr                
00001dcf  __aeabi_memclr4               
00001dcf  __aeabi_memclr8               
00001dd1  __aeabi_memset                
00001dd1  __aeabi_memset4               
00001dd1  __aeabi_memset8               
00001dd7  memset                        
00001e49  SystemInit                    
00001ec1  filter                        
00001f33  __aeabi_d2f                   
00001fa1  __TI_decompress_lzss          
00002009  UART_getEnabledInterruptStatus
0000206d  __TI_auto_init_nobinit_nopinit
000020b1  GPIO_setAsOutputPin           
000020f1  strtok                        
00002131  __aeabi_f2d                   
00002169  _c_int00_noargs               
0000219d  __aeabi_i2d                   
000021cb  strspn                        
000021f5  GPIO_toggleOutputOnPin        
0000221d  strcspn                       
00002241  __TI_zero_init_nomemset       
0000225d  copysign                      
0000225d  copysignl                     
00002277  UART_getInterruptStatus       
0000228f  atof                          
000022a1  __TI_decompress_none          
000022af  Reset_Handler                 
000022bd  __aeabi_errno_addr            
000022c5  _system_pre_init              
000022c9  C$$EXIT                       
000022c9  abort                         
000022d0  _ctypes_                      
000024d0  uartConfig                    
000024f8  i2cConfig                     
00002578  __TI_Handler_Table_Base       
00002584  __TI_Handler_Table_Limit      
00002590  __TI_CINIT_Base               
000025a0  __TI_CINIT_Limit              
20000000  __start___llvm_prf_cnts       
20000000  __stop___llvm_prf_cnts        
20000000  init                          
20000001  start_alarm                   
20000005  exportFlowFlag                
2000001c  p_pastIn                      
20000020  p_pastEx                      
20000024  p_pastIn_f                    
20000028  p_pastEx_f                    
2000002c  p_pastpastIn                  
20000030  p_pastpastEx                  
20000034  p_pastpastIn_f                
20000038  p_pastpastEx_f                
2000005c  q_v_in                        
20000060  q_v_ex                        
20000064  dataCount                     
20000068  readdata                      
2000006c  init_counter                  
20000070  init_O2                       
20000074  init_CO2                      
20000078  init_H2O                      
2000007c  init_N2                       
20000080  init_T_air_ex                 
20000084  init_LowVolume                
20000088  init_HighVolume               
2000008c  init_PercentDiff              
20000090  pastState                     
20000091  newExp                        
20000094  p_maxIn                       
20000098  p_maxEx                       
2000009c  offset                        
200000a0  volFlowrateInhale             
200000a4  volFlowrateExhale             
200000a8  volumeInhale                  
200000ac  volumeExhale                  
200000b0  frequency                     
200000b4  N_N2_in                       
200000b8  N_CO2_in                      
200000bc  N_O2_in                       
200000c0  N_H2O_in                      
200000c4  N_N2_ex                       
200000c8  N_CO2_ex                      
200000cc  N_O2_ex                       
200000d0  N_H2O_ex                      
200000d4  T_air_in                      
200000d8  T_air_ex                      
200000e0  i                             
200000e8  dir_c                         
200000ec  state                         
200000f0  pwmConfig                     
20000108  B                             
20000114  A                             
2000011c  errno                         
20000124  init_const                    
2000fe00  __stack                       
20010000  __STACK_END                   
4000480c  WDTCTL_SYM                    
ffffffff  __TI_pprof_out_hndl           
ffffffff  __TI_prof_data_size           
ffffffff  __TI_prof_data_start          
ffffffff  __binit__                     
ffffffff  __c_args__                    
ffffffff  binit                         
UNDEFED   __mpu_init                    
UNDEFED   _system_post_cinit            

[184 symbols]
