******************************************************************************
                  TI ARM Linker PC v20.2.0                     
******************************************************************************
>> Linked Thu Apr 23 16:59:36 2020

OUTPUT FILE NAME:   <it_finally_works_trying_PWM_and_timer_honeywell_b0_b1_with_states_full.out>
ENTRY POINT SYMBOL: "_c_int00_noargs"  address: 000025e1


MEMORY CONFIGURATION

         name            origin    length      used     unused   attr    fill
----------------------  --------  ---------  --------  --------  ----  --------
  MAIN                  00000000   00040000  00002874  0003d78c  R  X
  INFO                  00200000   00004000  00000000  00004000  R  X
  SRAM_CODE             01000000   00010000  00000251  0000fdaf  RW X
  SRAM_DATA             20000000   00010000  00000251  0000fdaf  RW  


SEGMENT ALLOCATION MAP

run origin  load origin   length   init length attrs members
----------  ----------- ---------- ----------- ----- -------
00000000    00000000    00002878   00002878    r-x
  00000000    00000000    000000e4   000000e4    r-- .intvecs
  000000e4    000000e4    00002674   00002674    r-x .text
  00002758    00002758    000000d4   000000d4    r-- .const
  00002830    00002830    00000048   00000048    r-- .cinit
20000000    20000000    00000051   00000000    rw-
  20000000    20000000    00000030   00000000    rw- .data
  20000030    20000030    00000021   00000000    rw- .bss
2000fe00    2000fe00    00000200   00000000    rw-
  2000fe00    2000fe00    00000200   00000000    rw- .stack


SECTION ALLOCATION MAP

 output                                  attributes/
section   page    origin      length       input sections
--------  ----  ----------  ----------   ----------------
.intvecs   0    00000000    000000e4     
                  00000000    000000e4     startup_msp432p401r_ccs.obj (.intvecs:retain)

.text      0    000000e4    00002674     
                  000000e4    000009c0     rtsv7M4_T_le_v4SPD16_eabi.lib : e_pow.c.obj (.text:pow)
                  00000aa4    000005d0     i2c_master_rw_repeated_start-master_code.obj (.text:main)
                  00001074    00000278     calculations.obj (.text:getFlowRate)
                  000012ec    000001b6     rtsv7M4_T_le_v4SPD16_eabi.lib : fd_add_t2.asm.obj (.text)
                  000014a2    00000002     startup_msp432p401r_ccs.obj (.text:Default_Handler)
                  000014a4    00000168     i2c_master_rw_repeated_start-master_code.obj (.text:EUSCIB0_IRQHandler)
                  0000160c    00000168     i2c_master_rw_repeated_start-master_code.obj (.text:EUSCIB1_IRQHandler)
                  00001774    00000168     printf.obj (.text:printfuart)
                  000018dc    00000158     rtsv7M4_T_le_v4SPD16_eabi.lib : e_sqrt.c.obj (.text:sqrt)
                  00001a34    00000136                                   : fd_div_t2.asm.obj (.text)
                  00001b6a    00000002     --HOLE-- [fill = 0]
                  00001b6c    0000011c     msp432p4xx_driverlib.lib : uart.o (.text:UART_initModule)
                  00001c88    00000110     rtsv7M4_T_le_v4SPD16_eabi.lib : s_scalbn.c.obj (.text:scalbn)
                  00001d98    000000fc                                   : fd_mul_t2.asm.obj (.text)
                  00001e94    000000e0     i2c_master_rw_repeated_start-master_code.obj (.text:EUSCIA0_IRQHandler)
                  00001f74    000000dc     i2c_master_rw_repeated_start-master_code.obj (.text:T32_INT1_IRQHandler)
                  00002050    0000009c     rtsv7M4_T_le_v4SPD16_eabi.lib : memcpy_t2.asm.obj (.text)
                  000020ec    00000086                                   : fd_cmp_t2.asm.obj (.text:__aeabi_cdcmple)
                  00002172    00000086                                   : fd_cmp_t2.asm.obj (.text:__aeabi_cdrcmple)
                  000021f8    00000080     calculations.obj (.text:getVolume)
                  00002278    0000007c     printf.obj (.text:xtoa)
                  000022f4    0000007a     rtsv7M4_T_le_v4SPD16_eabi.lib : memset_t2.asm.obj (.text)
                  0000236e    00000002     --HOLE-- [fill = 0]
                  00002370    00000078     system_msp432p401r.obj (.text:SystemInit)
                  000023e8    0000006e     rtsv7M4_T_le_v4SPD16_eabi.lib : fd_tos_t2.asm.obj (.text)
                  00002456    00000068                                   : copy_decompress_lzss.c.obj (.text:decompress:lzss:__TI_decompress_lzss)
                  000024be    00000064     msp432p4xx_driverlib.lib : uart.o (.text:UART_getEnabledInterruptStatus)
                  00002522    00000002     --HOLE-- [fill = 0]
                  00002524    00000044     rtsv7M4_T_le_v4SPD16_eabi.lib : autoinit.c.obj (.text:__TI_auto_init_nobinit_nopinit:__TI_auto_init_nobinit_nopinit)
                  00002568    00000040     msp432p4xx_driverlib.lib : gpio.o (.text:GPIO_setAsOutputPin)
                  000025a8    00000038     rtsv7M4_T_le_v4SPD16_eabi.lib : fs_tod_t2.asm.obj (.text)
                  000025e0    00000034                                   : boot_cortex_m.c.obj (.text:_c_int00_noargs:_c_int00_noargs)
                  00002614    0000002e                                   : i_tofd_t2.asm.obj (.text)
                  00002642    00000002     --HOLE-- [fill = 0]
                  00002644    00000028     msp432p4xx_driverlib.lib : gpio.o (.text:GPIO_toggleOutputOnPin)
                  0000266c    00000024     printf.obj (.text:puts)
                  00002690    00000020     printf.obj (.text:sendByte)
                  000026b0    0000001c     rtsv7M4_T_le_v4SPD16_eabi.lib : copy_zero_init.c.obj (.text:decompress:ZI:__TI_zero_init_nomemset:__TI_zero_init_nomemset)
                  000026cc    0000001c     printf.obj (.text:puth)
                  000026e8    0000001a     rtsv7M4_T_le_v4SPD16_eabi.lib : s_copysign.c.obj (.text:copysign)
                  00002702    00000018     msp432p4xx_driverlib.lib : uart.o (.text:UART_getInterruptStatus)
                  0000271a    00000012     printf.obj (.text:putc)
                  0000272c    0000000e     rtsv7M4_T_le_v4SPD16_eabi.lib : copy_decompress_none.c.obj (.text:decompress:none:__TI_decompress_none)
                  0000273a    0000000c     startup_msp432p401r_ccs.obj (.text:Reset_Handler)
                  00002746    00000002     --HOLE-- [fill = 0]
                  00002748    00000008     rtsv7M4_T_le_v4SPD16_eabi.lib : errno.c.obj (.text:__aeabi_errno_addr)
                  00002750    00000004                                   : pre_init.c.obj (.text:_system_pre_init)
                  00002754    00000004                                   : exit.c.obj (.text:abort:abort)

.const     0    00002758    000000d4     
                  00002758    00000030     rtsv7M4_T_le_v4SPD16_eabi.lib : e_pow.c.obj (.const:$O1$$)
                  00002788    00000030     msp432p4xx_driverlib.lib : gpio.o (.const:GPIO_PORT_TO_BASE)
                  000027b8    00000028     printf.obj (.const:dv)
                  000027e0    00000028     i2c_master_rw_repeated_start-master_code.obj (.const:uartConfig)
                  00002808    00000014     i2c_master_rw_repeated_start-master_code.obj (.const:i2cConfig)
                  0000281c    00000010     printf.obj (.const:.string:hex$1)

.cinit     0    00002830    00000048     
                  00002830    0000001e     (.cinit..data.load) [load image, compression = lzss]
                  0000284e    00000002     --HOLE-- [fill = 0]
                  00002850    0000000c     (__TI_handler_table)
                  0000285c    00000004     --HOLE-- [fill = 0]
                  00002860    00000008     (.cinit..bss.load) [load image, compression = zero_init]
                  00002868    00000010     (__TI_cinit_table)

.init_array 
*          0    00000000    00000000     UNINITIALIZED

.binit     0    00000000    00000000     

.data      0    20000000    00000030     UNINITIALIZED
                  20000000    00000018     i2c_master_rw_repeated_start-master_code.obj (.data:pwmConfig)
                  20000018    00000013     i2c_master_rw_repeated_start-master_code.obj (.data)
                  2000002b    00000001     --HOLE--
                  2000002c    00000004     rtsv7M4_T_le_v4SPD16_eabi.lib : errno.c.obj (.data)

.bss       0    20000030    00000021     UNINITIALIZED
                  20000030    00000009     i2c_master_rw_repeated_start-master_code.obj (.bss)
                  20000039    00000008     i2c_master_rw_repeated_start-master_code.obj (.bss:RXData0)
                  20000041    00000008     i2c_master_rw_repeated_start-master_code.obj (.bss:RXData1)
                  20000049    00000008     i2c_master_rw_repeated_start-master_code.obj (.bss:s)

.stack     0    2000fe00    00000200     UNINITIALIZED
                  2000fe00    00000004     rtsv7M4_T_le_v4SPD16_eabi.lib : boot_cortex_m.c.obj (.stack)
                  2000fe04    000001fc     --HOLE--

__llvm_prf_cnts 
*          0    20000000    00000000     UNINITIALIZED

MODULE SUMMARY

       Module                                         code   ro data   rw data
       ------                                         ----   -------   -------
    .\
       i2c_master_rw_repeated_start-master_code.obj   2652   60        152    
       calculations.obj                               760    0         0      
       printf.obj                                     598    56        0      
       system_msp432p401r.obj                         120    0         0      
    +--+----------------------------------------------+------+---------+---------+
       Total:                                         4130   116       152    
                                                                              
    .\ccs\
       startup_msp432p401r_ccs.obj                    14     228       0      
    +--+----------------------------------------------+------+---------+---------+
       Total:                                         14     228       0      
                                                                              
    C:/ti/simplelink_msp432p4_sdk_3_40_01_02/source/ti/devices/msp432p4xx/driverlib/ccs/msp432p4xx_driverlib.lib
       uart.o                                         408    0         0      
       gpio.o                                         104    48        0      
    +--+----------------------------------------------+------+---------+---------+
       Total:                                         512    48        0      
                                                                              
    C:\ti\ccs1000\ccs\tools\compiler\ti-cgt-arm_20.2.0.LTS\lib\rtsv7M4_T_le_v4SPD16_eabi.lib
       e_pow.c.obj                                    2496   48        0      
       fd_add_t2.asm.obj                              438    0         0      
       e_sqrt.c.obj                                   344    0         0      
       fd_div_t2.asm.obj                              310    0         0      
       s_scalbn.c.obj                                 272    0         0      
       fd_cmp_t2.asm.obj                              268    0         0      
       fd_mul_t2.asm.obj                              252    0         0      
       memcpy_t2.asm.obj                              156    0         0      
       memset_t2.asm.obj                              122    0         0      
       fd_tos_t2.asm.obj                              110    0         0      
       copy_decompress_lzss.c.obj                     104    0         0      
       autoinit.c.obj                                 68     0         0      
       fs_tod_t2.asm.obj                              56     0         0      
       boot_cortex_m.c.obj                            52     0         0      
       i_tofd_t2.asm.obj                              46     0         0      
       copy_zero_init.c.obj                           28     0         0      
       s_copysign.c.obj                               26     0         0      
       errno.c.obj                                    8      0         8      
       copy_decompress_none.c.obj                     14     0         0      
       exit.c.obj                                     4      0         0      
       pre_init.c.obj                                 4      0         0      
    +--+----------------------------------------------+------+---------+---------+
       Total:                                         5178   48        8      
                                                                              
       Stack:                                         0      0         1024   
       Linker Generated:                              0      66        0      
    +--+----------------------------------------------+------+---------+---------+
       Grand Total:                                   9834   506       1184   


LINKER GENERATED COPY TABLES

__TI_cinit_table @ 00002868 records: 2, size/record: 8, table size: 16
	.data: load addr=00002830, load size=0000001e bytes, run addr=20000000, run size=00000030 bytes, compression=lzss
	.bss: load addr=00002860, load size=00000008 bytes, run addr=20000030, run size=00000021 bytes, compression=zero_init


LINKER GENERATED HANDLER TABLE

__TI_handler_table @ 00002850 records: 3, size/record: 4, table size: 12
	index: 0, handler: __TI_decompress_lzss
	index: 1, handler: __TI_decompress_none
	index: 2, handler: __TI_zero_init


GLOBAL SYMBOLS: SORTED ALPHABETICALLY BY Name 

address   name                          
-------   ----                          
000014a3  ADC14_IRQHandler              
000014a3  AES256_IRQHandler             
000014a3  BusFault_Handler              
00002755  C$$EXIT                       
000014a3  COMP_E0_IRQHandler            
000014a3  COMP_E1_IRQHandler            
000014a3  CS_IRQHandler                 
000014a3  DMA_ERR_IRQHandler            
000014a3  DMA_INT0_IRQHandler           
000014a3  DMA_INT1_IRQHandler           
000014a3  DMA_INT2_IRQHandler           
000014a3  DMA_INT3_IRQHandler           
000014a3  DebugMon_Handler              
000014a3  Default_Handler               
00001e95  EUSCIA0_IRQHandler            
00001e95  EUSCIA0_IRQHandler            
000014a3  EUSCIA1_IRQHandler            
000014a3  EUSCIA2_IRQHandler            
000014a3  EUSCIA3_IRQHandler            
000014a5  EUSCIB0_IRQHandler            
000014a5  EUSCIB0_IRQHandler            
0000160d  EUSCIB1_IRQHandler            
0000160d  EUSCIB1_IRQHandler            
000014a3  EUSCIB2_IRQHandler            
000014a3  EUSCIB3_IRQHandler            
000014a3  FLCTL_IRQHandler              
000014a3  FPU_IRQHandler                
00002569  GPIO_setAsOutputPin           
00002645  GPIO_toggleOutputOnPin        
000014a3  HardFault_Handler             
000014a3  MemManage_Handler             
000014a3  NMI_Handler                   
000014a3  PCM_IRQHandler                
000014a3  PORT1_IRQHandler              
000014a3  PORT2_IRQHandler              
000014a3  PORT3_IRQHandler              
000014a3  PORT4_IRQHandler              
000014a3  PORT5_IRQHandler              
000014a3  PORT6_IRQHandler              
000014a3  PSS_IRQHandler                
000014a3  PendSV_Handler                
000014a3  RTC_C_IRQHandler              
0000273b  Reset_Handler                 
000014a3  SVC_Handler                   
000014a3  SysTick_Handler               
00002371  SystemInit                    
00001f75  T32_INT1_IRQHandler           
00001f75  T32_INT1_IRQHandler           
000014a3  T32_INT2_IRQHandler           
000014a3  T32_INTC_IRQHandler           
000014a3  TA0_0_IRQHandler              
000014a3  TA0_N_IRQHandler              
000014a3  TA1_0_IRQHandler              
000014a3  TA1_N_IRQHandler              
000014a3  TA2_0_IRQHandler              
000014a3  TA2_N_IRQHandler              
000014a3  TA3_0_IRQHandler              
000014a3  TA3_N_IRQHandler              
000024bf  UART_getEnabledInterruptStatus
00002703  UART_getInterruptStatus       
00001b6d  UART_initModule               
000014a3  UsageFault_Handler            
4000480c  WDTCTL_SYM                    
000014a3  WDT_A_IRQHandler              
20010000  __STACK_END                   
00000200  __STACK_SIZE                  
00002868  __TI_CINIT_Base               
00002878  __TI_CINIT_Limit              
00002850  __TI_Handler_Table_Base       
0000285c  __TI_Handler_Table_Limit      
00002525  __TI_auto_init_nobinit_nopinit
00002457  __TI_decompress_lzss          
0000272d  __TI_decompress_none          
ffffffff  __TI_pprof_out_hndl           
ffffffff  __TI_prof_data_size           
ffffffff  __TI_prof_data_start          
00000000  __TI_static_base__            
000026b1  __TI_zero_init_nomemset       
000020ed  __aeabi_cdcmpeq               
000020ed  __aeabi_cdcmple               
00002173  __aeabi_cdrcmple              
000023e9  __aeabi_d2f                   
000012f7  __aeabi_dadd                  
00001a35  __aeabi_ddiv                  
00001d99  __aeabi_dmul                  
000012ed  __aeabi_dsub                  
00002749  __aeabi_errno_addr            
000025a9  __aeabi_f2d                   
00002615  __aeabi_i2d                   
000022f5  __aeabi_memclr                
000022f5  __aeabi_memclr4               
000022f5  __aeabi_memclr8               
00002051  __aeabi_memcpy                
00002051  __aeabi_memcpy4               
00002051  __aeabi_memcpy8               
000022f7  __aeabi_memset                
000022f7  __aeabi_memset4               
000022f7  __aeabi_memset8               
ffffffff  __binit__                     
ffffffff  __c_args__                    
UNDEFED   __mpu_init                    
2000fe00  __stack                       
20000000  __start___llvm_prf_cnts       
20000000  __stop___llvm_prf_cnts        
000025e1  _c_int00_noargs               
UNDEFED   _system_post_cinit            
00002751  _system_pre_init              
00002755  abort                         
ffffffff  binit                         
000026e9  copysign                      
000026e9  copysignl                     
2000002c  errno                         
00001075  getFlowRate                   
000021f9  getVolume                     
00002808  i2cConfig                     
00000000  interruptVectors              
00001c89  ldexp                         
00001c89  ldexpl                        
00000aa5  main                          
00002051  memcpy                        
000022fd  memset                        
000000e5  pow                           
000000e5  powl                          
00001775  printfuart                    
0000271b  putc                          
0000266d  puts                          
20000000  pwmConfig                     
00001c89  scalbn                        
00001c89  scalbnl                       
00002691  sendByte                      
000018dd  sqrt                          
000018dd  sqrtl                         
000027e0  uartConfig                    


GLOBAL SYMBOLS: SORTED BY Symbol Address 

address   name                          
-------   ----                          
00000000  __TI_static_base__            
00000000  interruptVectors              
000000e5  pow                           
000000e5  powl                          
00000200  __STACK_SIZE                  
00000aa5  main                          
00001075  getFlowRate                   
000012ed  __aeabi_dsub                  
000012f7  __aeabi_dadd                  
000014a3  ADC14_IRQHandler              
000014a3  AES256_IRQHandler             
000014a3  BusFault_Handler              
000014a3  COMP_E0_IRQHandler            
000014a3  COMP_E1_IRQHandler            
000014a3  CS_IRQHandler                 
000014a3  DMA_ERR_IRQHandler            
000014a3  DMA_INT0_IRQHandler           
000014a3  DMA_INT1_IRQHandler           
000014a3  DMA_INT2_IRQHandler           
000014a3  DMA_INT3_IRQHandler           
000014a3  DebugMon_Handler              
000014a3  Default_Handler               
000014a3  EUSCIA1_IRQHandler            
000014a3  EUSCIA2_IRQHandler            
000014a3  EUSCIA3_IRQHandler            
000014a3  EUSCIB2_IRQHandler            
000014a3  EUSCIB3_IRQHandler            
000014a3  FLCTL_IRQHandler              
000014a3  FPU_IRQHandler                
000014a3  HardFault_Handler             
000014a3  MemManage_Handler             
000014a3  NMI_Handler                   
000014a3  PCM_IRQHandler                
000014a3  PORT1_IRQHandler              
000014a3  PORT2_IRQHandler              
000014a3  PORT3_IRQHandler              
000014a3  PORT4_IRQHandler              
000014a3  PORT5_IRQHandler              
000014a3  PORT6_IRQHandler              
000014a3  PSS_IRQHandler                
000014a3  PendSV_Handler                
000014a3  RTC_C_IRQHandler              
000014a3  SVC_Handler                   
000014a3  SysTick_Handler               
000014a3  T32_INT2_IRQHandler           
000014a3  T32_INTC_IRQHandler           
000014a3  TA0_0_IRQHandler              
000014a3  TA0_N_IRQHandler              
000014a3  TA1_0_IRQHandler              
000014a3  TA1_N_IRQHandler              
000014a3  TA2_0_IRQHandler              
000014a3  TA2_N_IRQHandler              
000014a3  TA3_0_IRQHandler              
000014a3  TA3_N_IRQHandler              
000014a3  UsageFault_Handler            
000014a3  WDT_A_IRQHandler              
000014a5  EUSCIB0_IRQHandler            
000014a5  EUSCIB0_IRQHandler            
0000160d  EUSCIB1_IRQHandler            
0000160d  EUSCIB1_IRQHandler            
00001775  printfuart                    
000018dd  sqrt                          
000018dd  sqrtl                         
00001a35  __aeabi_ddiv                  
00001b6d  UART_initModule               
00001c89  ldexp                         
00001c89  ldexpl                        
00001c89  scalbn                        
00001c89  scalbnl                       
00001d99  __aeabi_dmul                  
00001e95  EUSCIA0_IRQHandler            
00001e95  EUSCIA0_IRQHandler            
00001f75  T32_INT1_IRQHandler           
00001f75  T32_INT1_IRQHandler           
00002051  __aeabi_memcpy                
00002051  __aeabi_memcpy4               
00002051  __aeabi_memcpy8               
00002051  memcpy                        
000020ed  __aeabi_cdcmpeq               
000020ed  __aeabi_cdcmple               
00002173  __aeabi_cdrcmple              
000021f9  getVolume                     
000022f5  __aeabi_memclr                
000022f5  __aeabi_memclr4               
000022f5  __aeabi_memclr8               
000022f7  __aeabi_memset                
000022f7  __aeabi_memset4               
000022f7  __aeabi_memset8               
000022fd  memset                        
00002371  SystemInit                    
000023e9  __aeabi_d2f                   
00002457  __TI_decompress_lzss          
000024bf  UART_getEnabledInterruptStatus
00002525  __TI_auto_init_nobinit_nopinit
00002569  GPIO_setAsOutputPin           
000025a9  __aeabi_f2d                   
000025e1  _c_int00_noargs               
00002615  __aeabi_i2d                   
00002645  GPIO_toggleOutputOnPin        
0000266d  puts                          
00002691  sendByte                      
000026b1  __TI_zero_init_nomemset       
000026e9  copysign                      
000026e9  copysignl                     
00002703  UART_getInterruptStatus       
0000271b  putc                          
0000272d  __TI_decompress_none          
0000273b  Reset_Handler                 
00002749  __aeabi_errno_addr            
00002751  _system_pre_init              
00002755  C$$EXIT                       
00002755  abort                         
000027e0  uartConfig                    
00002808  i2cConfig                     
00002850  __TI_Handler_Table_Base       
0000285c  __TI_Handler_Table_Limit      
00002868  __TI_CINIT_Base               
00002878  __TI_CINIT_Limit              
20000000  __start___llvm_prf_cnts       
20000000  __stop___llvm_prf_cnts        
20000000  pwmConfig                     
2000002c  errno                         
2000fe00  __stack                       
20010000  __STACK_END                   
4000480c  WDTCTL_SYM                    
ffffffff  __TI_pprof_out_hndl           
ffffffff  __TI_prof_data_size           
ffffffff  __TI_prof_data_start          
ffffffff  __binit__                     
ffffffff  __c_args__                    
ffffffff  binit                         
UNDEFED   __mpu_init                    
UNDEFED   _system_post_cinit            

[133 symbols]
