******************************************************************************
                  TI ARM Linker PC v20.2.0                     
******************************************************************************
>> Linked Fri Apr 17 15:42:41 2020

OUTPUT FILE NAME:   <it_finally_works_trying_PWM.out>
ENTRY POINT SYMBOL: "_c_int00_noargs"  address: 000026d9


MEMORY CONFIGURATION

         name            origin    length      used     unused   attr    fill
----------------------  --------  ---------  --------  --------  ----  --------
  MAIN                  00000000   00040000  00002b08  0003d4f8  R  X
  INFO                  00200000   00004000  00000000  00004000  R  X
  SRAM_CODE             01000000   00010000  00000245  0000fdbb  RW X
  SRAM_DATA             20000000   00010000  00000245  0000fdbb  RW  


SEGMENT ALLOCATION MAP

run origin  load origin   length   init length attrs members
----------  ----------- ---------- ----------- ----- -------
00000000    00000000    00002b08   00002b08    r-x
  00000000    00000000    000000e4   000000e4    r-- .intvecs
  000000e4    000000e4    0000283c   0000283c    r-x .text
  00002920    00002920    000001a8   000001a8    r-- .const
  00002ac8    00002ac8    00000040   00000040    r-- .cinit
20000000    20000000    00000045   00000000    rw-
  20000000    20000000    0000002c   00000000    rw- .data
  2000002c    2000002c    00000019   00000000    rw- .bss
2000fe00    2000fe00    00000200   00000000    rw-
  2000fe00    2000fe00    00000200   00000000    rw- .stack


SECTION ALLOCATION MAP

 output                                  attributes/
section   page    origin      length       input sections
--------  ----  ----------  ----------   ----------------
.intvecs   0    00000000    000000e4     
                  00000000    000000e4     startup_msp432p401r_ccs.obj (.intvecs:retain)

.text      0    000000e4    0000283c     
                  000000e4    00000a4e     rtsv7M4_T_le_v4SPD16_eabi.lib : _printfi.c.obj (.text:__TI_printfi)
                  00000b32    00000002     startup_msp432p401r_ccs.obj (.text:Default_Handler)
                  00000b34    00000270     rtsv7M4_T_le_v4SPD16_eabi.lib : _printfi.c.obj (.text:_pconv_a)
                  00000da4    000001e4     i2c_master_rw_repeated_start-master_code.obj (.text:main)
                  00000f88    000001d0     rtsv7M4_T_le_v4SPD16_eabi.lib : _printfi.c.obj (.text:_pconv_g)
                  00001158    000001b6                                   : fd_add_t2.asm.obj (.text)
                  0000130e    00000002                                   : div0.asm.obj (.text)
                  00001310    00000168     printf.obj (.text:printfuart)
                  00001478    00000160     i2c_master_rw_repeated_start-master_code.obj (.text:EUSCIB0_IRQHandler)
                  000015d8    0000013c     rtsv7M4_T_le_v4SPD16_eabi.lib : _printfi.c.obj (.text:_pconv_e)
                  00001714    00000136                                   : fd_div_t2.asm.obj (.text)
                  0000184a    00000002     --HOLE-- [fill = 0]
                  0000184c    00000124                                   : _printfi.c.obj (.text:fcvt)
                  00001970    0000011c     msp432p4xx_driverlib.lib : uart.o (.text:UART_initModule)
                  00001a8c    00000110     rtsv7M4_T_le_v4SPD16_eabi.lib : s_scalbn.c.obj (.text:scalbn)
                  00001b9c    000000fc                                   : fd_mul_t2.asm.obj (.text)
                  00001c98    000000e0     i2c_master_rw_repeated_start-master_code.obj (.text:EUSCIA0_IRQHandler)
                  00001d78    000000b1     rtsv7M4_T_le_v4SPD16_eabi.lib : _printfi.c.obj (.text:_ltostr)
                  00001e29    00000001     --HOLE-- [fill = 0]
                  00001e2a    0000009c                                   : memcpy_t2.asm.obj (.text)
                  00001ec6    00000096                                   : ull_div_t2.asm.obj (.text)
                  00001f5c    00000086                                   : fd_cmp_t2.asm.obj (.text:__aeabi_cdcmple)
                  00001fe2    00000086                                   : fd_cmp_t2.asm.obj (.text:__aeabi_cdrcmple)
                  00002068    0000007c     printf.obj (.text:xtoa)
                  000020e4    0000007a     rtsv7M4_T_le_v4SPD16_eabi.lib : memset_t2.asm.obj (.text)
                  0000215e    00000002     --HOLE-- [fill = 0]
                  00002160    00000078     system_msp432p401r.obj (.text:SystemInit)
                  000021d8    0000006e     rtsv7M4_T_le_v4SPD16_eabi.lib : _printfi.c.obj (.text:_mcpy)
                  00002246    00000002     --HOLE-- [fill = 0]
                  00002248    0000006c     msp432p4xx_driverlib.lib : i2c.o (.text:I2C_masterSendMultiByteFinish)
                  000022b4    00000068                              : i2c.o (.text:I2C_masterSendMultiByteStart)
                  0000231c    00000068     rtsv7M4_T_le_v4SPD16_eabi.lib : copy_decompress_lzss.c.obj (.text:decompress:lzss:__TI_decompress_lzss)
                  00002384    00000064     msp432p4xx_driverlib.lib : uart.o (.text:UART_getEnabledInterruptStatus)
                  000023e8    00000064     rtsv7M4_T_le_v4SPD16_eabi.lib : s_frexp.c.obj (.text:frexp)
                  0000244c    00000056                                   : _printfi.c.obj (.text:_pconv_f)
                  000024a2    00000054                                   : _ltoa.c.obj (.text:__TI_ltoa)
                  000024f6    00000052                                   : _printfi.c.obj (.text:_ecpy)
                  00002548    0000004c                                   : atoi.c.obj (.text:atoi)
                  00002594    00000048                                   : fd_toi_t2.asm.obj (.text)
                  000025dc    00000044                                   : autoinit.c.obj (.text:__TI_auto_init_nobinit_nopinit:__TI_auto_init_nobinit_nopinit)
                  00002620    00000040     msp432p4xx_driverlib.lib : gpio.o (.text:GPIO_setAsOutputPin)
                  00002660    0000003e     rtsv7M4_T_le_v4SPD16_eabi.lib : _printfi.c.obj (.text:_fcpy)
                  0000269e    00000038                                   : fs_tod_t2.asm.obj (.text)
                  000026d6    00000002     --HOLE-- [fill = 0]
                  000026d8    00000034                                   : boot_cortex_m.c.obj (.text:_c_int00_noargs:_c_int00_noargs)
                  0000270c    00000030     i2c_master_rw_repeated_start-master_code.obj (.text:vspfunc)
                  0000273c    0000002e     rtsv7M4_T_le_v4SPD16_eabi.lib : i_tofd_t2.asm.obj (.text)
                  0000276a    00000002     --HOLE-- [fill = 0]
                  0000276c    00000028     msp432p4xx_driverlib.lib : gpio.o (.text:GPIO_toggleOutputOnPin)
                  00002794    00000028     rtsv7M4_T_le_v4SPD16_eabi.lib : vsprintf.c.obj (.text:vsprintf)
                  000027bc    00000024     printf.obj (.text:puts)
                  000027e0    00000020     printf.obj (.text:sendByte)
                  00002800    0000001c     rtsv7M4_T_le_v4SPD16_eabi.lib : copy_zero_init.c.obj (.text:decompress:ZI:__TI_zero_init_nomemset:__TI_zero_init_nomemset)
                  0000281c    0000001c                                   : memccpy.c.obj (.text:memccpy)
                  00002838    0000001c     printf.obj (.text:puth)
                  00002854    0000001a     rtsv7M4_T_le_v4SPD16_eabi.lib : s_copysign.c.obj (.text:copysign)
                  0000286e    00000018     msp432p4xx_driverlib.lib : uart.o (.text:UART_getInterruptStatus)
                  00002886    00000018     rtsv7M4_T_le_v4SPD16_eabi.lib : vsprintf.c.obj (.text:_outs)
                  0000289e    00000016                                   : strchr.c.obj (.text:strchr)
                  000028b4    00000014                                   : strlen.c.obj (.text:strlen)
                  000028c8    00000012     printf.obj (.text:putc)
                  000028da    00000012     rtsv7M4_T_le_v4SPD16_eabi.lib : wcslen.c.obj (.text:wcslen)
                  000028ec    0000000e                                   : copy_decompress_none.c.obj (.text:decompress:none:__TI_decompress_none)
                  000028fa    0000000c     startup_msp432p401r_ccs.obj (.text:Reset_Handler)
                  00002906    0000000a     rtsv7M4_T_le_v4SPD16_eabi.lib : vsprintf.c.obj (.text:_outc)
                  00002910    00000008                                   : errno.c.obj (.text:__aeabi_errno_addr)
                  00002918    00000004                                   : pre_init.c.obj (.text:_system_pre_init)
                  0000291c    00000004                                   : exit.c.obj (.text:abort:abort)

.const     0    00002920    000001a8     
                  00002920    00000101     rtsv7M4_T_le_v4SPD16_eabi.lib : ctype.c.obj (.const:.string:_ctypes_)
                  00002a21    00000003     --HOLE-- [fill = 0]
                  00002a24    00000030     msp432p4xx_driverlib.lib : gpio.o (.const:GPIO_PORT_TO_BASE)
                  00002a54    00000028     printf.obj (.const:dv)
                  00002a7c    00000028     i2c_master_rw_repeated_start-master_code.obj (.const:uartConfig)
                  00002aa4    00000014     i2c_master_rw_repeated_start-master_code.obj (.const:i2cConfig)
                  00002ab8    00000010     printf.obj (.const:.string:hex$1)

.cinit     0    00002ac8    00000040     
                  00002ac8    00000017     (.cinit..data.load) [load image, compression = lzss]
                  00002adf    00000001     --HOLE-- [fill = 0]
                  00002ae0    0000000c     (__TI_handler_table)
                  00002aec    00000004     --HOLE-- [fill = 0]
                  00002af0    00000008     (.cinit..bss.load) [load image, compression = zero_init]
                  00002af8    00000010     (__TI_cinit_table)

.init_array 
*          0    00000000    00000000     UNINITIALIZED

.binit     0    00000000    00000000     

.data      0    20000000    0000002c     UNINITIALIZED
                  20000000    00000018     i2c_master_rw_repeated_start-master_code.obj (.data:pwmConfig)
                  20000018    0000000f     i2c_master_rw_repeated_start-master_code.obj (.data)
                  20000027    00000001     --HOLE--
                  20000028    00000004     rtsv7M4_T_le_v4SPD16_eabi.lib : errno.c.obj (.data)

.bss       0    2000002c    00000019     UNINITIALIZED
                  2000002c    0000000c     i2c_master_rw_repeated_start-master_code.obj (.bss:RXData)
                  20000038    00000008     i2c_master_rw_repeated_start-master_code.obj (.bss:s)
                  20000040    00000005     i2c_master_rw_repeated_start-master_code.obj (.bss)

.stack     0    2000fe00    00000200     UNINITIALIZED
                  2000fe00    00000004     rtsv7M4_T_le_v4SPD16_eabi.lib : boot_cortex_m.c.obj (.stack)
                  2000fe04    000001fc     --HOLE--

__llvm_prf_cnts 
*          0    20000000    00000000     UNINITIALIZED

MODULE SUMMARY

       Module                                         code    ro data   rw data
       ------                                         ----    -------   -------
    .\
       i2c_master_rw_repeated_start-master_code.obj   1108    60        128    
       printf.obj                                     598     56        0      
       system_msp432p401r.obj                         120     0         0      
    +--+----------------------------------------------+-------+---------+---------+
       Total:                                         1826    116       128    
                                                                               
    .\ccs\
       startup_msp432p401r_ccs.obj                    14      228       0      
    +--+----------------------------------------------+-------+---------+---------+
       Total:                                         14      228       0      
                                                                               
    C:/ti/simplelink_msp432p4_sdk_3_40_01_02/source/ti/devices/msp432p4xx/driverlib/ccs/msp432p4xx_driverlib.lib
       uart.o                                         408     0         0      
       i2c.o                                          212     0         0      
       gpio.o                                         104     48        0      
    +--+----------------------------------------------+-------+---------+---------+
       Total:                                         724     48        0      
                                                                               
    C:\ti\ccs1000\ccs\tools\compiler\ti-cgt-arm_20.2.0.LTS\lib\rtsv7M4_T_le_v4SPD16_eabi.lib
       _printfi.c.obj                                 4851    0         0      
       fd_add_t2.asm.obj                              438     0         0      
       fd_div_t2.asm.obj                              310     0         0      
       s_scalbn.c.obj                                 272     0         0      
       fd_cmp_t2.asm.obj                              268     0         0      
       ctype.c.obj                                    0       257       0      
       fd_mul_t2.asm.obj                              252     0         0      
       memcpy_t2.asm.obj                              156     0         0      
       ull_div_t2.asm.obj                             150     0         0      
       memset_t2.asm.obj                              122     0         0      
       copy_decompress_lzss.c.obj                     104     0         0      
       s_frexp.c.obj                                  100     0         0      
       _ltoa.c.obj                                    84      0         0      
       atoi.c.obj                                     76      0         0      
       vsprintf.c.obj                                 74      0         0      
       fd_toi_t2.asm.obj                              72      0         0      
       autoinit.c.obj                                 68      0         0      
       fs_tod_t2.asm.obj                              56      0         0      
       boot_cortex_m.c.obj                            52      0         0      
       i_tofd_t2.asm.obj                              46      0         0      
       copy_zero_init.c.obj                           28      0         0      
       memccpy.c.obj                                  28      0         0      
       s_copysign.c.obj                               26      0         0      
       strchr.c.obj                                   22      0         0      
       strlen.c.obj                                   20      0         0      
       wcslen.c.obj                                   18      0         0      
       errno.c.obj                                    8       0         8      
       copy_decompress_none.c.obj                     14      0         0      
       exit.c.obj                                     4       0         0      
       pre_init.c.obj                                 4       0         0      
       div0.asm.obj                                   2       0         0      
    +--+----------------------------------------------+-------+---------+---------+
       Total:                                         7725    257       8      
                                                                               
       Stack:                                         0       0         1024   
       Linker Generated:                              0       59        0      
    +--+----------------------------------------------+-------+---------+---------+
       Grand Total:                                   10289   708       1160   


LINKER GENERATED COPY TABLES

__TI_cinit_table @ 00002af8 records: 2, size/record: 8, table size: 16
	.data: load addr=00002ac8, load size=00000017 bytes, run addr=20000000, run size=0000002c bytes, compression=lzss
	.bss: load addr=00002af0, load size=00000008 bytes, run addr=2000002c, run size=00000019 bytes, compression=zero_init


LINKER GENERATED HANDLER TABLE

__TI_handler_table @ 00002ae0 records: 3, size/record: 4, table size: 12
	index: 0, handler: __TI_decompress_lzss
	index: 1, handler: __TI_decompress_none
	index: 2, handler: __TI_zero_init


GLOBAL SYMBOLS: SORTED ALPHABETICALLY BY Name 

address   name                          
-------   ----                          
00000b33  ADC14_IRQHandler              
00000b33  AES256_IRQHandler             
00000b33  BusFault_Handler              
0000291d  C$$EXIT                       
00000b33  COMP_E0_IRQHandler            
00000b33  COMP_E1_IRQHandler            
00000b33  CS_IRQHandler                 
00000b33  DMA_ERR_IRQHandler            
00000b33  DMA_INT0_IRQHandler           
00000b33  DMA_INT1_IRQHandler           
00000b33  DMA_INT2_IRQHandler           
00000b33  DMA_INT3_IRQHandler           
00000b33  DebugMon_Handler              
00000b33  Default_Handler               
00001c99  EUSCIA0_IRQHandler            
00001c99  EUSCIA0_IRQHandler            
00000b33  EUSCIA1_IRQHandler            
00000b33  EUSCIA2_IRQHandler            
00000b33  EUSCIA3_IRQHandler            
00001479  EUSCIB0_IRQHandler            
00001479  EUSCIB0_IRQHandler            
00000b33  EUSCIB1_IRQHandler            
00000b33  EUSCIB2_IRQHandler            
00000b33  EUSCIB3_IRQHandler            
00000b33  FLCTL_IRQHandler              
00000b33  FPU_IRQHandler                
00002621  GPIO_setAsOutputPin           
0000276d  GPIO_toggleOutputOnPin        
00000b33  HardFault_Handler             
00002249  I2C_masterSendMultiByteFinish 
000022b5  I2C_masterSendMultiByteStart  
00000b33  MemManage_Handler             
00000b33  NMI_Handler                   
00000b33  PCM_IRQHandler                
00000b33  PORT1_IRQHandler              
00000b33  PORT2_IRQHandler              
00000b33  PORT3_IRQHandler              
00000b33  PORT4_IRQHandler              
00000b33  PORT5_IRQHandler              
00000b33  PORT6_IRQHandler              
00000b33  PSS_IRQHandler                
00000b33  PendSV_Handler                
00000b33  RTC_C_IRQHandler              
000028fb  Reset_Handler                 
00000b33  SVC_Handler                   
00000b33  SysTick_Handler               
00002161  SystemInit                    
00000b33  T32_INT1_IRQHandler           
00000b33  T32_INT2_IRQHandler           
00000b33  T32_INTC_IRQHandler           
00000b33  TA0_0_IRQHandler              
00000b33  TA0_N_IRQHandler              
00000b33  TA1_0_IRQHandler              
00000b33  TA1_N_IRQHandler              
00000b33  TA2_0_IRQHandler              
00000b33  TA2_N_IRQHandler              
00000b33  TA3_0_IRQHandler              
00000b33  TA3_N_IRQHandler              
00002385  UART_getEnabledInterruptStatus
0000286f  UART_getInterruptStatus       
00001971  UART_initModule               
00000b33  UsageFault_Handler            
4000480c  WDTCTL_SYM                    
00000b33  WDT_A_IRQHandler              
20010000  __STACK_END                   
00000200  __STACK_SIZE                  
00002af8  __TI_CINIT_Base               
00002b08  __TI_CINIT_Limit              
00002ae0  __TI_Handler_Table_Base       
00002aec  __TI_Handler_Table_Limit      
000025dd  __TI_auto_init_nobinit_nopinit
0000231d  __TI_decompress_lzss          
000028ed  __TI_decompress_none          
000024a3  __TI_ltoa                     
ffffffff  __TI_pprof_out_hndl           
000000e5  __TI_printfi                  
ffffffff  __TI_prof_data_size           
ffffffff  __TI_prof_data_start          
00000000  __TI_static_base__            
00002801  __TI_zero_init_nomemset       
00001f5d  __aeabi_cdcmpeq               
00001f5d  __aeabi_cdcmple               
00001fe3  __aeabi_cdrcmple              
00002595  __aeabi_d2iz                  
00001163  __aeabi_dadd                  
00001715  __aeabi_ddiv                  
00001b9d  __aeabi_dmul                  
00001159  __aeabi_dsub                  
00002911  __aeabi_errno_addr            
0000269f  __aeabi_f2d                   
0000273d  __aeabi_i2d                   
0000130f  __aeabi_idiv0                 
0000130f  __aeabi_ldiv0                 
000020e5  __aeabi_memclr                
000020e5  __aeabi_memclr4               
000020e5  __aeabi_memclr8               
00001e2b  __aeabi_memcpy                
00001e2b  __aeabi_memcpy4               
00001e2b  __aeabi_memcpy8               
000020e7  __aeabi_memset                
000020e7  __aeabi_memset4               
000020e7  __aeabi_memset8               
00001ec7  __aeabi_uldivmod              
ffffffff  __binit__                     
ffffffff  __c_args__                    
UNDEFED   __mpu_init                    
2000fe00  __stack                       
20000000  __start___llvm_prf_cnts       
20000000  __stop___llvm_prf_cnts        
000026d9  _c_int00_noargs               
00002920  _ctypes_                      
UNDEFED   _system_post_cinit            
00002919  _system_pre_init              
0000291d  abort                         
00002549  atoi                          
ffffffff  binit                         
00002855  copysign                      
00002855  copysignl                     
20000028  errno                         
000023e9  frexp                         
000023e9  frexpl                        
00002aa4  i2cConfig                     
00000000  interruptVectors              
00001a8d  ldexp                         
00001a8d  ldexpl                        
00000da5  main                          
0000281d  memccpy                       
00001e2b  memcpy                        
000020ed  memset                        
00001311  printfuart                    
000028c9  putc                          
000027bd  puts                          
20000000  pwmConfig                     
00001a8d  scalbn                        
00001a8d  scalbnl                       
000027e1  sendByte                      
0000289f  strchr                        
000028b5  strlen                        
00002a7c  uartConfig                    
0000270d  vspfunc                       
00002795  vsprintf                      
000028db  wcslen                        


GLOBAL SYMBOLS: SORTED BY Symbol Address 

address   name                          
-------   ----                          
00000000  __TI_static_base__            
00000000  interruptVectors              
000000e5  __TI_printfi                  
00000200  __STACK_SIZE                  
00000b33  ADC14_IRQHandler              
00000b33  AES256_IRQHandler             
00000b33  BusFault_Handler              
00000b33  COMP_E0_IRQHandler            
00000b33  COMP_E1_IRQHandler            
00000b33  CS_IRQHandler                 
00000b33  DMA_ERR_IRQHandler            
00000b33  DMA_INT0_IRQHandler           
00000b33  DMA_INT1_IRQHandler           
00000b33  DMA_INT2_IRQHandler           
00000b33  DMA_INT3_IRQHandler           
00000b33  DebugMon_Handler              
00000b33  Default_Handler               
00000b33  EUSCIA1_IRQHandler            
00000b33  EUSCIA2_IRQHandler            
00000b33  EUSCIA3_IRQHandler            
00000b33  EUSCIB1_IRQHandler            
00000b33  EUSCIB2_IRQHandler            
00000b33  EUSCIB3_IRQHandler            
00000b33  FLCTL_IRQHandler              
00000b33  FPU_IRQHandler                
00000b33  HardFault_Handler             
00000b33  MemManage_Handler             
00000b33  NMI_Handler                   
00000b33  PCM_IRQHandler                
00000b33  PORT1_IRQHandler              
00000b33  PORT2_IRQHandler              
00000b33  PORT3_IRQHandler              
00000b33  PORT4_IRQHandler              
00000b33  PORT5_IRQHandler              
00000b33  PORT6_IRQHandler              
00000b33  PSS_IRQHandler                
00000b33  PendSV_Handler                
00000b33  RTC_C_IRQHandler              
00000b33  SVC_Handler                   
00000b33  SysTick_Handler               
00000b33  T32_INT1_IRQHandler           
00000b33  T32_INT2_IRQHandler           
00000b33  T32_INTC_IRQHandler           
00000b33  TA0_0_IRQHandler              
00000b33  TA0_N_IRQHandler              
00000b33  TA1_0_IRQHandler              
00000b33  TA1_N_IRQHandler              
00000b33  TA2_0_IRQHandler              
00000b33  TA2_N_IRQHandler              
00000b33  TA3_0_IRQHandler              
00000b33  TA3_N_IRQHandler              
00000b33  UsageFault_Handler            
00000b33  WDT_A_IRQHandler              
00000da5  main                          
00001159  __aeabi_dsub                  
00001163  __aeabi_dadd                  
0000130f  __aeabi_idiv0                 
0000130f  __aeabi_ldiv0                 
00001311  printfuart                    
00001479  EUSCIB0_IRQHandler            
00001479  EUSCIB0_IRQHandler            
00001715  __aeabi_ddiv                  
00001971  UART_initModule               
00001a8d  ldexp                         
00001a8d  ldexpl                        
00001a8d  scalbn                        
00001a8d  scalbnl                       
00001b9d  __aeabi_dmul                  
00001c99  EUSCIA0_IRQHandler            
00001c99  EUSCIA0_IRQHandler            
00001e2b  __aeabi_memcpy                
00001e2b  __aeabi_memcpy4               
00001e2b  __aeabi_memcpy8               
00001e2b  memcpy                        
00001ec7  __aeabi_uldivmod              
00001f5d  __aeabi_cdcmpeq               
00001f5d  __aeabi_cdcmple               
00001fe3  __aeabi_cdrcmple              
000020e5  __aeabi_memclr                
000020e5  __aeabi_memclr4               
000020e5  __aeabi_memclr8               
000020e7  __aeabi_memset                
000020e7  __aeabi_memset4               
000020e7  __aeabi_memset8               
000020ed  memset                        
00002161  SystemInit                    
00002249  I2C_masterSendMultiByteFinish 
000022b5  I2C_masterSendMultiByteStart  
0000231d  __TI_decompress_lzss          
00002385  UART_getEnabledInterruptStatus
000023e9  frexp                         
000023e9  frexpl                        
000024a3  __TI_ltoa                     
00002549  atoi                          
00002595  __aeabi_d2iz                  
000025dd  __TI_auto_init_nobinit_nopinit
00002621  GPIO_setAsOutputPin           
0000269f  __aeabi_f2d                   
000026d9  _c_int00_noargs               
0000270d  vspfunc                       
0000273d  __aeabi_i2d                   
0000276d  GPIO_toggleOutputOnPin        
00002795  vsprintf                      
000027bd  puts                          
000027e1  sendByte                      
00002801  __TI_zero_init_nomemset       
0000281d  memccpy                       
00002855  copysign                      
00002855  copysignl                     
0000286f  UART_getInterruptStatus       
0000289f  strchr                        
000028b5  strlen                        
000028c9  putc                          
000028db  wcslen                        
000028ed  __TI_decompress_none          
000028fb  Reset_Handler                 
00002911  __aeabi_errno_addr            
00002919  _system_pre_init              
0000291d  C$$EXIT                       
0000291d  abort                         
00002920  _ctypes_                      
00002a7c  uartConfig                    
00002aa4  i2cConfig                     
00002ae0  __TI_Handler_Table_Base       
00002aec  __TI_Handler_Table_Limit      
00002af8  __TI_CINIT_Base               
00002b08  __TI_CINIT_Limit              
20000000  __start___llvm_prf_cnts       
20000000  __stop___llvm_prf_cnts        
20000000  pwmConfig                     
20000028  errno                         
2000fe00  __stack                       
20010000  __STACK_END                   
4000480c  WDTCTL_SYM                    
ffffffff  __TI_pprof_out_hndl           
ffffffff  __TI_prof_data_size           
ffffffff  __TI_prof_data_start          
ffffffff  __binit__                     
ffffffff  __c_args__                    
ffffffff  binit                         
UNDEFED   __mpu_init                    
UNDEFED   _system_post_cinit            

[142 symbols]
