******************************************************************************
                  TI ARM Linker PC v20.2.0                     
******************************************************************************
>> Linked Fri Apr 24 16:28:04 2020

OUTPUT FILE NAME:   <realTimeArch_trying.out>
ENTRY POINT SYMBOL: "_c_int00_noargs"  address: 00003c85


MEMORY CONFIGURATION

         name            origin    length      used     unused   attr    fill
----------------------  --------  ---------  --------  --------  ----  --------
  MAIN                  00000000   00040000  00004120  0003bee0  R  X
  INFO                  00200000   00004000  00000000  00004000  R  X
  SRAM_CODE             01000000   00010000  000002e9  0000fd17  RW X
  SRAM_DATA             20000000   00010000  000002e9  0000fd17  RW  


SEGMENT ALLOCATION MAP

run origin  load origin   length   init length attrs members
----------  ----------- ---------- ----------- ----- -------
00000000    00000000    00004128   00004128    r-x
  00000000    00000000    000000e4   000000e4    r-- .intvecs
  000000e4    000000e4    00003de8   00003de8    r-x .text
  00003ed0    00003ed0    000001dc   000001dc    r-- .const
  000040b0    000040b0    00000078   00000078    r-- .cinit
20000000    20000000    000000e9   00000000    rw-
  20000000    20000000    000000c8   00000000    rw- .data
  200000c8    200000c8    00000021   00000000    rw- .bss
2000fe00    2000fe00    00000200   00000000    rw-
  2000fe00    2000fe00    00000200   00000000    rw- .stack


SECTION ALLOCATION MAP

 output                                  attributes/
section   page    origin      length       input sections
--------  ----  ----------  ----------   ----------------
.intvecs   0    00000000    000000e4     
                  00000000    000000e4     startup_msp432p401r_ccs.obj (.intvecs:retain)

.text      0    000000e4    00003de8     
                  000000e4    00000a4e     rtsv7M4_T_le_v4SPD16_eabi.lib : _printfi.c.obj (.text:__TI_printfi)
                  00000b32    00000002     startup_msp432p401r_ccs.obj (.text:Default_Handler)
                  00000b34    000009c0     rtsv7M4_T_le_v4SPD16_eabi.lib : e_pow.c.obj (.text:pow)
                  000014f4    00000590     i2c_master_rw_repeated_start-master_code.obj (.text:T32_INT1_IRQHandler)
                  00001a84    000002c8     i2c_master_rw_repeated_start-master_code.obj (.text:main)
                  00001d4c    00000298     calculations.obj (.text:getFlowRate)
                  00001fe4    00000270     rtsv7M4_T_le_v4SPD16_eabi.lib : _printfi.c.obj (.text:_pconv_a)
                  00002254    000001d0                                   : _printfi.c.obj (.text:_pconv_g)
                  00002424    000001b6                                   : fd_add_t2.asm.obj (.text)
                  000025da    00000002                                   : div0.asm.obj (.text)
                  000025dc    00000168     i2c_master_rw_repeated_start-master_code.obj (.text:EUSCIB0_IRQHandler)
                  00002744    00000168     i2c_master_rw_repeated_start-master_code.obj (.text:EUSCIB1_IRQHandler)
                  000028ac    00000168     printf.obj (.text:printfuart)
                  00002a14    00000158     rtsv7M4_T_le_v4SPD16_eabi.lib : e_sqrt.c.obj (.text:sqrt)
                  00002b6c    0000013c                                   : _printfi.c.obj (.text:_pconv_e)
                  00002ca8    00000136                                   : fd_div_t2.asm.obj (.text)
                  00002dde    00000002     --HOLE-- [fill = 0]
                  00002de0    00000124                                   : _printfi.c.obj (.text:fcvt)
                  00002f04    0000011c     msp432p4xx_driverlib.lib : uart.o (.text:UART_initModule)
                  00003020    00000110     rtsv7M4_T_le_v4SPD16_eabi.lib : s_scalbn.c.obj (.text:scalbn)
                  00003130    000000fc                                   : fd_mul_t2.asm.obj (.text)
                  0000322c    000000e0     i2c_master_rw_repeated_start-master_code.obj (.text:EUSCIA0_IRQHandler)
                  0000330c    000000b1     rtsv7M4_T_le_v4SPD16_eabi.lib : _printfi.c.obj (.text:_ltostr)
                  000033bd    00000001     --HOLE-- [fill = 0]
                  000033be    0000009c                                   : memcpy_t2.asm.obj (.text)
                  0000345a    00000096                                   : ull_div_t2.asm.obj (.text)
                  000034f0    00000086                                   : fd_cmp_t2.asm.obj (.text:__aeabi_cdcmple)
                  00003576    00000086                                   : fd_cmp_t2.asm.obj (.text:__aeabi_cdrcmple)
                  000035fc    00000080     calculations.obj (.text:getVolume)
                  0000367c    0000007c     printf.obj (.text:xtoa)
                  000036f8    0000007a     rtsv7M4_T_le_v4SPD16_eabi.lib : memset_t2.asm.obj (.text)
                  00003772    00000002     --HOLE-- [fill = 0]
                  00003774    00000078     system_msp432p401r.obj (.text:SystemInit)
                  000037ec    0000006e     rtsv7M4_T_le_v4SPD16_eabi.lib : _printfi.c.obj (.text:_mcpy)
                  0000385a    0000006e                                   : fd_tos_t2.asm.obj (.text)
                  000038c8    00000068                                   : copy_decompress_lzss.c.obj (.text:decompress:lzss:__TI_decompress_lzss)
                  00003930    00000064     msp432p4xx_driverlib.lib : uart.o (.text:UART_getEnabledInterruptStatus)
                  00003994    00000064     rtsv7M4_T_le_v4SPD16_eabi.lib : s_frexp.c.obj (.text:frexp)
                  000039f8    00000056                                   : _printfi.c.obj (.text:_pconv_f)
                  00003a4e    00000054                                   : _ltoa.c.obj (.text:__TI_ltoa)
                  00003aa2    00000052                                   : _printfi.c.obj (.text:_ecpy)
                  00003af4    0000004c                                   : atoi.c.obj (.text:atoi)
                  00003b40    00000048                                   : fd_toi_t2.asm.obj (.text)
                  00003b88    00000044                                   : autoinit.c.obj (.text:__TI_auto_init_nobinit_nopinit:__TI_auto_init_nobinit_nopinit)
                  00003bcc    00000040     msp432p4xx_driverlib.lib : gpio.o (.text:GPIO_setAsOutputPin)
                  00003c0c    0000003e     rtsv7M4_T_le_v4SPD16_eabi.lib : _printfi.c.obj (.text:_fcpy)
                  00003c4a    00000038                                   : fs_tod_t2.asm.obj (.text)
                  00003c82    00000002     --HOLE-- [fill = 0]
                  00003c84    00000034                                   : boot_cortex_m.c.obj (.text:_c_int00_noargs:_c_int00_noargs)
                  00003cb8    00000030     i2c_master_rw_repeated_start-master_code.obj (.text:vspfunc)
                  00003ce8    0000002e     rtsv7M4_T_le_v4SPD16_eabi.lib : i_tofd_t2.asm.obj (.text)
                  00003d16    00000002     --HOLE-- [fill = 0]
                  00003d18    00000028     msp432p4xx_driverlib.lib : gpio.o (.text:GPIO_toggleOutputOnPin)
                  00003d40    00000028     rtsv7M4_T_le_v4SPD16_eabi.lib : vsprintf.c.obj (.text:vsprintf)
                  00003d68    00000024     printf.obj (.text:puts)
                  00003d8c    00000020     printf.obj (.text:sendByte)
                  00003dac    0000001c     rtsv7M4_T_le_v4SPD16_eabi.lib : copy_zero_init.c.obj (.text:decompress:ZI:__TI_zero_init_nomemset:__TI_zero_init_nomemset)
                  00003dc8    0000001c                                   : memccpy.c.obj (.text:memccpy)
                  00003de4    0000001c     printf.obj (.text:puth)
                  00003e00    0000001a     rtsv7M4_T_le_v4SPD16_eabi.lib : s_copysign.c.obj (.text:copysign)
                  00003e1a    00000018     msp432p4xx_driverlib.lib : uart.o (.text:UART_getInterruptStatus)
                  00003e32    00000018     rtsv7M4_T_le_v4SPD16_eabi.lib : vsprintf.c.obj (.text:_outs)
                  00003e4a    00000016                                   : strchr.c.obj (.text:strchr)
                  00003e60    00000014                                   : strlen.c.obj (.text:strlen)
                  00003e74    00000012     printf.obj (.text:putc)
                  00003e86    00000012     rtsv7M4_T_le_v4SPD16_eabi.lib : wcslen.c.obj (.text:wcslen)
                  00003e98    0000000e                                   : copy_decompress_none.c.obj (.text:decompress:none:__TI_decompress_none)
                  00003ea6    0000000c     startup_msp432p401r_ccs.obj (.text:Reset_Handler)
                  00003eb2    0000000a     rtsv7M4_T_le_v4SPD16_eabi.lib : vsprintf.c.obj (.text:_outc)
                  00003ebc    00000008                                   : errno.c.obj (.text:__aeabi_errno_addr)
                  00003ec4    00000004                                   : pre_init.c.obj (.text:_system_pre_init)
                  00003ec8    00000004                                   : exit.c.obj (.text:abort:abort)

.const     0    00003ed0    000001dc     
                  00003ed0    00000101     rtsv7M4_T_le_v4SPD16_eabi.lib : ctype.c.obj (.const:.string:_ctypes_)
                  00003fd1    00000007     --HOLE-- [fill = 0]
                  00003fd8    00000030                                   : e_pow.c.obj (.const:$O1$$)
                  00004008    00000030     msp432p4xx_driverlib.lib : gpio.o (.const:GPIO_PORT_TO_BASE)
                  00004038    00000028     printf.obj (.const:dv)
                  00004060    00000028     i2c_master_rw_repeated_start-master_code.obj (.const:uartConfig)
                  00004088    00000014     i2c_master_rw_repeated_start-master_code.obj (.const:i2cConfig)
                  0000409c    00000010     printf.obj (.const:.string:hex$1)

.cinit     0    000040b0    00000078     
                  000040b0    0000004d     (.cinit..data.load) [load image, compression = lzss]
                  000040fd    00000003     --HOLE-- [fill = 0]
                  00004100    0000000c     (__TI_handler_table)
                  0000410c    00000004     --HOLE-- [fill = 0]
                  00004110    00000008     (.cinit..bss.load) [load image, compression = zero_init]
                  00004118    00000010     (__TI_cinit_table)

.init_array 
*          0    00000000    00000000     UNINITIALIZED

.binit     0    00000000    00000000     

.data      0    20000000    000000c8     UNINITIALIZED
                  20000000    000000a9     i2c_master_rw_repeated_start-master_code.obj (.data)
                  200000a9    00000003     --HOLE--
                  200000ac    00000018     i2c_master_rw_repeated_start-master_code.obj (.data:pwmConfig)
                  200000c4    00000004     rtsv7M4_T_le_v4SPD16_eabi.lib : errno.c.obj (.data)

.bss       0    200000c8    00000021     UNINITIALIZED
                  200000c8    00000009     i2c_master_rw_repeated_start-master_code.obj (.bss)
                  200000d1    00000008     i2c_master_rw_repeated_start-master_code.obj (.bss:RXData0)
                  200000d9    00000008     i2c_master_rw_repeated_start-master_code.obj (.bss:RXData1)
                  200000e1    00000008     i2c_master_rw_repeated_start-master_code.obj (.bss:s)

.stack     0    2000fe00    00000200     UNINITIALIZED
                  2000fe00    00000004     rtsv7M4_T_le_v4SPD16_eabi.lib : boot_cortex_m.c.obj (.stack)
                  2000fe04    000001fc     --HOLE--

__llvm_prf_cnts 
*          0    20000000    00000000     UNINITIALIZED

MODULE SUMMARY

       Module                                         code    ro data   rw data
       ------                                         ----    -------   -------
    .\
       i2c_master_rw_repeated_start-master_code.obj   3128    60        452    
       calculations.obj                               792     0         0      
       printf.obj                                     598     56        0      
       system_msp432p401r.obj                         120     0         0      
    +--+----------------------------------------------+-------+---------+---------+
       Total:                                         4638    116       452    
                                                                               
    .\ccs\
       startup_msp432p401r_ccs.obj                    14      228       0      
    +--+----------------------------------------------+-------+---------+---------+
       Total:                                         14      228       0      
                                                                               
    C:/ti/simplelink_msp432p4_sdk_3_40_01_02/source/ti/devices/msp432p4xx/driverlib/ccs/msp432p4xx_driverlib.lib
       uart.o                                         408     0         0      
       gpio.o                                         104     48        0      
    +--+----------------------------------------------+-------+---------+---------+
       Total:                                         512     48        0      
                                                                               
    C:\ti\ccs1000\ccs\tools\compiler\ti-cgt-arm_20.2.0.LTS\lib\rtsv7M4_T_le_v4SPD16_eabi.lib
       _printfi.c.obj                                 4851    0         0      
       e_pow.c.obj                                    2496    48        0      
       fd_add_t2.asm.obj                              438     0         0      
       e_sqrt.c.obj                                   344     0         0      
       fd_div_t2.asm.obj                              310     0         0      
       s_scalbn.c.obj                                 272     0         0      
       fd_cmp_t2.asm.obj                              268     0         0      
       ctype.c.obj                                    0       257       0      
       fd_mul_t2.asm.obj                              252     0         0      
       memcpy_t2.asm.obj                              156     0         0      
       ull_div_t2.asm.obj                             150     0         0      
       memset_t2.asm.obj                              122     0         0      
       fd_tos_t2.asm.obj                              110     0         0      
       copy_decompress_lzss.c.obj                     104     0         0      
       s_frexp.c.obj                                  100     0         0      
       _ltoa.c.obj                                    84      0         0      
       atoi.c.obj                                     76      0         0      
       vsprintf.c.obj                                 74      0         0      
       fd_toi_t2.asm.obj                              72      0         0      
       autoinit.c.obj                                 68      0         0      
       fs_tod_t2.asm.obj                              56      0         0      
       boot_cortex_m.c.obj                            52      0         0      
       i_tofd_t2.asm.obj                              46      0         0      
       copy_zero_init.c.obj                           28      0         0      
       memccpy.c.obj                                  28      0         0      
       s_copysign.c.obj                               26      0         0      
       strchr.c.obj                                   22      0         0      
       strlen.c.obj                                   20      0         0      
       wcslen.c.obj                                   18      0         0      
       errno.c.obj                                    8       0         8      
       copy_decompress_none.c.obj                     14      0         0      
       exit.c.obj                                     4       0         0      
       pre_init.c.obj                                 4       0         0      
       div0.asm.obj                                   2       0         0      
    +--+----------------------------------------------+-------+---------+---------+
       Total:                                         10675   305       8      
                                                                               
       Stack:                                         0       0         1024   
       Linker Generated:                              0       113       0      
    +--+----------------------------------------------+-------+---------+---------+
       Grand Total:                                   15839   810       1484   


LINKER GENERATED COPY TABLES

__TI_cinit_table @ 00004118 records: 2, size/record: 8, table size: 16
	.data: load addr=000040b0, load size=0000004d bytes, run addr=20000000, run size=000000c8 bytes, compression=lzss
	.bss: load addr=00004110, load size=00000008 bytes, run addr=200000c8, run size=00000021 bytes, compression=zero_init


LINKER GENERATED HANDLER TABLE

__TI_handler_table @ 00004100 records: 3, size/record: 4, table size: 12
	index: 0, handler: __TI_decompress_lzss
	index: 1, handler: __TI_decompress_none
	index: 2, handler: __TI_zero_init


GLOBAL SYMBOLS: SORTED ALPHABETICALLY BY Name 

address   name                          
-------   ----                          
00000b33  ADC14_IRQHandler              
00000b33  AES256_IRQHandler             
00000b33  BusFault_Handler              
00003ec9  C$$EXIT                       
00000b33  COMP_E0_IRQHandler            
00000b33  COMP_E1_IRQHandler            
00000b33  CS_IRQHandler                 
00000b33  DMA_ERR_IRQHandler            
00000b33  DMA_INT0_IRQHandler           
00000b33  DMA_INT1_IRQHandler           
00000b33  DMA_INT2_IRQHandler           
00000b33  DMA_INT3_IRQHandler           
00000b33  DebugMon_Handler              
00000b33  Default_Handler               
0000322d  EUSCIA0_IRQHandler            
0000322d  EUSCIA0_IRQHandler            
00000b33  EUSCIA1_IRQHandler            
00000b33  EUSCIA2_IRQHandler            
00000b33  EUSCIA3_IRQHandler            
000025dd  EUSCIB0_IRQHandler            
000025dd  EUSCIB0_IRQHandler            
00002745  EUSCIB1_IRQHandler            
00002745  EUSCIB1_IRQHandler            
00000b33  EUSCIB2_IRQHandler            
00000b33  EUSCIB3_IRQHandler            
00000b33  FLCTL_IRQHandler              
00000b33  FPU_IRQHandler                
00003bcd  GPIO_setAsOutputPin           
00003d19  GPIO_toggleOutputOnPin        
00000b33  HardFault_Handler             
00000b33  MemManage_Handler             
00000b33  NMI_Handler                   
20000094  N_CO2_ex                      
20000084  N_CO2_in                      
2000009c  N_H2O_ex                      
2000008c  N_H2O_in                      
20000090  N_N2_ex                       
20000080  N_N2_in                       
20000098  N_O2_ex                       
20000088  N_O2_in                       
00000b33  PCM_IRQHandler                
00000b33  PORT1_IRQHandler              
00000b33  PORT2_IRQHandler              
00000b33  PORT3_IRQHandler              
00000b33  PORT4_IRQHandler              
00000b33  PORT5_IRQHandler              
00000b33  PORT6_IRQHandler              
00000b33  PSS_IRQHandler                
00000b33  PendSV_Handler                
00000b33  RTC_C_IRQHandler              
00003ea7  Reset_Handler                 
00000b33  SVC_Handler                   
00000b33  SysTick_Handler               
00003775  SystemInit                    
000014f5  T32_INT1_IRQHandler           
000014f5  T32_INT1_IRQHandler           
00000b33  T32_INT2_IRQHandler           
00000b33  T32_INTC_IRQHandler           
00000b33  TA0_0_IRQHandler              
00000b33  TA0_N_IRQHandler              
00000b33  TA1_0_IRQHandler              
00000b33  TA1_N_IRQHandler              
00000b33  TA2_0_IRQHandler              
00000b33  TA2_N_IRQHandler              
00000b33  TA3_0_IRQHandler              
00000b33  TA3_N_IRQHandler              
200000a4  T_air_ex                      
200000a0  T_air_in                      
00003931  UART_getEnabledInterruptStatus
00003e1b  UART_getInterruptStatus       
00002f05  UART_initModule               
00000b33  UsageFault_Handler            
4000480c  WDTCTL_SYM                    
00000b33  WDT_A_IRQHandler              
20010000  __STACK_END                   
00000200  __STACK_SIZE                  
00004118  __TI_CINIT_Base               
00004128  __TI_CINIT_Limit              
00004100  __TI_Handler_Table_Base       
0000410c  __TI_Handler_Table_Limit      
00003b89  __TI_auto_init_nobinit_nopinit
000038c9  __TI_decompress_lzss          
00003e99  __TI_decompress_none          
00003a4f  __TI_ltoa                     
ffffffff  __TI_pprof_out_hndl           
000000e5  __TI_printfi                  
ffffffff  __TI_prof_data_size           
ffffffff  __TI_prof_data_start          
00000000  __TI_static_base__            
00003dad  __TI_zero_init_nomemset       
000034f1  __aeabi_cdcmpeq               
000034f1  __aeabi_cdcmple               
00003577  __aeabi_cdrcmple              
0000385b  __aeabi_d2f                   
00003b41  __aeabi_d2iz                  
0000242f  __aeabi_dadd                  
00002ca9  __aeabi_ddiv                  
00003131  __aeabi_dmul                  
00002425  __aeabi_dsub                  
00003ebd  __aeabi_errno_addr            
00003c4b  __aeabi_f2d                   
00003ce9  __aeabi_i2d                   
000025db  __aeabi_idiv0                 
000025db  __aeabi_ldiv0                 
000036f9  __aeabi_memclr                
000036f9  __aeabi_memclr4               
000036f9  __aeabi_memclr8               
000033bf  __aeabi_memcpy                
000033bf  __aeabi_memcpy4               
000033bf  __aeabi_memcpy8               
000036fb  __aeabi_memset                
000036fb  __aeabi_memset4               
000036fb  __aeabi_memset8               
0000345b  __aeabi_uldivmod              
ffffffff  __binit__                     
ffffffff  __c_args__                    
UNDEFED   __mpu_init                    
2000fe00  __stack                       
20000000  __start___llvm_prf_cnts       
20000000  __stop___llvm_prf_cnts        
00003c85  _c_int00_noargs               
00003ed0  _ctypes_                      
UNDEFED   _system_post_cinit            
00003ec5  _system_pre_init              
00003ec9  abort                         
00003af5  atoi                          
ffffffff  binit                         
00003e01  copysign                      
00003e01  copysignl                     
2000004c  dataCount                     
200000c4  errno                         
20000050  exportFlowFlag                
2000007c  frequency                     
00003995  frexp                         
00003995  frexpl                        
00001d4d  getFlowRate                   
000035fd  getVolume                     
00004088  i2cConfig                     
00000000  interruptVectors              
00003021  ldexp                         
00003021  ldexpl                        
00001a85  main                          
00003dc9  memccpy                       
000033bf  memcpy                        
00003701  memset                        
2000005d  newExp                        
20000068  offset                        
20000064  p_maxEx                       
20000060  p_maxIn                       
20000048  p_pastEx                      
20000044  p_pastIn                      
20000058  p_pastpastEx                  
20000054  p_pastpastIn                  
2000005c  pastState                     
00000b35  pow                           
00000b35  powl                          
000028ad  printfuart                    
00003e75  putc                          
00003d69  puts                          
200000ac  pwmConfig                     
20000040  q_v_ex                        
2000003c  q_v_in                        
00003021  scalbn                        
00003021  scalbnl                       
00003d8d  sendByte                      
00002a15  sqrt                          
00002a15  sqrtl                         
200000a8  state                         
00003e4b  strchr                        
00003e61  strlen                        
00004060  uartConfig                    
20000070  volFlowrateExhale             
2000006c  volFlowrateInhale             
20000078  volumeExhale                  
20000074  volumeInhale                  
00003cb9  vspfunc                       
00003d41  vsprintf                      
00003e87  wcslen                        


GLOBAL SYMBOLS: SORTED BY Symbol Address 

address   name                          
-------   ----                          
00000000  __TI_static_base__            
00000000  interruptVectors              
000000e5  __TI_printfi                  
00000200  __STACK_SIZE                  
00000b33  ADC14_IRQHandler              
00000b33  AES256_IRQHandler             
00000b33  BusFault_Handler              
00000b33  COMP_E0_IRQHandler            
00000b33  COMP_E1_IRQHandler            
00000b33  CS_IRQHandler                 
00000b33  DMA_ERR_IRQHandler            
00000b33  DMA_INT0_IRQHandler           
00000b33  DMA_INT1_IRQHandler           
00000b33  DMA_INT2_IRQHandler           
00000b33  DMA_INT3_IRQHandler           
00000b33  DebugMon_Handler              
00000b33  Default_Handler               
00000b33  EUSCIA1_IRQHandler            
00000b33  EUSCIA2_IRQHandler            
00000b33  EUSCIA3_IRQHandler            
00000b33  EUSCIB2_IRQHandler            
00000b33  EUSCIB3_IRQHandler            
00000b33  FLCTL_IRQHandler              
00000b33  FPU_IRQHandler                
00000b33  HardFault_Handler             
00000b33  MemManage_Handler             
00000b33  NMI_Handler                   
00000b33  PCM_IRQHandler                
00000b33  PORT1_IRQHandler              
00000b33  PORT2_IRQHandler              
00000b33  PORT3_IRQHandler              
00000b33  PORT4_IRQHandler              
00000b33  PORT5_IRQHandler              
00000b33  PORT6_IRQHandler              
00000b33  PSS_IRQHandler                
00000b33  PendSV_Handler                
00000b33  RTC_C_IRQHandler              
00000b33  SVC_Handler                   
00000b33  SysTick_Handler               
00000b33  T32_INT2_IRQHandler           
00000b33  T32_INTC_IRQHandler           
00000b33  TA0_0_IRQHandler              
00000b33  TA0_N_IRQHandler              
00000b33  TA1_0_IRQHandler              
00000b33  TA1_N_IRQHandler              
00000b33  TA2_0_IRQHandler              
00000b33  TA2_N_IRQHandler              
00000b33  TA3_0_IRQHandler              
00000b33  TA3_N_IRQHandler              
00000b33  UsageFault_Handler            
00000b33  WDT_A_IRQHandler              
00000b35  pow                           
00000b35  powl                          
000014f5  T32_INT1_IRQHandler           
000014f5  T32_INT1_IRQHandler           
00001a85  main                          
00001d4d  getFlowRate                   
00002425  __aeabi_dsub                  
0000242f  __aeabi_dadd                  
000025db  __aeabi_idiv0                 
000025db  __aeabi_ldiv0                 
000025dd  EUSCIB0_IRQHandler            
000025dd  EUSCIB0_IRQHandler            
00002745  EUSCIB1_IRQHandler            
00002745  EUSCIB1_IRQHandler            
000028ad  printfuart                    
00002a15  sqrt                          
00002a15  sqrtl                         
00002ca9  __aeabi_ddiv                  
00002f05  UART_initModule               
00003021  ldexp                         
00003021  ldexpl                        
00003021  scalbn                        
00003021  scalbnl                       
00003131  __aeabi_dmul                  
0000322d  EUSCIA0_IRQHandler            
0000322d  EUSCIA0_IRQHandler            
000033bf  __aeabi_memcpy                
000033bf  __aeabi_memcpy4               
000033bf  __aeabi_memcpy8               
000033bf  memcpy                        
0000345b  __aeabi_uldivmod              
000034f1  __aeabi_cdcmpeq               
000034f1  __aeabi_cdcmple               
00003577  __aeabi_cdrcmple              
000035fd  getVolume                     
000036f9  __aeabi_memclr                
000036f9  __aeabi_memclr4               
000036f9  __aeabi_memclr8               
000036fb  __aeabi_memset                
000036fb  __aeabi_memset4               
000036fb  __aeabi_memset8               
00003701  memset                        
00003775  SystemInit                    
0000385b  __aeabi_d2f                   
000038c9  __TI_decompress_lzss          
00003931  UART_getEnabledInterruptStatus
00003995  frexp                         
00003995  frexpl                        
00003a4f  __TI_ltoa                     
00003af5  atoi                          
00003b41  __aeabi_d2iz                  
00003b89  __TI_auto_init_nobinit_nopinit
00003bcd  GPIO_setAsOutputPin           
00003c4b  __aeabi_f2d                   
00003c85  _c_int00_noargs               
00003cb9  vspfunc                       
00003ce9  __aeabi_i2d                   
00003d19  GPIO_toggleOutputOnPin        
00003d41  vsprintf                      
00003d69  puts                          
00003d8d  sendByte                      
00003dad  __TI_zero_init_nomemset       
00003dc9  memccpy                       
00003e01  copysign                      
00003e01  copysignl                     
00003e1b  UART_getInterruptStatus       
00003e4b  strchr                        
00003e61  strlen                        
00003e75  putc                          
00003e87  wcslen                        
00003e99  __TI_decompress_none          
00003ea7  Reset_Handler                 
00003ebd  __aeabi_errno_addr            
00003ec5  _system_pre_init              
00003ec9  C$$EXIT                       
00003ec9  abort                         
00003ed0  _ctypes_                      
00004060  uartConfig                    
00004088  i2cConfig                     
00004100  __TI_Handler_Table_Base       
0000410c  __TI_Handler_Table_Limit      
00004118  __TI_CINIT_Base               
00004128  __TI_CINIT_Limit              
20000000  __start___llvm_prf_cnts       
20000000  __stop___llvm_prf_cnts        
2000003c  q_v_in                        
20000040  q_v_ex                        
20000044  p_pastIn                      
20000048  p_pastEx                      
2000004c  dataCount                     
20000050  exportFlowFlag                
20000054  p_pastpastIn                  
20000058  p_pastpastEx                  
2000005c  pastState                     
2000005d  newExp                        
20000060  p_maxIn                       
20000064  p_maxEx                       
20000068  offset                        
2000006c  volFlowrateInhale             
20000070  volFlowrateExhale             
20000074  volumeInhale                  
20000078  volumeExhale                  
2000007c  frequency                     
20000080  N_N2_in                       
20000084  N_CO2_in                      
20000088  N_O2_in                       
2000008c  N_H2O_in                      
20000090  N_N2_ex                       
20000094  N_CO2_ex                      
20000098  N_O2_ex                       
2000009c  N_H2O_ex                      
200000a0  T_air_in                      
200000a4  T_air_ex                      
200000a8  state                         
200000ac  pwmConfig                     
200000c4  errno                         
2000fe00  __stack                       
20010000  __STACK_END                   
4000480c  WDTCTL_SYM                    
ffffffff  __TI_pprof_out_hndl           
ffffffff  __TI_prof_data_size           
ffffffff  __TI_prof_data_start          
ffffffff  __binit__                     
ffffffff  __c_args__                    
ffffffff  binit                         
UNDEFED   __mpu_init                    
UNDEFED   _system_post_cinit            

[178 symbols]
